Archive member included to satisfy reference by file (symbol)

c:/st/stm32cubeide_1.12.1/stm32cubeide/plugins/com.st.stm32cube.ide.mcu.externaltools.gnu-tools-for-stm32.10.3-2021.10.win32_1.0.200.202301161003/tools/bin/../lib/gcc/arm-none-eabi/10.3.1/../../../../arm-none-eabi/lib/thumb/v7e-m+fp/hard\libc_nano.a(lib_a-errno.o)
                              ./Core/Src/syscalls.o (__errno)
c:/st/stm32cubeide_1.12.1/stm32cubeide/plugins/com.st.stm32cube.ide.mcu.externaltools.gnu-tools-for-stm32.10.3-2021.10.win32_1.0.200.202301161003/tools/bin/../lib/gcc/arm-none-eabi/10.3.1/../../../../arm-none-eabi/lib/thumb/v7e-m+fp/hard\libc_nano.a(lib_a-exit.o)
                              c:/st/stm32cubeide_1.12.1/stm32cubeide/plugins/com.st.stm32cube.ide.mcu.externaltools.gnu-tools-for-stm32.10.3-2021.10.win32_1.0.200.202301161003/tools/bin/../lib/gcc/arm-none-eabi/10.3.1/../../../../arm-none-eabi/lib/thumb/v7e-m+fp/hard/crt0.o (exit)
c:/st/stm32cubeide_1.12.1/stm32cubeide/plugins/com.st.stm32cube.ide.mcu.externaltools.gnu-tools-for-stm32.10.3-2021.10.win32_1.0.200.202301161003/tools/bin/../lib/gcc/arm-none-eabi/10.3.1/../../../../arm-none-eabi/lib/thumb/v7e-m+fp/hard\libc_nano.a(lib_a-impure.o)
                              c:/st/stm32cubeide_1.12.1/stm32cubeide/plugins/com.st.stm32cube.ide.mcu.externaltools.gnu-tools-for-stm32.10.3-2021.10.win32_1.0.200.202301161003/tools/bin/../lib/gcc/arm-none-eabi/10.3.1/../../../../arm-none-eabi/lib/thumb/v7e-m+fp/hard\libc_nano.a(lib_a-exit.o) (_global_impure_ptr)
c:/st/stm32cubeide_1.12.1/stm32cubeide/plugins/com.st.stm32cube.ide.mcu.externaltools.gnu-tools-for-stm32.10.3-2021.10.win32_1.0.200.202301161003/tools/bin/../lib/gcc/arm-none-eabi/10.3.1/../../../../arm-none-eabi/lib/thumb/v7e-m+fp/hard\libc_nano.a(lib_a-init.o)
                              c:/st/stm32cubeide_1.12.1/stm32cubeide/plugins/com.st.stm32cube.ide.mcu.externaltools.gnu-tools-for-stm32.10.3-2021.10.win32_1.0.200.202301161003/tools/bin/../lib/gcc/arm-none-eabi/10.3.1/../../../../arm-none-eabi/lib/thumb/v7e-m+fp/hard/crt0.o (__libc_init_array)
c:/st/stm32cubeide_1.12.1/stm32cubeide/plugins/com.st.stm32cube.ide.mcu.externaltools.gnu-tools-for-stm32.10.3-2021.10.win32_1.0.200.202301161003/tools/bin/../lib/gcc/arm-none-eabi/10.3.1/../../../../arm-none-eabi/lib/thumb/v7e-m+fp/hard\libc_nano.a(lib_a-memcpy-stub.o)
                              ./Core/Src/main.o (memcpy)
c:/st/stm32cubeide_1.12.1/stm32cubeide/plugins/com.st.stm32cube.ide.mcu.externaltools.gnu-tools-for-stm32.10.3-2021.10.win32_1.0.200.202301161003/tools/bin/../lib/gcc/arm-none-eabi/10.3.1/../../../../arm-none-eabi/lib/thumb/v7e-m+fp/hard\libc_nano.a(lib_a-memset.o)
                              c:/st/stm32cubeide_1.12.1/stm32cubeide/plugins/com.st.stm32cube.ide.mcu.externaltools.gnu-tools-for-stm32.10.3-2021.10.win32_1.0.200.202301161003/tools/bin/../lib/gcc/arm-none-eabi/10.3.1/../../../../arm-none-eabi/lib/thumb/v7e-m+fp/hard/crt0.o (memset)
c:/st/stm32cubeide_1.12.1/stm32cubeide/plugins/com.st.stm32cube.ide.mcu.externaltools.gnu-tools-for-stm32.10.3-2021.10.win32_1.0.200.202301161003/tools/bin/../lib/gcc/arm-none-eabi/10.3.1/../../../../arm-none-eabi/lib/thumb/v7e-m+fp/hard\libc_nano.a(lib_a-nano-vfscanf_float.o)
                              (_scanf_float)
c:/st/stm32cubeide_1.12.1/stm32cubeide/plugins/com.st.stm32cube.ide.mcu.externaltools.gnu-tools-for-stm32.10.3-2021.10.win32_1.0.200.202301161003/tools/bin/../lib/gcc/arm-none-eabi/10.3.1/../../../../arm-none-eabi/lib/thumb/v7e-m+fp/hard\libc_nano.a(lib_a-sf_nan.o)
                              c:/st/stm32cubeide_1.12.1/stm32cubeide/plugins/com.st.stm32cube.ide.mcu.externaltools.gnu-tools-for-stm32.10.3-2021.10.win32_1.0.200.202301161003/tools/bin/../lib/gcc/arm-none-eabi/10.3.1/../../../../arm-none-eabi/lib/thumb/v7e-m+fp/hard\libc_nano.a(lib_a-nano-vfscanf_float.o) (nanf)
c:/st/stm32cubeide_1.12.1/stm32cubeide/plugins/com.st.stm32cube.ide.mcu.externaltools.gnu-tools-for-stm32.10.3-2021.10.win32_1.0.200.202301161003/tools/bin/../lib/gcc/arm-none-eabi/10.3.1/../../../../arm-none-eabi/lib/thumb/v7e-m+fp/hard\libc_nano.a(lib_a-snprintf.o)
                              ./Application/imu.o (snprintf)
c:/st/stm32cubeide_1.12.1/stm32cubeide/plugins/com.st.stm32cube.ide.mcu.externaltools.gnu-tools-for-stm32.10.3-2021.10.win32_1.0.200.202301161003/tools/bin/../lib/gcc/arm-none-eabi/10.3.1/../../../../arm-none-eabi/lib/thumb/v7e-m+fp/hard\libc_nano.a(lib_a-sprintf.o)
                              c:/st/stm32cubeide_1.12.1/stm32cubeide/plugins/com.st.stm32cube.ide.mcu.externaltools.gnu-tools-for-stm32.10.3-2021.10.win32_1.0.200.202301161003/tools/bin/../lib/gcc/arm-none-eabi/10.3.1/../../../../arm-none-eabi/lib/thumb/v7e-m+fp/hard\libc_nano.a(lib_a-nano-vfscanf_float.o) (sprintf)
[...]
Memory Configuration

Name             Origin             Length             Attributes
RAM              0x0000000020000000 0x0000000000018000 xrw
RAM2             0x0000000010000000 0x0000000000008000 xrw
FLASH            0x0000000008000000 0x0000000000100000 xr
*default*        0x0000000000000000 0xffffffffffffffff

Linker script and memory map

LOAD c:/st/stm32cubeide_1.12.1/stm32cubeide/plugins/com.st.stm32cube.ide.mcu.externaltools.gnu-tools-for-stm32.10.3-2021.10.win32_1.0.200.202301161003/tools/bin/../lib/gcc/arm-none-eabi/10.3.1/thumb/v7e-m+fp/hard/crti.o
LOAD c:/st/stm32cubeide_1.12.1/stm32cubeide/plugins/com.st.stm32cube.ide.mcu.externaltools.gnu-tools-for-stm32.10.3-2021.10.win32_1.0.200.202301161003/tools/bin/../lib/gcc/arm-none-eabi/10.3.1/thumb/v7e-m+fp/hard/crtbegin.o
LOAD c:/st/stm32cubeide_1.12.1/stm32cubeide/plugins/com.st.stm32cube.ide.mcu.externaltools.gnu-tools-for-stm32.10.3-2021.10.win32_1.0.200.202301161003/tools/bin/../lib/gcc/arm-none-eabi/10.3.1/../../../../arm-none-eabi/lib/thumb/v7e-m+fp/hard/crt0.o
LOAD ./Application/globalvar.o
LOAD ./Application/imu.o
LOAD ./Application/scheduler.o
LOAD ./Application/trames_nmea.o
LOAD ./Core/Src/freertos.o
LOAD ./Core/Src/main.o
LOAD ./Core/Src/stm32l4xx_hal_msp.o
LOAD ./Core/Src/stm32l4xx_it.o
LOAD ./Core/Src/stm32l4xx_nucleo_bus.o
LOAD ./Core/Src/syscalls.o
LOAD ./Core/Src/sysmem.o
LOAD ./Core/Src/system_stm32l4xx.o
LOAD ./Core/Startup/startup_stm32l476rgtx.o
LOAD ./Drivers/BSP/Components/hts221/hts221.o
LOAD ./Drivers/BSP/Components/hts221/hts221_reg.o
LOAD ./Drivers/BSP/Components/lps22hb/lps22hb.o
LOAD ./Drivers/BSP/Components/lps22hb/lps22hb_reg.o
LOAD ./Drivers/BSP/Components/lsm303agr/lsm303agr.o
LOAD ./Drivers/BSP/Components/lsm303agr/lsm303agr_reg.o
LOAD ./Drivers/BSP/Components/lsm6dsl/lsm6dsl.o
LOAD ./Drivers/BSP/Components/lsm6dsl/lsm6dsl_reg.o
LOAD ./Drivers/STM32L4xx_HAL_Driver/Src/stm32l4xx_hal.o
LOAD ./Drivers/STM32L4xx_HAL_Driver/Src/stm32l4xx_hal_adc.o
LOAD ./Drivers/STM32L4xx_HAL_Driver/Src/stm32l4xx_hal_adc_ex.o
LOAD ./Drivers/STM32L4xx_HAL_Driver/Src/stm32l4xx_hal_can.o
LOAD ./Drivers/STM32L4xx_HAL_Driver/Src/stm32l4xx_hal_cortex.o
LOAD ./Drivers/STM32L4xx_HAL_Driver/Src/stm32l4xx_hal_dma.o
LOAD ./Drivers/STM32L4xx_HAL_Driver/Src/stm32l4xx_hal_dma_ex.o
LOAD ./Drivers/STM32L4xx_HAL_Driver/Src/stm32l4xx_hal_exti.o
LOAD ./Drivers/STM32L4xx_HAL_Driver/Src/stm32l4xx_hal_flash.o
LOAD ./Drivers/STM32L4xx_HAL_Driver/Src/stm32l4xx_hal_flash_ex.o
LOAD ./Drivers/STM32L4xx_HAL_Driver/Src/stm32l4xx_hal_flash_ramfunc.o
LOAD ./Drivers/STM32L4xx_HAL_Driver/Src/stm32l4xx_hal_gpio.o
LOAD ./Drivers/STM32L4xx_HAL_Driver/Src/stm32l4xx_hal_i2c.o
LOAD ./Drivers/STM32L4xx_HAL_Driver/Src/stm32l4xx_hal_i2c_ex.o
LOAD ./Drivers/STM32L4xx_HAL_Driver/Src/stm32l4xx_hal_pwr.o
LOAD ./Drivers/STM32L4xx_HAL_Driver/Src/stm32l4xx_hal_pwr_ex.o
LOAD ./Drivers/STM32L4xx_HAL_Driver/Src/stm32l4xx_hal_rcc.o
LOAD ./Drivers/STM32L4xx_HAL_Driver/Src/stm32l4xx_hal_rcc_ex.o
LOAD ./Drivers/STM32L4xx_HAL_Driver/Src/stm32l4xx_hal_tim.o
LOAD ./Drivers/STM32L4xx_HAL_Driver/Src/stm32l4xx_hal_tim_ex.o
LOAD ./Drivers/STM32L4xx_HAL_Driver/Src/stm32l4xx_hal_uart.o
LOAD ./Drivers/STM32L4xx_HAL_Driver/Src/stm32l4xx_hal_uart_ex.o
LOAD ./Middlewares/Third_Party/FreeRTOS/Source/CMSIS_RTOS/cmsis_os.o
LOAD ./Middlewares/Third_Party/FreeRTOS/Source/croutine.o
LOAD ./Middlewares/Third_Party/FreeRTOS/Source/event_groups.o
LOAD ./Middlewares/Third_Party/FreeRTOS/Source/list.o
LOAD ./Middlewares/Third_Party/FreeRTOS/Source/queue.o
LOAD ./Middlewares/Third_Party/FreeRTOS/Source/stream_buffer.o
LOAD ./Middlewares/Third_Party/FreeRTOS/Source/tasks.o
LOAD ./Middlewares/Third_Party/FreeRTOS/Source/timers.o
LOAD ./Middlewares/Third_Party/FreeRTOS/Source/portable/GCC/ARM_CM4F/port.o
LOAD ./Middlewares/Third_Party/FreeRTOS/Source/portable/MemMang/heap_4.o
START GROUP
LOAD c:/st/stm32cubeide_1.12.1/stm32cubeide/plugins/com.st.stm32cube.ide.mcu.externaltools.gnu-tools-for-stm32.10.3-2021.10.win32_1.0.200.202301161003/tools/bin/../lib/gcc/arm-none-eabi/10.3.1/../../../../arm-none-eabi/lib/thumb/v7e-m+fp/hard\libc_nano.a
LOAD c:/st/stm32cubeide_1.12.1/stm32cubeide/plugins/com.st.stm32cube.ide.mcu.externaltools.gnu-tools-for-stm32.10.3-2021.10.win32_1.0.200.202301161003/tools/bin/../lib/gcc/arm-none-eabi/10.3.1/../../../../arm-none-eabi/lib/thumb/v7e-m+fp/hard\libm.a
END GROUP
START GROUP
LOAD c:/st/stm32cubeide_1.12.1/stm32cubeide/plugins/com.st.stm32cube.ide.mcu.externaltools.gnu-tools-for-stm32.10.3-2021.10.win32_1.0.200.202301161003/tools/bin/../lib/gcc/arm-none-eabi/10.3.1/thumb/v7e-m+fp/hard\libgcc.a
LOAD c:/st/stm32cubeide_1.12.1/stm32cubeide/plugins/com.st.stm32cube.ide.mcu.externaltools.gnu-tools-for-stm32.10.3-2021.10.win32_1.0.200.202301161003/tools/bin/../lib/gcc/arm-none-eabi/10.3.1/../../../../arm-none-eabi/lib/thumb/v7e-m+fp/hard\libc_nano.a
END GROUP
START GROUP
LOAD c:/st/stm32cubeide_1.12.1/stm32cubeide/plugins/com.st.stm32cube.ide.mcu.externaltools.gnu-tools-for-stm32.10.3-2021.10.win32_1.0.200.202301161003/tools/bin/../lib/gcc/arm-none-eabi/10.3.1/thumb/v7e-m+fp/hard\libgcc.a
LOAD c:/st/stm32cubeide_1.12.1/stm32cubeide/plugins/com.st.stm32cube.ide.mcu.externaltools.gnu-tools-for-stm32.10.3-2021.10.win32_1.0.200.202301161003/tools/bin/../lib/gcc/arm-none-eabi/10.3.1/../../../../arm-none-eabi/lib/thumb/v7e-m+fp/hard\libc_nano.a
LOAD c:/st/stm32cubeide_1.12.1/stm32cubeide/plugins/com.st.stm32cube.ide.mcu.externaltools.gnu-tools-for-stm32.10.3-2021.10.win32_1.0.200.202301161003/tools/bin/../lib/gcc/arm-none-eabi/10.3.1/../../../../arm-none-eabi/lib/thumb/v7e-m+fp/hard\libnosys.a
END GROUP
START GROUP
LOAD c:/st/stm32cubeide_1.12.1/stm32cubeide/plugins/com.st.stm32cube.ide.mcu.externaltools.gnu-tools-for-stm32.10.3-2021.10.win32_1.0.200.202301161003/tools/bin/../lib/gcc/arm-none-eabi/10.3.1/thumb/v7e-m+fp/hard\libgcc.a
LOAD c:/st/stm32cubeide_1.12.1/stm32cubeide/plugins/com.st.stm32cube.ide.mcu.externaltools.gnu-tools-for-stm32.10.3-2021.10.win32_1.0.200.202301161003/tools/bin/../lib/gcc/arm-none-eabi/10.3.1/../../../../arm-none-eabi/lib/thumb/v7e-m+fp/hard\libc_nano.a
LOAD c:/st/stm32cubeide_1.12.1/stm32cubeide/plugins/com.st.stm32cube.ide.mcu.externaltools.gnu-tools-for-stm32.10.3-2021.10.win32_1.0.200.202301161003/tools/bin/../lib/gcc/arm-none-eabi/10.3.1/../../../../arm-none-eabi/lib/thumb/v7e-m+fp/hard\libnosys.a
END GROUP
LOAD c:/st/stm32cubeide_1.12.1/stm32cubeide/plugins/com.st.stm32cube.ide.mcu.externaltools.gnu-tools-for-stm32.10.3-2021.10.win32_1.0.200.202301161003/tools/bin/../lib/gcc/arm-none-eabi/10.3.1/thumb/v7e-m+fp/hard/crtend.o
LOAD c:/st/stm32cubeide_1.12.1/stm32cubeide/plugins/com.st.stm32cube.ide.mcu.externaltools.gnu-tools-for-stm32.10.3-2021.10.win32_1.0.200.202301161003/tools/bin/../lib/gcc/arm-none-eabi/10.3.1/thumb/v7e-m+fp/hard/crtn.o
                0x0000000020018000                _estack = (ORIGIN (RAM) + LENGTH (RAM))
                0x0000000000000200                _Min_Heap_Size = 0x200
                0x0000000000000400                _Min_Stack_Size = 0x400

.isr_vector     0x0000000008000000      0x188
                0x0000000008000000                . = ALIGN (0x4)
 *(.isr_vector)
 .isr_vector    0x0000000008000000      0x188 ./Core/Startup/startup_stm32l476rgtx.o
                0x0000000008000000                g_pfnVectors
                0x0000000008000188                . = ALIGN (0x4)

.text           0x0000000008000190     0xfc00
                0x0000000008000190                . = ALIGN (0x4)
 *(.text)
 .text          0x0000000008000190       0x40 c:/st/stm32cubeide_1.12.1/stm32cubeide/plugins/com.st.stm32cube.ide.mcu.externaltools.gnu-tools-for-stm32.10.3-2021.10.win32_1.0.200.202301161003/tools/bin/../lib/gcc/arm-none-eabi/10.3.1/thumb/v7e-m+fp/hard/crtbegin.o
 .text          0x00000000080001d0       0x10 c:/st/stm32cubeide_1.12.1/stm32cubeide/plugins/com.st.stm32cube.ide.mcu.externaltools.gnu-tools-for-stm32.10.3-2021.10.win32_1.0.200.202301161003/tools/bin/../lib/gcc/arm-none-eabi/10.3.1/../../../../arm-none-eabi/lib/thumb/v7e-m+fp/hard\libc_nano.a(lib_a-strlen.o)
                0x00000000080001d0                strlen
 .text          0x00000000080001e0       0xa0 c:/st/stm32cubeide_1.12.1/stm32cubeide/plugins/com.st.stm32cube.ide.mcu.externaltools.gnu-tools-for-stm32.10.3-2021.10.win32_1.0.200.202301161003/tools/bin/../lib/gcc/arm-none-eabi/10.3.1/../../../../arm-none-eabi/lib/thumb/v7e-m+fp/hard\libc_nano.a(lib_a-memchr.o)
                0x00000000080001e0                memchr
 .text          0x0000000008000280      0x378 c:/st/stm32cubeide_1.12.1/stm32cubeide/plugins/com.st.stm32cube.ide.mcu.externaltools.gnu-tools-for-stm32.10.3-2021.10.win32_1.0.200.202301161003/tools/bin/../lib/gcc/arm-none-eabi/10.3.1/thumb/v7e-m+fp/hard\libgcc.a(_arm_addsubdf3.o)
                0x0000000008000280                __aeabi_drsub
                0x0000000008000288                __aeabi_dsub
                0x0000000008000288                __subdf3
                0x000000000800028c                __aeabi_dadd
                0x000000000800028c                __adddf3
                0x0000000008000504                __floatunsidf
                0x0000000008000504                __aeabi_ui2d
                0x0000000008000524                __floatsidf
                0x0000000008000524                __aeabi_i2d
                0x0000000008000548                __aeabi_f2d
                0x0000000008000548                __extendsfdf2
                0x000000000800058c                __floatundidf
                0x000000000800058c                __aeabi_ul2d
                0x000000000800059c                __floatdidf
                0x000000000800059c                __aeabi_l2d
 .text          0x00000000080005f8      0x424 c:/st/stm32cubeide_1.12.1/stm32cubeide/plugins/com.st.stm32cube.ide.mcu.externaltools.gnu-tools-for-stm32.10.3-2021.10.win32_1.0.200.202301161003/tools/bin/../lib/gcc/arm-none-eabi/10.3.1/thumb/v7e-m+fp/hard\libgcc.a(_arm_muldivdf3.o)
                0x00000000080005f8                __aeabi_dmul
                0x00000000080005f8                __muldf3
                0x000000000800084c                __divdf3
                0x000000000800084c                __aeabi_ddiv
 .text          0x0000000008000a1c      0x110 c:/st/stm32cubeide_1.12.1/stm32cubeide/plugins/com.st.stm32cube.ide.mcu.externaltools.gnu-tools-for-stm32.10.3-2021.10.win32_1.0.200.202301161003/tools/bin/../lib/gcc/arm-none-eabi/10.3.1/thumb/v7e-m+fp/hard\libgcc.a(_arm_cmpdf2.o)
                0x0000000008000a1c                __gtdf2
                0x0000000008000a1c                __gedf2
                0x0000000008000a24                __ltdf2
                0x0000000008000a24                __ledf2
                0x0000000008000a2c                __nedf2
                0x0000000008000a2c                __eqdf2
                0x0000000008000a2c                __cmpdf2
                0x0000000008000aa8                __aeabi_cdrcmple
                0x0000000008000ab8                __aeabi_cdcmpeq
                0x0000000008000ab8                __aeabi_cdcmple
                0x0000000008000ac8                __aeabi_dcmpeq
                0x0000000008000adc                __aeabi_dcmplt
                0x0000000008000af0                __aeabi_dcmple
                0x0000000008000b04                __aeabi_dcmpge
                0x0000000008000b18                __aeabi_dcmpgt
 .text          0x0000000008000b2c       0x2c c:/st/stm32cubeide_1.12.1/stm32cubeide/plugins/com.st.stm32cube.ide.mcu.externaltools.gnu-tools-for-stm32.10.3-2021.10.win32_1.0.200.202301161003/tools/bin/../lib/gcc/arm-none-eabi/10.3.1/thumb/v7e-m+fp/hard\libgcc.a(_arm_unorddf2.o)
                0x0000000008000b2c                __unorddf2
                0x0000000008000b2c                __aeabi_dcmpun
 .text          0x0000000008000b58       0x40 c:/st/stm32cubeide_1.12.1/stm32cubeide/plugins/com.st.stm32cube.ide.mcu.externaltools.gnu-tools-for-stm32.10.3-2021.10.win32_1.0.200.202301161003/tools/bin/../lib/gcc/arm-none-eabi/10.3.1/thumb/v7e-m+fp/hard\libgcc.a(_arm_fixunsdfsi.o)
                0x0000000008000b58                __aeabi_d2uiz
                0x0000000008000b58                __fixunsdfsi
 .text          0x0000000008000b98       0xa0 c:/st/stm32cubeide_1.12.1/stm32cubeide/plugins/com.st.stm32cube.ide.mcu.externaltools.gnu-tools-for-stm32.10.3-2021.10.win32_1.0.200.202301161003/tools/bin/../lib/gcc/arm-none-eabi/10.3.1/thumb/v7e-m+fp/hard\libgcc.a(_arm_truncdfsf2.o)
                0x0000000008000b98                __truncdfsf2
                0x0000000008000b98                __aeabi_d2f
 .text          0x0000000008000c38       0x30 c:/st/stm32cubeide_1.12.1/stm32cubeide/plugins/com.st.stm32cube.ide.mcu.externaltools.gnu-tools-for-stm32.10.3-2021.10.win32_1.0.200.202301161003/tools/bin/../lib/gcc/arm-none-eabi/10.3.1/thumb/v7e-m+fp/hard\libgcc.a(_aeabi_uldivmod.o)
                0x0000000008000c38                __aeabi_uldivmod
 .text          0x0000000008000c68       0x30 c:/st/stm32cubeide_1.12.1/stm32cubeide/plugins/com.st.stm32cube.ide.mcu.externaltools.gnu-tools-for-stm32.10.3-2021.10.win32_1.0.200.202301161003/tools/bin/../lib/gcc/arm-none-eabi/10.3.1/thumb/v7e-m+fp/hard\libgcc.a(_fixdfdi.o)
                0x0000000008000c68                __fixdfdi
                0x0000000008000c68                __aeabi_d2lz
 .text          0x0000000008000c98       0x3c c:/st/stm32cubeide_1.12.1/stm32cubeide/plugins/com.st.stm32cube.ide.mcu.externaltools.gnu-tools-for-stm32.10.3-2021.10.win32_1.0.200.202301161003/tools/bin/../lib/gcc/arm-none-eabi/10.3.1/thumb/v7e-m+fp/hard\libgcc.a(_fixunsdfdi.o)
                0x0000000008000c98                __fixunsdfdi
                0x0000000008000c98                __aeabi_d2ulz
 .text          0x0000000008000cd4      0x2d0 c:/st/stm32cubeide_1.12.1/stm32cubeide/plugins/com.st.stm32cube.ide.mcu.externaltools.gnu-tools-for-stm32.10.3-2021.10.win32_1.0.200.202301161003/tools/bin/../lib/gcc/arm-none-eabi/10.3.1/thumb/v7e-m+fp/hard\libgcc.a(_udivmoddi4.o)
                0x0000000008000cd4                __udivmoddi4
 .text          0x0000000008000fa4        0x4 c:/st/stm32cubeide_1.12.1/stm32cubeide/plugins/com.st.stm32cube.ide.mcu.externaltools.gnu-tools-for-stm32.10.3-2021.10.win32_1.0.200.202301161003/tools/bin/../lib/gcc/arm-none-eabi/10.3.1/thumb/v7e-m+fp/hard\libgcc.a(_dvmd_tls.o)
                0x0000000008000fa4                __aeabi_idiv0
                0x0000000008000fa4                __aeabi_ldiv0
 *(.text*)
 .text.GLOBVAR_Init
                0x0000000008000fa8       0xcc ./Application/globalvar.o
                0x0000000008000fa8                GLOBVAR_Init
 .text.IMU_init
                0x0000000008001074      0x1a0 ./Application/imu.o
                0x0000000008001074                IMU_init
 .text.IMU_enable
                0x0000000008001214       0x80 ./Application/imu.o
                0x0000000008001214                IMU_enable
 .text.IMU_GetData
                0x0000000008001294      0x144 ./Application/imu.o
                0x0000000008001294                IMU_GetData
 .text.vApplicationGetIdleTaskMemory
                0x00000000080013d8       0x34 ./Core/Src/freertos.o
                0x00000000080013d8                vApplicationGetIdleTaskMemory
 .text.main     0x000000000800140c      0x1e8 ./Core/Src/main.o
                0x000000000800140c                main
 .text.SystemClock_Config
                0x00000000080015f4       0xa2 ./Core/Src/main.o
                0x00000000080015f4                SystemClock_Config
 *fill*         0x0000000008001696        0x2 
 .text.MX_ADC3_Init
                0x0000000008001698       0xc8 ./Core/Src/main.o
 .text.MX_CAN1_Init
                0x0000000008001760       0x6c ./Core/Src/main.o
 .text.MX_I2C2_Init
                0x00000000080017cc       0x80 ./Core/Src/main.o
 .text.MX_TIM1_Init
                0x000000000800184c       0xb4 ./Core/Src/main.o
 .text.MX_TIM3_Init
                0x0000000008001900      0x130 ./Core/Src/main.o
 .text.MX_TIM8_Init
                0x0000000008001a30      0x1a0 ./Core/Src/main.o
 .text.MX_UART4_Init
                0x0000000008001bd0       0x60 ./Core/Src/main.o
 .text.MX_UART5_Init
                0x0000000008001c30       0x60 ./Core/Src/main.o
 .text.MX_USART2_UART_Init
                0x0000000008001c90       0x60 ./Core/Src/main.o
 .text.MX_USART3_UART_Init
                0x0000000008001cf0       0x60 ./Core/Src/main.o
 .text.MX_GPIO_Init
                0x0000000008001d50       0xe4 ./Core/Src/main.o
 .text.IMU_Receive_Transmit_Data
                0x0000000008001e34        0xc ./Core/Src/main.o
                0x0000000008001e34                IMU_Receive_Transmit_Data
 .text.HAL_UART_TxCpltCallback
                0x0000000008001e40       0xb8 ./Core/Src/main.o
                0x0000000008001e40                HAL_UART_TxCpltCallback
 .text.StartUart
                0x0000000008001ef8       0x12 ./Core/Src/main.o
                0x0000000008001ef8                StartUart
 .text.StartSPI
                0x0000000008001f0a       0x12 ./Core/Src/main.o
                0x0000000008001f0a                StartSPI
 .text.StartBatterie
                0x0000000008001f1c       0x12 ./Core/Src/main.o
                0x0000000008001f1c                StartBatterie
 .text.StartCAN
                0x0000000008001f2e       0x12 ./Core/Src/main.o
                0x0000000008001f2e                StartCAN
 .text.StartLidar
                0x0000000008001f40       0x12 ./Core/Src/main.o
                0x0000000008001f40                StartLidar
 .text.StartGPS
                0x0000000008001f52       0x12 ./Core/Src/main.o
                0x0000000008001f52                StartGPS
 .text.StartIMU
                0x0000000008001f64        0xe ./Core/Src/main.o
                0x0000000008001f64                StartIMU
 .text.StartI2C
                0x0000000008001f72       0x10 ./Core/Src/main.o
                0x0000000008001f72                StartI2C
 .text.StartDefaultTask
                0x0000000008001f82       0x10 ./Core/Src/main.o
                0x0000000008001f82                StartDefaultTask
 .text.Error_Handler
                0x0000000008001f92        0xa ./Core/Src/main.o
                0x0000000008001f92                Error_Handler
 .text.HAL_MspInit
                0x0000000008001f9c       0x50 ./Core/Src/stm32l4xx_hal_msp.o
                0x0000000008001f9c                HAL_MspInit
 .text.HAL_ADC_MspInit
                0x0000000008001fec       0xd4 ./Core/Src/stm32l4xx_hal_msp.o
                0x0000000008001fec                HAL_ADC_MspInit
 .text.HAL_CAN_MspInit
                0x00000000080020c0       0x88 ./Core/Src/stm32l4xx_hal_msp.o
                0x00000000080020c0                HAL_CAN_MspInit
 .text.HAL_I2C_MspInit
                0x0000000008002148       0xbc ./Core/Src/stm32l4xx_hal_msp.o
                0x0000000008002148                HAL_I2C_MspInit
 .text.HAL_I2C_MspDeInit
                0x0000000008002204       0x48 ./Core/Src/stm32l4xx_hal_msp.o
                0x0000000008002204                HAL_I2C_MspDeInit
 .text.HAL_TIM_Encoder_MspInit
                0x000000000800224c       0x88 ./Core/Src/stm32l4xx_hal_msp.o
                0x000000000800224c                HAL_TIM_Encoder_MspInit
 .text.HAL_TIM_Base_MspInit
                0x00000000080022d4       0x68 ./Core/Src/stm32l4xx_hal_msp.o
                0x00000000080022d4                HAL_TIM_Base_MspInit
 .text.HAL_TIM_MspPostInit
                0x000000000800233c       0xf8 ./Core/Src/stm32l4xx_hal_msp.o
                0x000000000800233c                HAL_TIM_MspPostInit
 .text.HAL_UART_MspInit
                0x0000000008002434      0x2b8 ./Core/Src/stm32l4xx_hal_msp.o
                0x0000000008002434                HAL_UART_MspInit
 .text.NMI_Handler
                0x00000000080026ec        0x6 ./Core/Src/stm32l4xx_it.o
                0x00000000080026ec                NMI_Handler
 .text.HardFault_Handler
                0x00000000080026f2        0x6 ./Core/Src/stm32l4xx_it.o
                0x00000000080026f2                HardFault_Handler
 .text.MemManage_Handler
                0x00000000080026f8        0x6 ./Core/Src/stm32l4xx_it.o
                0x00000000080026f8                MemManage_Handler
 .text.BusFault_Handler
                0x00000000080026fe        0x6 ./Core/Src/stm32l4xx_it.o
                0x00000000080026fe                BusFault_Handler
 .text.UsageFault_Handler
                0x0000000008002704        0x6 ./Core/Src/stm32l4xx_it.o
                0x0000000008002704                UsageFault_Handler
 .text.DebugMon_Handler
                0x000000000800270a        0xe ./Core/Src/stm32l4xx_it.o
                0x000000000800270a                DebugMon_Handler
 .text.SysTick_Handler
                0x0000000008002718       0x1a ./Core/Src/stm32l4xx_it.o
                0x0000000008002718                SysTick_Handler
 *fill*         0x0000000008002732        0x2 
 .text.USART2_IRQHandler
                0x0000000008002734       0x14 ./Core/Src/stm32l4xx_it.o
                0x0000000008002734                USART2_IRQHandler
 .text.UART4_IRQHandler
                0x0000000008002748       0x14 ./Core/Src/stm32l4xx_it.o
                0x0000000008002748                UART4_IRQHandler
 .text.BSP_I2C1_Init
                0x000000000800275c       0x7c ./Core/Src/stm32l4xx_nucleo_bus.o
                0x000000000800275c                BSP_I2C1_Init
 .text.BSP_I2C1_DeInit
                0x00000000080027d8       0x50 ./Core/Src/stm32l4xx_nucleo_bus.o
                0x00000000080027d8                BSP_I2C1_DeInit
 .text.BSP_I2C1_WriteReg
                0x0000000008002828       0x64 ./Core/Src/stm32l4xx_nucleo_bus.o
                0x0000000008002828                BSP_I2C1_WriteReg
 .text.BSP_I2C1_ReadReg
                0x000000000800288c       0x64 ./Core/Src/stm32l4xx_nucleo_bus.o
                0x000000000800288c                BSP_I2C1_ReadReg
 .text.MX_I2C1_Init
                0x00000000080028f0       0x88 ./Core/Src/stm32l4xx_nucleo_bus.o
                0x00000000080028f0                MX_I2C1_Init
 .text.I2C1_MspInit
                0x0000000008002978       0xc0 ./Core/Src/stm32l4xx_nucleo_bus.o
 .text.I2C1_MspDeInit
                0x0000000008002a38       0x38 ./Core/Src/stm32l4xx_nucleo_bus.o
 .text._getpid  0x0000000008002a70       0x10 ./Core/Src/syscalls.o
                0x0000000008002a70                _getpid
 .text._kill    0x0000000008002a80       0x20 ./Core/Src/syscalls.o
                0x0000000008002a80                _kill
 .text._exit    0x0000000008002aa0       0x14 ./Core/Src/syscalls.o
                0x0000000008002aa0                _exit
 .text._read    0x0000000008002ab4       0x3a ./Core/Src/syscalls.o
                0x0000000008002ab4                _read
 .text._write   0x0000000008002aee       0x38 ./Core/Src/syscalls.o
                0x0000000008002aee                _write
 .text._close   0x0000000008002b26       0x18 ./Core/Src/syscalls.o
                0x0000000008002b26                _close
 .text._fstat   0x0000000008002b3e       0x20 ./Core/Src/syscalls.o
                0x0000000008002b3e                _fstat
 .text._isatty  0x0000000008002b5e       0x16 ./Core/Src/syscalls.o
                0x0000000008002b5e                _isatty
 .text._lseek   0x0000000008002b74       0x1a ./Core/Src/syscalls.o
                0x0000000008002b74                _lseek
 *fill*         0x0000000008002b8e        0x2 
 .text._sbrk    0x0000000008002b90       0x6c ./Core/Src/sysmem.o
                0x0000000008002b90                _sbrk
 .text.SystemInit
                0x0000000008002bfc       0x24 ./Core/Src/system_stm32l4xx.o
                0x0000000008002bfc                SystemInit
 .text.Reset_Handler
                0x0000000008002c20       0x50 ./Core/Startup/startup_stm32l476rgtx.o
                0x0000000008002c20                Reset_Handler
 .text.Default_Handler
                0x0000000008002c70        0x2 ./Core/Startup/startup_stm32l476rgtx.o
                0x0000000008002c70                RTC_Alarm_IRQHandler
                0x0000000008002c70                EXTI2_IRQHandler
                0x0000000008002c70                TIM8_TRG_COM_IRQHandler
                0x0000000008002c70                TIM8_CC_IRQHandler
                0x0000000008002c70                TIM1_CC_IRQHandler
                0x0000000008002c70                TSC_IRQHandler
                0x0000000008002c70                TAMP_STAMP_IRQHandler
                0x0000000008002c70                EXTI3_IRQHandler
                0x0000000008002c70                LPTIM2_IRQHandler
                0x0000000008002c70                DFSDM1_FLT1_IRQHandler
                0x0000000008002c70                I2C3_ER_IRQHandler
                0x0000000008002c70                DFSDM1_FLT2_IRQHandler
                0x0000000008002c70                EXTI0_IRQHandler
                0x0000000008002c70                I2C2_EV_IRQHandler
                0x0000000008002c70                CAN1_RX0_IRQHandler
                0x0000000008002c70                FPU_IRQHandler
                0x0000000008002c70                TIM1_UP_TIM16_IRQHandler
                0x0000000008002c70                ADC1_2_IRQHandler
                0x0000000008002c70                SPI1_IRQHandler
                0x0000000008002c70                TIM6_DAC_IRQHandler
                0x0000000008002c70                TIM8_UP_IRQHandler
                0x0000000008002c70                DMA2_Channel2_IRQHandler
                0x0000000008002c70                DMA1_Channel4_IRQHandler
                0x0000000008002c70                SAI2_IRQHandler
                0x0000000008002c70                DFSDM1_FLT3_IRQHandler
                0x0000000008002c70                USART3_IRQHandler
                0x0000000008002c70                DMA1_Channel7_IRQHandler
                0x0000000008002c70                CAN1_RX1_IRQHandler
                0x0000000008002c70                LCD_IRQHandler
                0x0000000008002c70                UART5_IRQHandler
                0x0000000008002c70                ADC3_IRQHandler
                0x0000000008002c70                TIM4_IRQHandler
                0x0000000008002c70                DMA2_Channel1_IRQHandler
                0x0000000008002c70                QUADSPI_IRQHandler
                0x0000000008002c70                I2C1_EV_IRQHandler
                0x0000000008002c70                DMA1_Channel6_IRQHandler
                0x0000000008002c70                DMA2_Channel4_IRQHandler
                0x0000000008002c70                TIM3_IRQHandler
                0x0000000008002c70                RCC_IRQHandler
                0x0000000008002c70                DMA1_Channel1_IRQHandler
                0x0000000008002c70                Default_Handler
                0x0000000008002c70                DMA2_Channel7_IRQHandler
                0x0000000008002c70                EXTI15_10_IRQHandler
                0x0000000008002c70                TIM7_IRQHandler
                0x0000000008002c70                SDMMC1_IRQHandler
                0x0000000008002c70                TIM5_IRQHandler
                0x0000000008002c70                I2C3_EV_IRQHandler
                0x0000000008002c70                EXTI9_5_IRQHandler
                0x0000000008002c70                RTC_WKUP_IRQHandler
                0x0000000008002c70                PVD_PVM_IRQHandler
                0x0000000008002c70                SPI2_IRQHandler
                0x0000000008002c70                CAN1_TX_IRQHandler
                0x0000000008002c70                DMA2_Channel5_IRQHandler
                0x0000000008002c70                DMA1_Channel5_IRQHandler
                0x0000000008002c70                EXTI4_IRQHandler
                0x0000000008002c70                RNG_IRQHandler
                0x0000000008002c70                TIM1_TRG_COM_TIM17_IRQHandler
                0x0000000008002c70                DMA1_Channel3_IRQHandler
                0x0000000008002c70                COMP_IRQHandler
                0x0000000008002c70                WWDG_IRQHandler
                0x0000000008002c70                LPUART1_IRQHandler
                0x0000000008002c70                DMA2_Channel6_IRQHandler
                0x0000000008002c70                TIM2_IRQHandler
                0x0000000008002c70                EXTI1_IRQHandler
                0x0000000008002c70                DFSDM1_FLT0_IRQHandler
                0x0000000008002c70                I2C2_ER_IRQHandler
                0x0000000008002c70                DMA1_Channel2_IRQHandler
                0x0000000008002c70                TIM8_BRK_IRQHandler
                0x0000000008002c70                CAN1_SCE_IRQHandler
                0x0000000008002c70                FLASH_IRQHandler
                0x0000000008002c70                USART1_IRQHandler
                0x0000000008002c70                OTG_FS_IRQHandler
                0x0000000008002c70                SPI3_IRQHandler
                0x0000000008002c70                I2C1_ER_IRQHandler
                0x0000000008002c70                FMC_IRQHandler
                0x0000000008002c70                SWPMI1_IRQHandler
                0x0000000008002c70                LPTIM1_IRQHandler
                0x0000000008002c70                SAI1_IRQHandler
                0x0000000008002c70                DMA2_Channel3_IRQHandler
                0x0000000008002c70                TIM1_BRK_TIM15_IRQHandler
 *fill*         0x0000000008002c72        0x2 
 .text.HTS221_RegisterBusIO
                0x0000000008002c74       0x94 ./Drivers/BSP/Components/hts221/hts221.o
                0x0000000008002c74                HTS221_RegisterBusIO
 .text.HTS221_Init
                0x0000000008002d08       0x36 ./Drivers/BSP/Components/hts221/hts221.o
                0x0000000008002d08                HTS221_Init
 .text.HTS221_HUM_Enable
                0x0000000008002d3e       0x4a ./Drivers/BSP/Components/hts221/hts221.o
                0x0000000008002d3e                HTS221_HUM_Enable
 .text.HTS221_HUM_GetHumidity
                0x0000000008002d88      0x110 ./Drivers/BSP/Components/hts221/hts221.o
                0x0000000008002d88                HTS221_HUM_GetHumidity
 .text.HTS221_TEMP_Enable
                0x0000000008002e98       0x4a ./Drivers/BSP/Components/hts221/hts221.o
                0x0000000008002e98                HTS221_TEMP_Enable
 .text.HTS221_TEMP_GetTemperature
                0x0000000008002ee2       0xd4 ./Drivers/BSP/Components/hts221/hts221.o
                0x0000000008002ee2                HTS221_TEMP_GetTemperature
 .text.HTS221_SetOutputDataRate
                0x0000000008002fb6       0x60 ./Drivers/BSP/Components/hts221/hts221.o
 .text.HTS221_Initialize
                0x0000000008003016       0x58 ./Drivers/BSP/Components/hts221/hts221.o
 .text.Linear_Interpolation
                0x000000000800306e       0x72 ./Drivers/BSP/Components/hts221/hts221.o
 .text.ReadRegWrap
                0x00000000080030e0       0x62 ./Drivers/BSP/Components/hts221/hts221.o
 .text.WriteRegWrap
                0x0000000008003142       0x62 ./Drivers/BSP/Components/hts221/hts221.o
 .text.hts221_read_reg
                0x00000000080031a4       0x30 ./Drivers/BSP/Components/hts221/hts221_reg.o
                0x00000000080031a4                hts221_read_reg
 .text.hts221_write_reg
                0x00000000080031d4       0x30 ./Drivers/BSP/Components/hts221/hts221_reg.o
                0x00000000080031d4                hts221_write_reg
 .text.hts221_data_rate_set
                0x0000000008003204       0x4c ./Drivers/BSP/Components/hts221/hts221_reg.o
                0x0000000008003204                hts221_data_rate_set
 .text.hts221_block_data_update_set
                0x0000000008003250       0x4c ./Drivers/BSP/Components/hts221/hts221_reg.o
                0x0000000008003250                hts221_block_data_update_set
 .text.hts221_humidity_raw_get
                0x000000000800329c       0x46 ./Drivers/BSP/Components/hts221/hts221_reg.o
                0x000000000800329c                hts221_humidity_raw_get
 .text.hts221_temperature_raw_get
                0x00000000080032e2       0x46 ./Drivers/BSP/Components/hts221/hts221_reg.o
                0x00000000080032e2                hts221_temperature_raw_get
 .text.hts221_power_on_set
                0x0000000008003328       0x4c ./Drivers/BSP/Components/hts221/hts221_reg.o
                0x0000000008003328                hts221_power_on_set
 .text.hts221_hum_rh_point_0_get
                0x0000000008003374       0x3c ./Drivers/BSP/Components/hts221/hts221_reg.o
                0x0000000008003374                hts221_hum_rh_point_0_get
 .text.hts221_hum_rh_point_1_get
                0x00000000080033b0       0x3c ./Drivers/BSP/Components/hts221/hts221_reg.o
                0x00000000080033b0                hts221_hum_rh_point_1_get
 .text.hts221_temp_deg_point_0_get
                0x00000000080033ec       0x62 ./Drivers/BSP/Components/hts221/hts221_reg.o
                0x00000000080033ec                hts221_temp_deg_point_0_get
 .text.hts221_temp_deg_point_1_get
                0x000000000800344e       0x62 ./Drivers/BSP/Components/hts221/hts221_reg.o
                0x000000000800344e                hts221_temp_deg_point_1_get
 .text.hts221_hum_adc_point_0_get
                0x00000000080034b0       0x48 ./Drivers/BSP/Components/hts221/hts221_reg.o
                0x00000000080034b0                hts221_hum_adc_point_0_get
 .text.hts221_hum_adc_point_1_get
                0x00000000080034f8       0x48 ./Drivers/BSP/Components/hts221/hts221_reg.o
                0x00000000080034f8                hts221_hum_adc_point_1_get
 .text.hts221_temp_adc_point_0_get
                0x0000000008003540       0x48 ./Drivers/BSP/Components/hts221/hts221_reg.o
                0x0000000008003540                hts221_temp_adc_point_0_get
 .text.hts221_temp_adc_point_1_get
                0x0000000008003588       0x48 ./Drivers/BSP/Components/hts221/hts221_reg.o
                0x0000000008003588                hts221_temp_adc_point_1_get
 .text.LPS22HB_RegisterBusIO
                0x00000000080035d0       0xd4 ./Drivers/BSP/Components/lps22hb/lps22hb.o
                0x00000000080035d0                LPS22HB_RegisterBusIO
 .text.LPS22HB_Init
                0x00000000080036a4       0x36 ./Drivers/BSP/Components/lps22hb/lps22hb.o
                0x00000000080036a4                LPS22HB_Init
 .text.LPS22HB_PRESS_Enable
                0x00000000080036da       0x48 ./Drivers/BSP/Components/lps22hb/lps22hb.o
                0x00000000080036da                LPS22HB_PRESS_Enable
 .text.LPS22HB_PRESS_GetPressure
                0x0000000008003722       0x50 ./Drivers/BSP/Components/lps22hb/lps22hb.o
                0x0000000008003722                LPS22HB_PRESS_GetPressure
 .text.LPS22HB_Write_Reg
                0x0000000008003772       0x36 ./Drivers/BSP/Components/lps22hb/lps22hb.o
                0x0000000008003772                LPS22HB_Write_Reg
 .text.LPS22HB_Initialize
                0x00000000080037a8       0xb2 ./Drivers/BSP/Components/lps22hb/lps22hb.o
 .text.ReadRegWrap
                0x000000000800385a       0x86 ./Drivers/BSP/Components/lps22hb/lps22hb.o
 .text.WriteRegWrap
                0x00000000080038e0       0x86 ./Drivers/BSP/Components/lps22hb/lps22hb.o
 .text.lps22hb_read_reg
                0x0000000008003966       0x30 ./Drivers/BSP/Components/lps22hb/lps22hb_reg.o
                0x0000000008003966                lps22hb_read_reg
 .text.lps22hb_write_reg
                0x0000000008003996       0x30 ./Drivers/BSP/Components/lps22hb/lps22hb_reg.o
                0x0000000008003996                lps22hb_write_reg
 *fill*         0x00000000080039c6        0x2 
 .text.lps22hb_from_lsb_to_hpa
                0x00000000080039c8       0x30 ./Drivers/BSP/Components/lps22hb/lps22hb_reg.o
                0x00000000080039c8                lps22hb_from_lsb_to_hpa
 .text.lps22hb_block_data_update_set
                0x00000000080039f8       0x4c ./Drivers/BSP/Components/lps22hb/lps22hb_reg.o
                0x00000000080039f8                lps22hb_block_data_update_set
 .text.lps22hb_low_pass_filter_mode_set
                0x0000000008003a44       0x4c ./Drivers/BSP/Components/lps22hb/lps22hb_reg.o
                0x0000000008003a44                lps22hb_low_pass_filter_mode_set
 .text.lps22hb_data_rate_set
                0x0000000008003a90       0x4c ./Drivers/BSP/Components/lps22hb/lps22hb_reg.o
                0x0000000008003a90                lps22hb_data_rate_set
 .text.lps22hb_pressure_raw_get
                0x0000000008003adc       0x52 ./Drivers/BSP/Components/lps22hb/lps22hb_reg.o
                0x0000000008003adc                lps22hb_pressure_raw_get
 .text.lps22hb_low_power_set
                0x0000000008003b2e       0x4c ./Drivers/BSP/Components/lps22hb/lps22hb_reg.o
                0x0000000008003b2e                lps22hb_low_power_set
 .text.lps22hb_auto_add_inc_set
                0x0000000008003b7a       0x4c ./Drivers/BSP/Components/lps22hb/lps22hb_reg.o
                0x0000000008003b7a                lps22hb_auto_add_inc_set
 *fill*         0x0000000008003bc6        0x2 
 .text.LSM303AGR_ACC_RegisterBusIO
                0x0000000008003bc8       0xd4 ./Drivers/BSP/Components/lsm303agr/lsm303agr.o
                0x0000000008003bc8                LSM303AGR_ACC_RegisterBusIO
 .text.LSM303AGR_ACC_Init
                0x0000000008003c9c       0x82 ./Drivers/BSP/Components/lsm303agr/lsm303agr.o
                0x0000000008003c9c                LSM303AGR_ACC_Init
 .text.LSM303AGR_ACC_Enable
                0x0000000008003d1e       0x48 ./Drivers/BSP/Components/lsm303agr/lsm303agr.o
                0x0000000008003d1e                LSM303AGR_ACC_Enable
 .text.LSM303AGR_ACC_GetSensitivity
                0x0000000008003d66       0x96 ./Drivers/BSP/Components/lsm303agr/lsm303agr.o
                0x0000000008003d66                LSM303AGR_ACC_GetSensitivity
 .text.LSM303AGR_ACC_GetAxesRaw
                0x0000000008003dfc       0xcc ./Drivers/BSP/Components/lsm303agr/lsm303agr.o
                0x0000000008003dfc                LSM303AGR_ACC_GetAxesRaw
 .text.LSM303AGR_ACC_GetAxes
                0x0000000008003ec8       0xaa ./Drivers/BSP/Components/lsm303agr/lsm303agr.o
                0x0000000008003ec8                LSM303AGR_ACC_GetAxes
 .text.LSM303AGR_ACC_Write_Reg
                0x0000000008003f72       0x36 ./Drivers/BSP/Components/lsm303agr/lsm303agr.o
                0x0000000008003f72                LSM303AGR_ACC_Write_Reg
 .text.LSM303AGR_MAG_RegisterBusIO
                0x0000000008003fa8       0xc8 ./Drivers/BSP/Components/lsm303agr/lsm303agr.o
                0x0000000008003fa8                LSM303AGR_MAG_RegisterBusIO
 .text.LSM303AGR_MAG_Init
                0x0000000008004070       0x7a ./Drivers/BSP/Components/lsm303agr/lsm303agr.o
                0x0000000008004070                LSM303AGR_MAG_Init
 .text.LSM303AGR_MAG_Enable
                0x00000000080040ea       0x40 ./Drivers/BSP/Components/lsm303agr/lsm303agr.o
                0x00000000080040ea                LSM303AGR_MAG_Enable
 .text.LSM303AGR_MAG_GetSensitivity
                0x000000000800412a       0x20 ./Drivers/BSP/Components/lsm303agr/lsm303agr.o
                0x000000000800412a                LSM303AGR_MAG_GetSensitivity
 .text.LSM303AGR_MAG_GetAxes
                0x000000000800414a       0x9c ./Drivers/BSP/Components/lsm303agr/lsm303agr.o
                0x000000000800414a                LSM303AGR_MAG_GetAxes
 *fill*         0x00000000080041e6        0x2 
 .text.LSM303AGR_ACC_GetSensitivityHR
                0x00000000080041e8       0x8c ./Drivers/BSP/Components/lsm303agr/lsm303agr.o
 .text.LSM303AGR_ACC_GetSensitivityNM
                0x0000000008004274       0x8c ./Drivers/BSP/Components/lsm303agr/lsm303agr.o
 .text.LSM303AGR_ACC_GetSensitivityLP
                0x0000000008004300       0x8c ./Drivers/BSP/Components/lsm303agr/lsm303agr.o
 .text.ReadAccRegWrap
                0x000000000800438c       0x62 ./Drivers/BSP/Components/lsm303agr/lsm303agr.o
 .text.WriteAccRegWrap
                0x00000000080043ee       0x62 ./Drivers/BSP/Components/lsm303agr/lsm303agr.o
 .text.ReadMagRegWrap
                0x0000000008004450       0x62 ./Drivers/BSP/Components/lsm303agr/lsm303agr.o
 .text.WriteMagRegWrap
                0x00000000080044b2       0x62 ./Drivers/BSP/Components/lsm303agr/lsm303agr.o
 .text.lsm303agr_read_reg
                0x0000000008004514       0x30 ./Drivers/BSP/Components/lsm303agr/lsm303agr_reg.o
                0x0000000008004514                lsm303agr_read_reg
 .text.lsm303agr_write_reg
                0x0000000008004544       0x30 ./Drivers/BSP/Components/lsm303agr/lsm303agr_reg.o
                0x0000000008004544                lsm303agr_write_reg
 .text.lsm303agr_xl_operating_mode_get
                0x0000000008004574       0x68 ./Drivers/BSP/Components/lsm303agr/lsm303agr_reg.o
                0x0000000008004574                lsm303agr_xl_operating_mode_get
 .text.lsm303agr_xl_data_rate_set
                0x00000000080045dc       0x4c ./Drivers/BSP/Components/lsm303agr/lsm303agr_reg.o
                0x00000000080045dc                lsm303agr_xl_data_rate_set
 .text.lsm303agr_xl_full_scale_set
                0x0000000008004628       0x4c ./Drivers/BSP/Components/lsm303agr/lsm303agr_reg.o
                0x0000000008004628                lsm303agr_xl_full_scale_set
 .text.lsm303agr_xl_full_scale_get
                0x0000000008004674       0x70 ./Drivers/BSP/Components/lsm303agr/lsm303agr_reg.o
                0x0000000008004674                lsm303agr_xl_full_scale_get
 .text.lsm303agr_xl_block_data_update_set
                0x00000000080046e4       0x4c ./Drivers/BSP/Components/lsm303agr/lsm303agr_reg.o
                0x00000000080046e4                lsm303agr_xl_block_data_update_set
 .text.lsm303agr_acceleration_raw_get
                0x0000000008004730       0x96 ./Drivers/BSP/Components/lsm303agr/lsm303agr_reg.o
                0x0000000008004730                lsm303agr_acceleration_raw_get
 .text.lsm303agr_mag_operating_mode_set
                0x00000000080047c6       0x4c ./Drivers/BSP/Components/lsm303agr/lsm303agr_reg.o
                0x00000000080047c6                lsm303agr_mag_operating_mode_set
 .text.lsm303agr_mag_data_rate_set
                0x0000000008004812       0x4c ./Drivers/BSP/Components/lsm303agr/lsm303agr_reg.o
                0x0000000008004812                lsm303agr_mag_data_rate_set
 .text.lsm303agr_mag_block_data_update_set
                0x000000000800485e       0x4c ./Drivers/BSP/Components/lsm303agr/lsm303agr_reg.o
                0x000000000800485e                lsm303agr_mag_block_data_update_set
 .text.lsm303agr_magnetic_raw_get
                0x00000000080048aa       0x96 ./Drivers/BSP/Components/lsm303agr/lsm303agr_reg.o
                0x00000000080048aa                lsm303agr_magnetic_raw_get
 .text.lsm303agr_mag_self_test_set
                0x0000000008004940       0x4c ./Drivers/BSP/Components/lsm303agr/lsm303agr_reg.o
                0x0000000008004940                lsm303agr_mag_self_test_set
 .text.lsm303agr_xl_fifo_mode_set
                0x000000000800498c       0x4c ./Drivers/BSP/Components/lsm303agr/lsm303agr_reg.o
                0x000000000800498c                lsm303agr_xl_fifo_mode_set
 .text.lsm303agr_mag_i2c_interface_set
                0x00000000080049d8       0x4c ./Drivers/BSP/Components/lsm303agr/lsm303agr_reg.o
                0x00000000080049d8                lsm303agr_mag_i2c_interface_set
 .text.LSM6DSL_RegisterBusIO
                0x0000000008004a24       0xd4 ./Drivers/BSP/Components/lsm6dsl/lsm6dsl.o
                0x0000000008004a24                LSM6DSL_RegisterBusIO
 .text.LSM6DSL_Init
                0x0000000008004af8       0xd2 ./Drivers/BSP/Components/lsm6dsl/lsm6dsl.o
                0x0000000008004af8                LSM6DSL_Init
 .text.LSM6DSL_ACC_Enable
                0x0000000008004bca       0x48 ./Drivers/BSP/Components/lsm6dsl/lsm6dsl.o
                0x0000000008004bca                LSM6DSL_ACC_Enable
 .text.LSM6DSL_GYRO_Enable
                0x0000000008004c12       0x48 ./Drivers/BSP/Components/lsm6dsl/lsm6dsl.o
                0x0000000008004c12                LSM6DSL_GYRO_Enable
 *fill*         0x0000000008004c5a        0x2 
 .text.LSM6DSL_GYRO_GetSensitivity
                0x0000000008004c5c       0xa4 ./Drivers/BSP/Components/lsm6dsl/lsm6dsl.o
                0x0000000008004c5c                LSM6DSL_GYRO_GetSensitivity
 .text.LSM6DSL_GYRO_GetAxes
                0x0000000008004d00       0xa8 ./Drivers/BSP/Components/lsm6dsl/lsm6dsl.o
                0x0000000008004d00                LSM6DSL_GYRO_GetAxes
 .text.LSM6DSL_Write_Reg
                0x0000000008004da8       0x36 ./Drivers/BSP/Components/lsm6dsl/lsm6dsl.o
                0x0000000008004da8                LSM6DSL_Write_Reg
 .text.ReadRegWrap
                0x0000000008004dde       0x36 ./Drivers/BSP/Components/lsm6dsl/lsm6dsl.o
 .text.WriteRegWrap
                0x0000000008004e14       0x36 ./Drivers/BSP/Components/lsm6dsl/lsm6dsl.o
 .text.lsm6dsl_read_reg
                0x0000000008004e4a       0x30 ./Drivers/BSP/Components/lsm6dsl/lsm6dsl_reg.o
                0x0000000008004e4a                lsm6dsl_read_reg
 .text.lsm6dsl_write_reg
                0x0000000008004e7a       0x30 ./Drivers/BSP/Components/lsm6dsl/lsm6dsl_reg.o
                0x0000000008004e7a                lsm6dsl_write_reg
 .text.lsm6dsl_xl_full_scale_set
                0x0000000008004eaa       0x4c ./Drivers/BSP/Components/lsm6dsl/lsm6dsl_reg.o
                0x0000000008004eaa                lsm6dsl_xl_full_scale_set
 .text.lsm6dsl_xl_data_rate_set
                0x0000000008004ef6       0x4c ./Drivers/BSP/Components/lsm6dsl/lsm6dsl_reg.o
                0x0000000008004ef6                lsm6dsl_xl_data_rate_set
 .text.lsm6dsl_gy_full_scale_set
                0x0000000008004f42       0x4c ./Drivers/BSP/Components/lsm6dsl/lsm6dsl_reg.o
                0x0000000008004f42                lsm6dsl_gy_full_scale_set
 *fill*         0x0000000008004f8e        0x2 
 .text.lsm6dsl_gy_full_scale_get
                0x0000000008004f90       0x84 ./Drivers/BSP/Components/lsm6dsl/lsm6dsl_reg.o
                0x0000000008004f90                lsm6dsl_gy_full_scale_get
 .text.lsm6dsl_gy_data_rate_set
                0x0000000008005014       0x4c ./Drivers/BSP/Components/lsm6dsl/lsm6dsl_reg.o
                0x0000000008005014                lsm6dsl_gy_data_rate_set
 .text.lsm6dsl_block_data_update_set
                0x0000000008005060       0x4c ./Drivers/BSP/Components/lsm6dsl/lsm6dsl_reg.o
                0x0000000008005060                lsm6dsl_block_data_update_set
 .text.lsm6dsl_angular_rate_raw_get
                0x00000000080050ac       0x96 ./Drivers/BSP/Components/lsm6dsl/lsm6dsl_reg.o
                0x00000000080050ac                lsm6dsl_angular_rate_raw_get
 .text.lsm6dsl_auto_increment_set
                0x0000000008005142       0x4c ./Drivers/BSP/Components/lsm6dsl/lsm6dsl_reg.o
                0x0000000008005142                lsm6dsl_auto_increment_set
 .text.lsm6dsl_fifo_mode_set
                0x000000000800518e       0x4c ./Drivers/BSP/Components/lsm6dsl/lsm6dsl_reg.o
                0x000000000800518e                lsm6dsl_fifo_mode_set
 *fill*         0x00000000080051da        0x2 
 .text.HAL_Init
                0x00000000080051dc       0x40 ./Drivers/STM32L4xx_HAL_Driver/Src/stm32l4xx_hal.o
                0x00000000080051dc                HAL_Init
 .text.HAL_InitTick
                0x000000000800521c       0x78 ./Drivers/STM32L4xx_HAL_Driver/Src/stm32l4xx_hal.o
                0x000000000800521c                HAL_InitTick
 .text.HAL_IncTick
                0x0000000008005294       0x28 ./Drivers/STM32L4xx_HAL_Driver/Src/stm32l4xx_hal.o
                0x0000000008005294                HAL_IncTick
 .text.HAL_GetTick
                0x00000000080052bc       0x18 ./Drivers/STM32L4xx_HAL_Driver/Src/stm32l4xx_hal.o
                0x00000000080052bc                HAL_GetTick
 .text.HAL_Delay
                0x00000000080052d4       0x48 ./Drivers/STM32L4xx_HAL_Driver/Src/stm32l4xx_hal.o
                0x00000000080052d4                HAL_Delay
 .text.LL_ADC_SetCommonClock
                0x000000000800531c       0x26 ./Drivers/STM32L4xx_HAL_Driver/Src/stm32l4xx_hal_adc.o
 .text.LL_ADC_SetCommonPathInternalCh
                0x0000000008005342       0x26 ./Drivers/STM32L4xx_HAL_Driver/Src/stm32l4xx_hal_adc.o
 .text.LL_ADC_GetCommonPathInternalCh
                0x0000000008005368       0x1c ./Drivers/STM32L4xx_HAL_Driver/Src/stm32l4xx_hal_adc.o
 .text.LL_ADC_SetOffset
                0x0000000008005384       0x48 ./Drivers/STM32L4xx_HAL_Driver/Src/stm32l4xx_hal_adc.o
 .text.LL_ADC_GetOffsetChannel
                0x00000000080053cc       0x2c ./Drivers/STM32L4xx_HAL_Driver/Src/stm32l4xx_hal_adc.o
 .text.LL_ADC_SetOffsetState
                0x00000000080053f8       0x36 ./Drivers/STM32L4xx_HAL_Driver/Src/stm32l4xx_hal_adc.o
 .text.LL_ADC_REG_SetSequencerRanks
                0x000000000800542e       0x58 ./Drivers/STM32L4xx_HAL_Driver/Src/stm32l4xx_hal_adc.o
 .text.LL_ADC_SetChannelSamplingTime
                0x0000000008005486       0x56 ./Drivers/STM32L4xx_HAL_Driver/Src/stm32l4xx_hal_adc.o
 .text.LL_ADC_SetChannelSingleDiff
                0x00000000080054dc       0x48 ./Drivers/STM32L4xx_HAL_Driver/Src/stm32l4xx_hal_adc.o
 .text.LL_ADC_DisableDeepPowerDown
                0x0000000008005524       0x24 ./Drivers/STM32L4xx_HAL_Driver/Src/stm32l4xx_hal_adc.o
 .text.LL_ADC_IsDeepPowerDownEnabled
                0x0000000008005548       0x28 ./Drivers/STM32L4xx_HAL_Driver/Src/stm32l4xx_hal_adc.o
 .text.LL_ADC_EnableInternalRegulator
                0x0000000008005570       0x28 ./Drivers/STM32L4xx_HAL_Driver/Src/stm32l4xx_hal_adc.o
 .text.LL_ADC_IsInternalRegulatorEnabled
                0x0000000008005598       0x28 ./Drivers/STM32L4xx_HAL_Driver/Src/stm32l4xx_hal_adc.o
 .text.LL_ADC_IsEnabled
                0x00000000080055c0       0x26 ./Drivers/STM32L4xx_HAL_Driver/Src/stm32l4xx_hal_adc.o
 .text.LL_ADC_REG_IsConversionOngoing
                0x00000000080055e6       0x26 ./Drivers/STM32L4xx_HAL_Driver/Src/stm32l4xx_hal_adc.o
 .text.LL_ADC_INJ_IsConversionOngoing
                0x000000000800560c       0x26 ./Drivers/STM32L4xx_HAL_Driver/Src/stm32l4xx_hal_adc.o
 *fill*         0x0000000008005632        0x2 
 .text.HAL_ADC_Init
                0x0000000008005634      0x2ac ./Drivers/STM32L4xx_HAL_Driver/Src/stm32l4xx_hal_adc.o
                0x0000000008005634                HAL_ADC_Init
 .text.HAL_ADC_ConfigChannel
                0x00000000080058e0      0x7e0 ./Drivers/STM32L4xx_HAL_Driver/Src/stm32l4xx_hal_adc.o
                0x00000000080058e0                HAL_ADC_ConfigChannel
 .text.HAL_CAN_Init
                0x00000000080060c0      0x1f6 ./Drivers/STM32L4xx_HAL_Driver/Src/stm32l4xx_hal_can.o
                0x00000000080060c0                HAL_CAN_Init
 *fill*         0x00000000080062b6        0x2 
 .text.__NVIC_SetPriorityGrouping
                0x00000000080062b8       0x48 ./Drivers/STM32L4xx_HAL_Driver/Src/stm32l4xx_hal_cortex.o
 .text.__NVIC_GetPriorityGrouping
                0x0000000008006300       0x1c ./Drivers/STM32L4xx_HAL_Driver/Src/stm32l4xx_hal_cortex.o
 .text.__NVIC_EnableIRQ
                0x000000000800631c       0x3c ./Drivers/STM32L4xx_HAL_Driver/Src/stm32l4xx_hal_cortex.o
 .text.__NVIC_SetPriority
                0x0000000008006358       0x54 ./Drivers/STM32L4xx_HAL_Driver/Src/stm32l4xx_hal_cortex.o
 .text.NVIC_EncodePriority
                0x00000000080063ac       0x66 ./Drivers/STM32L4xx_HAL_Driver/Src/stm32l4xx_hal_cortex.o
 *fill*         0x0000000008006412        0x2 
 .text.SysTick_Config
                0x0000000008006414       0x44 ./Drivers/STM32L4xx_HAL_Driver/Src/stm32l4xx_hal_cortex.o
 .text.HAL_NVIC_SetPriorityGrouping
                0x0000000008006458       0x16 ./Drivers/STM32L4xx_HAL_Driver/Src/stm32l4xx_hal_cortex.o
                0x0000000008006458                HAL_NVIC_SetPriorityGrouping
 .text.HAL_NVIC_SetPriority
                0x000000000800646e       0x38 ./Drivers/STM32L4xx_HAL_Driver/Src/stm32l4xx_hal_cortex.o
                0x000000000800646e                HAL_NVIC_SetPriority
 .text.HAL_NVIC_EnableIRQ
                0x00000000080064a6       0x1c ./Drivers/STM32L4xx_HAL_Driver/Src/stm32l4xx_hal_cortex.o
                0x00000000080064a6                HAL_NVIC_EnableIRQ
 .text.HAL_SYSTICK_Config
                0x00000000080064c2       0x18 ./Drivers/STM32L4xx_HAL_Driver/Src/stm32l4xx_hal_cortex.o
                0x00000000080064c2                HAL_SYSTICK_Config
 .text.HAL_DMA_Abort
                0x00000000080064da       0x7c ./Drivers/STM32L4xx_HAL_Driver/Src/stm32l4xx_hal_dma.o
                0x00000000080064da                HAL_DMA_Abort
 .text.HAL_DMA_Abort_IT
                0x0000000008006556       0x82 ./Drivers/STM32L4xx_HAL_Driver/Src/stm32l4xx_hal_dma.o
                0x0000000008006556                HAL_DMA_Abort_IT
 .text.HAL_GPIO_Init
                0x00000000080065d8      0x354 ./Drivers/STM32L4xx_HAL_Driver/Src/stm32l4xx_hal_gpio.o
                0x00000000080065d8                HAL_GPIO_Init
 .text.HAL_GPIO_DeInit
                0x000000000800692c      0x1e8 ./Drivers/STM32L4xx_HAL_Driver/Src/stm32l4xx_hal_gpio.o
                0x000000000800692c                HAL_GPIO_DeInit
 .text.HAL_GPIO_WritePin
                0x0000000008006b14       0x30 ./Drivers/STM32L4xx_HAL_Driver/Src/stm32l4xx_hal_gpio.o
                0x0000000008006b14                HAL_GPIO_WritePin
 .text.HAL_I2C_Init
                0x0000000008006b44      0x11e ./Drivers/STM32L4xx_HAL_Driver/Src/stm32l4xx_hal_i2c.o
                0x0000000008006b44                HAL_I2C_Init
 .text.HAL_I2C_DeInit
                0x0000000008006c62       0x5e ./Drivers/STM32L4xx_HAL_Driver/Src/stm32l4xx_hal_i2c.o
                0x0000000008006c62                HAL_I2C_DeInit
 .text.HAL_I2C_Mem_Write
                0x0000000008006cc0      0x228 ./Drivers/STM32L4xx_HAL_Driver/Src/stm32l4xx_hal_i2c.o
                0x0000000008006cc0                HAL_I2C_Mem_Write
 .text.HAL_I2C_Mem_Read
                0x0000000008006ee8      0x234 ./Drivers/STM32L4xx_HAL_Driver/Src/stm32l4xx_hal_i2c.o
                0x0000000008006ee8                HAL_I2C_Mem_Read
 .text.HAL_I2C_GetState
                0x000000000800711c       0x1c ./Drivers/STM32L4xx_HAL_Driver/Src/stm32l4xx_hal_i2c.o
                0x000000000800711c                HAL_I2C_GetState
 .text.HAL_I2C_GetError
                0x0000000008007138       0x18 ./Drivers/STM32L4xx_HAL_Driver/Src/stm32l4xx_hal_i2c.o
                0x0000000008007138                HAL_I2C_GetError
 .text.I2C_RequestMemoryWrite
                0x0000000008007150       0xa8 ./Drivers/STM32L4xx_HAL_Driver/Src/stm32l4xx_hal_i2c.o
 .text.I2C_RequestMemoryRead
                0x00000000080071f8       0xa8 ./Drivers/STM32L4xx_HAL_Driver/Src/stm32l4xx_hal_i2c.o
 .text.I2C_Flush_TXDR
                0x00000000080072a0       0x48 ./Drivers/STM32L4xx_HAL_Driver/Src/stm32l4xx_hal_i2c.o
 .text.I2C_WaitOnFlagUntilTimeout
                0x00000000080072e8       0x80 ./Drivers/STM32L4xx_HAL_Driver/Src/stm32l4xx_hal_i2c.o
 .text.I2C_WaitOnTXISFlagUntilTimeout
                0x0000000008007368       0x80 ./Drivers/STM32L4xx_HAL_Driver/Src/stm32l4xx_hal_i2c.o
 .text.I2C_WaitOnSTOPFlagUntilTimeout
                0x00000000080073e8       0x78 ./Drivers/STM32L4xx_HAL_Driver/Src/stm32l4xx_hal_i2c.o
 .text.I2C_IsErrorOccurred
                0x0000000008007460      0x1d8 ./Drivers/STM32L4xx_HAL_Driver/Src/stm32l4xx_hal_i2c.o
 .text.I2C_TransferConfig
                0x0000000008007638       0x64 ./Drivers/STM32L4xx_HAL_Driver/Src/stm32l4xx_hal_i2c.o
 .text.HAL_I2CEx_ConfigAnalogFilter
                0x000000000800769c       0x96 ./Drivers/STM32L4xx_HAL_Driver/Src/stm32l4xx_hal_i2c_ex.o
                0x000000000800769c                HAL_I2CEx_ConfigAnalogFilter
 .text.HAL_I2CEx_ConfigDigitalFilter
                0x0000000008007732       0x98 ./Drivers/STM32L4xx_HAL_Driver/Src/stm32l4xx_hal_i2c_ex.o
                0x0000000008007732                HAL_I2CEx_ConfigDigitalFilter
 *fill*         0x00000000080077ca        0x2 
 .text.HAL_PWREx_GetVoltageRange
                0x00000000080077cc       0x1c ./Drivers/STM32L4xx_HAL_Driver/Src/stm32l4xx_hal_pwr_ex.o
                0x00000000080077cc                HAL_PWREx_GetVoltageRange
 .text.HAL_PWREx_ControlVoltageScaling
                0x00000000080077e8       0xac ./Drivers/STM32L4xx_HAL_Driver/Src/stm32l4xx_hal_pwr_ex.o
                0x00000000080077e8                HAL_PWREx_ControlVoltageScaling
 .text.HAL_RCC_OscConfig
                0x0000000008007894      0x7b8 ./Drivers/STM32L4xx_HAL_Driver/Src/stm32l4xx_hal_rcc.o
                0x0000000008007894                HAL_RCC_OscConfig
 .text.HAL_RCC_ClockConfig
                0x000000000800804c      0x200 ./Drivers/STM32L4xx_HAL_Driver/Src/stm32l4xx_hal_rcc.o
                0x000000000800804c                HAL_RCC_ClockConfig
 .text.HAL_RCC_GetSysClockFreq
                0x000000000800824c      0x118 ./Drivers/STM32L4xx_HAL_Driver/Src/stm32l4xx_hal_rcc.o
                0x000000000800824c                HAL_RCC_GetSysClockFreq
 .text.HAL_RCC_GetHCLKFreq
                0x0000000008008364       0x18 ./Drivers/STM32L4xx_HAL_Driver/Src/stm32l4xx_hal_rcc.o
                0x0000000008008364                HAL_RCC_GetHCLKFreq
 .text.HAL_RCC_GetPCLK1Freq
                0x000000000800837c       0x2c ./Drivers/STM32L4xx_HAL_Driver/Src/stm32l4xx_hal_rcc.o
                0x000000000800837c                HAL_RCC_GetPCLK1Freq
 .text.HAL_RCC_GetPCLK2Freq
                0x00000000080083a8       0x2c ./Drivers/STM32L4xx_HAL_Driver/Src/stm32l4xx_hal_rcc.o
                0x00000000080083a8                HAL_RCC_GetPCLK2Freq
 .text.RCC_SetFlashLatencyFromMSIRange
                0x00000000080083d4       0xc0 ./Drivers/STM32L4xx_HAL_Driver/Src/stm32l4xx_hal_rcc.o
 .text.HAL_RCCEx_PeriphCLKConfig
                0x0000000008008494      0x5d4 ./Drivers/STM32L4xx_HAL_Driver/Src/stm32l4xx_hal_rcc_ex.o
                0x0000000008008494                HAL_RCCEx_PeriphCLKConfig
 .text.RCCEx_PLLSAI1_Config
                0x0000000008008a68      0x1e8 ./Drivers/STM32L4xx_HAL_Driver/Src/stm32l4xx_hal_rcc_ex.o
 .text.RCCEx_PLLSAI2_Config
                0x0000000008008c50      0x1bc ./Drivers/STM32L4xx_HAL_Driver/Src/stm32l4xx_hal_rcc_ex.o
 .text.HAL_TIM_Base_Init
                0x0000000008008e0c       0xae ./Drivers/STM32L4xx_HAL_Driver/Src/stm32l4xx_hal_tim.o
                0x0000000008008e0c                HAL_TIM_Base_Init
 .text.HAL_TIM_PWM_Init
                0x0000000008008eba       0xae ./Drivers/STM32L4xx_HAL_Driver/Src/stm32l4xx_hal_tim.o
                0x0000000008008eba                HAL_TIM_PWM_Init
 .text.HAL_TIM_PWM_MspInit
                0x0000000008008f68       0x14 ./Drivers/STM32L4xx_HAL_Driver/Src/stm32l4xx_hal_tim.o
                0x0000000008008f68                HAL_TIM_PWM_MspInit
 .text.HAL_TIM_Encoder_Init
                0x0000000008008f7c      0x14c ./Drivers/STM32L4xx_HAL_Driver/Src/stm32l4xx_hal_tim.o
                0x0000000008008f7c                HAL_TIM_Encoder_Init
 .text.HAL_TIM_PWM_ConfigChannel
                0x00000000080090c8      0x228 ./Drivers/STM32L4xx_HAL_Driver/Src/stm32l4xx_hal_tim.o
                0x00000000080090c8                HAL_TIM_PWM_ConfigChannel
 .text.HAL_TIM_ConfigClockSource
                0x00000000080092f0      0x192 ./Drivers/STM32L4xx_HAL_Driver/Src/stm32l4xx_hal_tim.o
                0x00000000080092f0                HAL_TIM_ConfigClockSource
 *fill*         0x0000000008009482        0x2 
 .text.TIM_Base_SetConfig
                0x0000000008009484      0x134 ./Drivers/STM32L4xx_HAL_Driver/Src/stm32l4xx_hal_tim.o
                0x0000000008009484                TIM_Base_SetConfig
 .text.TIM_OC1_SetConfig
                0x00000000080095b8      0x120 ./Drivers/STM32L4xx_HAL_Driver/Src/stm32l4xx_hal_tim.o
 .text.TIM_OC2_SetConfig
                0x00000000080096d8      0x114 ./Drivers/STM32L4xx_HAL_Driver/Src/stm32l4xx_hal_tim.o
                0x00000000080096d8                TIM_OC2_SetConfig
 .text.TIM_OC3_SetConfig
                0x00000000080097ec      0x110 ./Drivers/STM32L4xx_HAL_Driver/Src/stm32l4xx_hal_tim.o
 .text.TIM_OC4_SetConfig
                0x00000000080098fc       0xd4 ./Drivers/STM32L4xx_HAL_Driver/Src/stm32l4xx_hal_tim.o
 .text.TIM_OC5_SetConfig
                0x00000000080099d0       0xc8 ./Drivers/STM32L4xx_HAL_Driver/Src/stm32l4xx_hal_tim.o
 .text.TIM_OC6_SetConfig
                0x0000000008009a98       0xcc ./Drivers/STM32L4xx_HAL_Driver/Src/stm32l4xx_hal_tim.o
 .text.TIM_TI1_ConfigInputStage
                0x0000000008009b64       0x5e ./Drivers/STM32L4xx_HAL_Driver/Src/stm32l4xx_hal_tim.o
 .text.TIM_TI2_ConfigInputStage
                0x0000000008009bc2       0x60 ./Drivers/STM32L4xx_HAL_Driver/Src/stm32l4xx_hal_tim.o
 .text.TIM_ITRx_SetConfig
                0x0000000008009c22       0x36 ./Drivers/STM32L4xx_HAL_Driver/Src/stm32l4xx_hal_tim.o
 .text.TIM_ETR_SetConfig
                0x0000000008009c58       0x40 ./Drivers/STM32L4xx_HAL_Driver/Src/stm32l4xx_hal_tim.o
                0x0000000008009c58                TIM_ETR_SetConfig
 .text.HAL_TIMEx_MasterConfigSynchronization
                0x0000000008009c98      0x110 ./Drivers/STM32L4xx_HAL_Driver/Src/stm32l4xx_hal_tim_ex.o
                0x0000000008009c98                HAL_TIMEx_MasterConfigSynchronization
 .text.HAL_TIMEx_ConfigBreakDeadTime
                0x0000000008009da8       0xfc ./Drivers/STM32L4xx_HAL_Driver/Src/stm32l4xx_hal_tim_ex.o
                0x0000000008009da8                HAL_TIMEx_ConfigBreakDeadTime
 .text.HAL_UART_Init
                0x0000000008009ea4       0x9c ./Drivers/STM32L4xx_HAL_Driver/Src/stm32l4xx_hal_uart.o
                0x0000000008009ea4                HAL_UART_Init
 .text.HAL_UART_Transmit_IT
                0x0000000008009f40       0xdc ./Drivers/STM32L4xx_HAL_Driver/Src/stm32l4xx_hal_uart.o
                0x0000000008009f40                HAL_UART_Transmit_IT
 .text.HAL_UART_IRQHandler
                0x000000000800a01c      0x5c4 ./Drivers/STM32L4xx_HAL_Driver/Src/stm32l4xx_hal_uart.o
                0x000000000800a01c                HAL_UART_IRQHandler
 .text.HAL_UART_ErrorCallback
                0x000000000800a5e0       0x14 ./Drivers/STM32L4xx_HAL_Driver/Src/stm32l4xx_hal_uart.o
                0x000000000800a5e0                HAL_UART_ErrorCallback
 .text.HAL_UARTEx_RxEventCallback
                0x000000000800a5f4       0x18 ./Drivers/STM32L4xx_HAL_Driver/Src/stm32l4xx_hal_uart.o
                0x000000000800a5f4                HAL_UARTEx_RxEventCallback
 .text.UART_SetConfig
                0x000000000800a60c      0x570 ./Drivers/STM32L4xx_HAL_Driver/Src/stm32l4xx_hal_uart.o
                0x000000000800a60c                UART_SetConfig
 .text.UART_AdvFeatureConfig
                0x000000000800ab7c      0x144 ./Drivers/STM32L4xx_HAL_Driver/Src/stm32l4xx_hal_uart.o
                0x000000000800ab7c                UART_AdvFeatureConfig
 .text.UART_CheckIdleState
                0x000000000800acc0       0x92 ./Drivers/STM32L4xx_HAL_Driver/Src/stm32l4xx_hal_uart.o
                0x000000000800acc0                UART_CheckIdleState
 .text.UART_WaitOnFlagUntilTimeout
                0x000000000800ad52      0x188 ./Drivers/STM32L4xx_HAL_Driver/Src/stm32l4xx_hal_uart.o
                0x000000000800ad52                UART_WaitOnFlagUntilTimeout
 .text.UART_EndRxTransfer
                0x000000000800aeda       0xc6 ./Drivers/STM32L4xx_HAL_Driver/Src/stm32l4xx_hal_uart.o
 .text.UART_DMAAbortOnError
                0x000000000800afa0       0x2c ./Drivers/STM32L4xx_HAL_Driver/Src/stm32l4xx_hal_uart.o
 .text.UART_TxISR_8BIT
                0x000000000800afcc       0xb8 ./Drivers/STM32L4xx_HAL_Driver/Src/stm32l4xx_hal_uart.o
 .text.UART_TxISR_16BIT
                0x000000000800b084       0xc0 ./Drivers/STM32L4xx_HAL_Driver/Src/stm32l4xx_hal_uart.o
 .text.UART_EndTransmit_IT
                0x000000000800b144       0x54 ./Drivers/STM32L4xx_HAL_Driver/Src/stm32l4xx_hal_uart.o
 .text.HAL_UARTEx_WakeupCallback
                0x000000000800b198       0x14 ./Drivers/STM32L4xx_HAL_Driver/Src/stm32l4xx_hal_uart_ex.o
                0x000000000800b198                HAL_UARTEx_WakeupCallback
 .text.makeFreeRtosPriority
                0x000000000800b1ac       0x30 ./Middlewares/Third_Party/FreeRTOS/Source/CMSIS_RTOS/cmsis_os.o
 .text.osKernelStart
                0x000000000800b1dc        0xe ./Middlewares/Third_Party/FreeRTOS/Source/CMSIS_RTOS/cmsis_os.o
                0x000000000800b1dc                osKernelStart
 .text.osThreadCreate
                0x000000000800b1ea       0x98 ./Middlewares/Third_Party/FreeRTOS/Source/CMSIS_RTOS/cmsis_os.o
                0x000000000800b1ea                osThreadCreate
 .text.osDelay  0x000000000800b282       0x28 ./Middlewares/Third_Party/FreeRTOS/Source/CMSIS_RTOS/cmsis_os.o
                0x000000000800b282                osDelay
 .text.vListInitialise
                0x000000000800b2aa       0x40 ./Middlewares/Third_Party/FreeRTOS/Source/list.o
                0x000000000800b2aa                vListInitialise
 .text.vListInitialiseItem
                0x000000000800b2ea       0x1a ./Middlewares/Third_Party/FreeRTOS/Source/list.o
                0x000000000800b2ea                vListInitialiseItem
 .text.vListInsertEnd
                0x000000000800b304       0x48 ./Middlewares/Third_Party/FreeRTOS/Source/list.o
                0x000000000800b304                vListInsertEnd
 .text.vListInsert
                0x000000000800b34c       0x72 ./Middlewares/Third_Party/FreeRTOS/Source/list.o
                0x000000000800b34c                vListInsert
 .text.uxListRemove
                0x000000000800b3be       0x54 ./Middlewares/Third_Party/FreeRTOS/Source/list.o
                0x000000000800b3be                uxListRemove
 .text.xTaskCreateStatic
                0x000000000800b412       0xba ./Middlewares/Third_Party/FreeRTOS/Source/tasks.o
                0x000000000800b412                xTaskCreateStatic
 .text.xTaskCreate
                0x000000000800b4cc       0x8a ./Middlewares/Third_Party/FreeRTOS/Source/tasks.o
                0x000000000800b4cc                xTaskCreate
 .text.prvInitialiseNewTask
                0x000000000800b556      0x10e ./Middlewares/Third_Party/FreeRTOS/Source/tasks.o
 .text.prvAddNewTaskToReadyList
                0x000000000800b664       0xd4 ./Middlewares/Third_Party/FreeRTOS/Source/tasks.o
 .text.vTaskDelay
                0x000000000800b738       0x68 ./Middlewares/Third_Party/FreeRTOS/Source/tasks.o
                0x000000000800b738                vTaskDelay
 .text.vTaskStartScheduler
                0x000000000800b7a0       0xc0 ./Middlewares/Third_Party/FreeRTOS/Source/tasks.o
                0x000000000800b7a0                vTaskStartScheduler
 .text.vTaskSuspendAll
                0x000000000800b860       0x1c ./Middlewares/Third_Party/FreeRTOS/Source/tasks.o
                0x000000000800b860                vTaskSuspendAll
 .text.xTaskResumeAll
                0x000000000800b87c      0x138 ./Middlewares/Third_Party/FreeRTOS/Source/tasks.o
                0x000000000800b87c                xTaskResumeAll
 .text.xTaskIncrementTick
                0x000000000800b9b4      0x170 ./Middlewares/Third_Party/FreeRTOS/Source/tasks.o
                0x000000000800b9b4                xTaskIncrementTick
 .text.vTaskSwitchContext
                0x000000000800bb24       0xb8 ./Middlewares/Third_Party/FreeRTOS/Source/tasks.o
                0x000000000800bb24                vTaskSwitchContext
 .text.prvIdleTask
                0x000000000800bbdc       0x30 ./Middlewares/Third_Party/FreeRTOS/Source/tasks.o
 .text.prvInitialiseTaskLists
                0x000000000800bc0c       0x80 ./Middlewares/Third_Party/FreeRTOS/Source/tasks.o
 .text.prvCheckTasksWaitingTermination
                0x000000000800bc8c       0x5c ./Middlewares/Third_Party/FreeRTOS/Source/tasks.o
 .text.prvDeleteTCB
                0x000000000800bce8       0x5e ./Middlewares/Third_Party/FreeRTOS/Source/tasks.o
 *fill*         0x000000000800bd46        0x2 
 .text.prvResetNextTaskUnblockTime
                0x000000000800bd48       0x40 ./Middlewares/Third_Party/FreeRTOS/Source/tasks.o
 .text.xTaskGetSchedulerState
                0x000000000800bd88       0x3c ./Middlewares/Third_Party/FreeRTOS/Source/tasks.o
                0x000000000800bd88                xTaskGetSchedulerState
 .text.prvAddCurrentTaskToDelayedList
                0x000000000800bdc4       0xcc ./Middlewares/Third_Party/FreeRTOS/Source/tasks.o
 .text.pxPortInitialiseStack
                0x000000000800be90       0x68 ./Middlewares/Third_Party/FreeRTOS/Source/portable/GCC/ARM_CM4F/port.o
                0x000000000800be90                pxPortInitialiseStack
 .text.prvTaskExitError
                0x000000000800bef8       0x58 ./Middlewares/Third_Party/FreeRTOS/Source/portable/GCC/ARM_CM4F/port.o
 .text.SVC_Handler
                0x000000000800bf50       0x28 ./Middlewares/Third_Party/FreeRTOS/Source/portable/GCC/ARM_CM4F/port.o
                0x000000000800bf50                SVC_Handler
 .text.prvPortStartFirstTask
                0x000000000800bf78       0x28 ./Middlewares/Third_Party/FreeRTOS/Source/portable/GCC/ARM_CM4F/port.o
 .text.xPortStartScheduler
                0x000000000800bfa0      0x144 ./Middlewares/Third_Party/FreeRTOS/Source/portable/GCC/ARM_CM4F/port.o
                0x000000000800bfa0                xPortStartScheduler
 .text.vPortEnterCritical
                0x000000000800c0e4       0x60 ./Middlewares/Third_Party/FreeRTOS/Source/portable/GCC/ARM_CM4F/port.o
                0x000000000800c0e4                vPortEnterCritical
 .text.vPortExitCritical
                0x000000000800c144       0x54 ./Middlewares/Third_Party/FreeRTOS/Source/portable/GCC/ARM_CM4F/port.o
                0x000000000800c144                vPortExitCritical
 *fill*         0x000000000800c198        0x8 
 .text.PendSV_Handler
                0x000000000800c1a0       0x68 ./Middlewares/Third_Party/FreeRTOS/Source/portable/GCC/ARM_CM4F/port.o
                0x000000000800c1a0                PendSV_Handler
 .text.xPortSysTickHandler
                0x000000000800c208       0x44 ./Middlewares/Third_Party/FreeRTOS/Source/portable/GCC/ARM_CM4F/port.o
                0x000000000800c208                xPortSysTickHandler
 .text.vPortSetupTimerInterrupt
                0x000000000800c24c       0x48 ./Middlewares/Third_Party/FreeRTOS/Source/portable/GCC/ARM_CM4F/port.o
                0x000000000800c24c                vPortSetupTimerInterrupt
 .text.vPortEnableVFP
                0x000000000800c294       0x14 ./Middlewares/Third_Party/FreeRTOS/Source/portable/GCC/ARM_CM4F/port.o
 .text.pvPortMalloc
                0x000000000800c2a8      0x198 ./Middlewares/Third_Party/FreeRTOS/Source/portable/MemMang/heap_4.o
                0x000000000800c2a8                pvPortMalloc
 .text.vPortFree
                0x000000000800c440       0xc4 ./Middlewares/Third_Party/FreeRTOS/Source/portable/MemMang/heap_4.o
                0x000000000800c440                vPortFree
 .text.prvHeapInit
                0x000000000800c504       0xc4 ./Middlewares/Third_Party/FreeRTOS/Source/portable/MemMang/heap_4.o
 .text.prvInsertBlockIntoFreeList
                0x000000000800c5c8       0xb4 ./Middlewares/Third_Party/FreeRTOS/Source/portable/MemMang/heap_4.o
 .text.__errno  0x000000000800c67c        0xc c:/st/stm32cubeide_1.12.1/stm32cubeide/plugins/com.st.stm32cube.ide.mcu.externaltools.gnu-tools-for-stm32.10.3-2021.10.win32_1.0.200.202301161003/tools/bin/../lib/gcc/arm-none-eabi/10.3.1/../../../../arm-none-eabi/lib/thumb/v7e-m+fp/hard\libc_nano.a(lib_a-errno.o)
                0x000000000800c67c                __errno
 .text.__libc_init_array
                0x000000000800c688       0x48 c:/st/stm32cubeide_1.12.1/stm32cubeide/plugins/com.st.stm32cube.ide.mcu.externaltools.gnu-tools-for-stm32.10.3-2021.10.win32_1.0.200.202301161003/tools/bin/../lib/gcc/arm-none-eabi/10.3.1/../../../../arm-none-eabi/lib/thumb/v7e-m+fp/hard\libc_nano.a(lib_a-init.o)
                0x000000000800c688                __libc_init_array
 .text.memcpy   0x000000000800c6d0       0x1c c:/st/stm32cubeide_1.12.1/stm32cubeide/plugins/com.st.stm32cube.ide.mcu.externaltools.gnu-tools-for-stm32.10.3-2021.10.win32_1.0.200.202301161003/tools/bin/../lib/gcc/arm-none-eabi/10.3.1/../../../../arm-none-eabi/lib/thumb/v7e-m+fp/hard\libc_nano.a(lib_a-memcpy-stub.o)
                0x000000000800c6d0                memcpy
 .text.memset   0x000000000800c6ec       0x10 c:/st/stm32cubeide_1.12.1/stm32cubeide/plugins/com.st.stm32cube.ide.mcu.externaltools.gnu-tools-for-stm32.10.3-2021.10.win32_1.0.200.202301161003/tools/bin/../lib/gcc/arm-none-eabi/10.3.1/../../../../arm-none-eabi/lib/thumb/v7e-m+fp/hard\libc_nano.a(lib_a-memset.o)
                0x000000000800c6ec                memset
 .text._scanf_float
                0x000000000800c6fc      0x420 c:/st/stm32cubeide_1.12.1/stm32cubeide/plugins/com.st.stm32cube.ide.mcu.externaltools.gnu-tools-for-stm32.10.3-2021.10.win32_1.0.200.202301161003/tools/bin/../lib/gcc/arm-none-eabi/10.3.1/../../../../arm-none-eabi/lib/thumb/v7e-m+fp/hard\libc_nano.a(lib_a-nano-vfscanf_float.o)
                0x000000000800c6fc                _scanf_float
 .text.nanf     0x000000000800cb1c        0xc c:/st/stm32cubeide_1.12.1/stm32cubeide/plugins/com.st.stm32cube.ide.mcu.externaltools.gnu-tools-for-stm32.10.3-2021.10.win32_1.0.200.202301161003/tools/bin/../lib/gcc/arm-none-eabi/10.3.1/../../../../arm-none-eabi/lib/thumb/v7e-m+fp/hard\libc_nano.a(lib_a-sf_nan.o)
                0x000000000800cb1c                nanf
 .text.snprintf
                0x000000000800cb28       0x68 c:/st/stm32cubeide_1.12.1/stm32cubeide/plugins/com.st.stm32cube.ide.mcu.externaltools.gnu-tools-for-stm32.10.3-2021.10.win32_1.0.200.202301161003/tools/bin/../lib/gcc/arm-none-eabi/10.3.1/../../../../arm-none-eabi/lib/thumb/v7e-m+fp/hard\libc_nano.a(lib_a-snprintf.o)
                0x000000000800cb28                sniprintf
                0x000000000800cb28                snprintf
 .text.sprintf  0x000000000800cb90       0x40 c:/st/stm32cubeide_1.12.1/stm32cubeide/plugins/com.st.stm32cube.ide.mcu.externaltools.gnu-tools-for-stm32.10.3-2021.10.win32_1.0.200.202301161003/tools/bin/../lib/gcc/arm-none-eabi/10.3.1/../../../../arm-none-eabi/lib/thumb/v7e-m+fp/hard\libc_nano.a(lib_a-sprintf.o)
                0x000000000800cb90                siprintf
                0x000000000800cb90                sprintf
 .text.__sread  0x000000000800cbd0       0x22 c:/st/stm32cubeide_1.12.1/stm32cubeide/plugins/com.st.stm32cube.ide.mcu.externaltools.gnu-tools-for-stm32.10.3-2021.10.win32_1.0.200.202301161003/tools/bin/../lib/gcc/arm-none-eabi/10.3.1/../../../../arm-none-eabi/lib/thumb/v7e-m+fp/hard\libc_nano.a(lib_a-stdio.o)
                0x000000000800cbd0                __sread
 .text.__swrite
                0x000000000800cbf2       0x38 c:/st/stm32cubeide_1.12.1/stm32cubeide/plugins/com.st.stm32cube.ide.mcu.externaltools.gnu-tools-for-stm32.10.3-2021.10.win32_1.0.200.202301161003/tools/bin/../lib/gcc/arm-none-eabi/10.3.1/../../../../arm-none-eabi/lib/thumb/v7e-m+fp/hard\libc_nano.a(lib_a-stdio.o)
                0x000000000800cbf2                __swrite
 .text.__sseek  0x000000000800cc2a       0x24 c:/st/stm32cubeide_1.12.1/stm32cubeide/plugins/com.st.stm32cube.ide.mcu.externaltools.gnu-tools-for-stm32.10.3-2021.10.win32_1.0.200.202301161003/tools/bin/../lib/gcc/arm-none-eabi/10.3.1/../../../../arm-none-eabi/lib/thumb/v7e-m+fp/hard\libc_nano.a(lib_a-stdio.o)
                0x000000000800cc2a                __sseek
 .text.__sclose
                0x000000000800cc4e        0x8 c:/st/stm32cubeide_1.12.1/stm32cubeide/plugins/com.st.stm32cube.ide.mcu.externaltools.gnu-tools-for-stm32.10.3-2021.10.win32_1.0.200.202301161003/tools/bin/../lib/gcc/arm-none-eabi/10.3.1/../../../../arm-none-eabi/lib/thumb/v7e-m+fp/hard\libc_nano.a(lib_a-stdio.o)
                0x000000000800cc4e                __sclose
 .text.strncmp  0x000000000800cc56       0x28 c:/st/stm32cubeide_1.12.1/stm32cubeide/plugins/com.st.stm32cube.ide.mcu.externaltools.gnu-tools-for-stm32.10.3-2021.10.win32_1.0.200.202301161003/tools/bin/../lib/gcc/arm-none-eabi/10.3.1/../../../../arm-none-eabi/lib/thumb/v7e-m+fp/hard\libc_nano.a(lib_a-strncmp.o)
                0x000000000800cc56                strncmp
 .text.sulp     0x000000000800cc7e       0x38 c:/st/stm32cubeide_1.12.1/stm32cubeide/plugins/com.st.stm32cube.ide.mcu.externaltools.gnu-tools-for-stm32.10.3-2021.10.win32_1.0.200.202301161003/tools/bin/../lib/gcc/arm-none-eabi/10.3.1/../../../../arm-none-eabi/lib/thumb/v7e-m+fp/hard\libc_nano.a(lib_a-strtod.o)
 *fill*         0x000000000800ccb6        0x2 
 .text._strtod_l
                0x000000000800ccb8      0xc0c c:/st/stm32cubeide_1.12.1/stm32cubeide/plugins/com.st.stm32cube.ide.mcu.externaltools.gnu-tools-for-stm32.10.3-2021.10.win32_1.0.200.202301161003/tools/bin/../lib/gcc/arm-none-eabi/10.3.1/../../../../arm-none-eabi/lib/thumb/v7e-m+fp/hard\libc_nano.a(lib_a-strtod.o)
                0x000000000800ccb8                _strtod_l
 .text._strtod_r
                0x000000000800d8c4        0xc c:/st/stm32cubeide_1.12.1/stm32cubeide/plugins/com.st.stm32cube.ide.mcu.externaltools.gnu-tools-for-stm32.10.3-2021.10.win32_1.0.200.202301161003/tools/bin/../lib/gcc/arm-none-eabi/10.3.1/../../../../arm-none-eabi/lib/thumb/v7e-m+fp/hard\libc_nano.a(lib_a-strtod.o)
                0x000000000800d8c4                _strtod_r
 .text._strtol_l.constprop.0
                0x000000000800d8d0      0x104 c:/st/stm32cubeide_1.12.1/stm32cubeide/plugins/com.st.stm32cube.ide.mcu.externaltools.gnu-tools-for-stm32.10.3-2021.10.win32_1.0.200.202301161003/tools/bin/../lib/gcc/arm-none-eabi/10.3.1/../../../../arm-none-eabi/lib/thumb/v7e-m+fp/hard\libc_nano.a(lib_a-strtol.o)
 .text._strtol_r
                0x000000000800d9d4        0x4 c:/st/stm32cubeide_1.12.1/stm32cubeide/plugins/com.st.stm32cube.ide.mcu.externaltools.gnu-tools-for-stm32.10.3-2021.10.win32_1.0.200.202301161003/tools/bin/../lib/gcc/arm-none-eabi/10.3.1/../../../../arm-none-eabi/lib/thumb/v7e-m+fp/hard\libc_nano.a(lib_a-strtol.o)
                0x000000000800d9d4                _strtol_r
 .text._write_r
                0x000000000800d9d8       0x24 c:/st/stm32cubeide_1.12.1/stm32cubeide/plugins/com.st.stm32cube.ide.mcu.externaltools.gnu-tools-for-stm32.10.3-2021.10.win32_1.0.200.202301161003/tools/bin/../lib/gcc/arm-none-eabi/10.3.1/../../../../arm-none-eabi/lib/thumb/v7e-m+fp/hard\libc_nano.a(lib_a-writer.o)
                0x000000000800d9d8                _write_r
 .text._close_r
                0x000000000800d9fc       0x20 c:/st/stm32cubeide_1.12.1/stm32cubeide/plugins/com.st.stm32cube.ide.mcu.externaltools.gnu-tools-for-stm32.10.3-2021.10.win32_1.0.200.202301161003/tools/bin/../lib/gcc/arm-none-eabi/10.3.1/../../../../arm-none-eabi/lib/thumb/v7e-m+fp/hard\libc_nano.a(lib_a-closer.o)
                0x000000000800d9fc                _close_r
 .text.rshift   0x000000000800da1c       0xa4 c:/st/stm32cubeide_1.12.1/stm32cubeide/plugins/com.st.stm32cube.ide.mcu.externaltools.gnu-tools-for-stm32.10.3-2021.10.win32_1.0.200.202301161003/tools/bin/../lib/gcc/arm-none-eabi/10.3.1/../../../../arm-none-eabi/lib/thumb/v7e-m+fp/hard\libc_nano.a(lib_a-gdtoa-gethex.o)
 .text.__hexdig_fun
                0x000000000800dac0       0x2a c:/st/stm32cubeide_1.12.1/stm32cubeide/plugins/com.st.stm32cube.ide.mcu.externaltools.gnu-tools-for-stm32.10.3-2021.10.win32_1.0.200.202301161003/tools/bin/../lib/gcc/arm-none-eabi/10.3.1/../../../../arm-none-eabi/lib/thumb/v7e-m+fp/hard\libc_nano.a(lib_a-gdtoa-gethex.o)
                0x000000000800dac0                __hexdig_fun
 *fill*         0x000000000800daea        0x2 
 .text.__gethex
                0x000000000800daec      0x48c c:/st/stm32cubeide_1.12.1/stm32cubeide/plugins/com.st.stm32cube.ide.mcu.externaltools.gnu-tools-for-stm32.10.3-2021.10.win32_1.0.200.202301161003/tools/bin/../lib/gcc/arm-none-eabi/10.3.1/../../../../arm-none-eabi/lib/thumb/v7e-m+fp/hard\libc_nano.a(lib_a-gdtoa-gethex.o)
                0x000000000800daec                __gethex
 .text.L_shift  0x000000000800df78       0x24 c:/st/stm32cubeide_1.12.1/stm32cubeide/plugins/com.st.stm32cube.ide.mcu.externaltools.gnu-tools-for-stm32.10.3-2021.10.win32_1.0.200.202301161003/tools/bin/../lib/gcc/arm-none-eabi/10.3.1/../../../../arm-none-eabi/lib/thumb/v7e-m+fp/hard\libc_nano.a(lib_a-gdtoa-hexnan.o)
 .text.__match  0x000000000800df9c       0x28 c:/st/stm32cubeide_1.12.1/stm32cubeide/plugins/com.st.stm32cube.ide.mcu.externaltools.gnu-tools-for-stm32.10.3-2021.10.win32_1.0.200.202301161003/tools/bin/../lib/gcc/arm-none-eabi/10.3.1/../../../../arm-none-eabi/lib/thumb/v7e-m+fp/hard\libc_nano.a(lib_a-gdtoa-hexnan.o)
                0x000000000800df9c                __match
 .text.__hexnan
                0x000000000800dfc4      0x138 c:/st/stm32cubeide_1.12.1/stm32cubeide/plugins/com.st.stm32cube.ide.mcu.externaltools.gnu-tools-for-stm32.10.3-2021.10.win32_1.0.200.202301161003/tools/bin/../lib/gcc/arm-none-eabi/10.3.1/../../../../arm-none-eabi/lib/thumb/v7e-m+fp/hard\libc_nano.a(lib_a-gdtoa-hexnan.o)
                0x000000000800dfc4                __hexnan
 .text._lseek_r
                0x000000000800e0fc       0x24 c:/st/stm32cubeide_1.12.1/stm32cubeide/plugins/com.st.stm32cube.ide.mcu.externaltools.gnu-tools-for-stm32.10.3-2021.10.win32_1.0.200.202301161003/tools/bin/../lib/gcc/arm-none-eabi/10.3.1/../../../../arm-none-eabi/lib/thumb/v7e-m+fp/hard\libc_nano.a(lib_a-lseekr.o)
                0x000000000800e0fc                _lseek_r
 .text.__ascii_mbtowc
                0x000000000800e120       0x24 c:/st/stm32cubeide_1.12.1/stm32cubeide/plugins/com.st.stm32cube.ide.mcu.externaltools.gnu-tools-for-stm32.10.3-2021.10.win32_1.0.200.202301161003/tools/bin/../lib/gcc/arm-none-eabi/10.3.1/../../../../arm-none-eabi/lib/thumb/v7e-m+fp/hard\libc_nano.a(lib_a-mbtowc_r.o)
                0x000000000800e120                __ascii_mbtowc
 .text._Balloc  0x000000000800e144       0x80 c:/st/stm32cubeide_1.12.1/stm32cubeide/plugins/com.st.stm32cube.ide.mcu.externaltools.gnu-tools-for-stm32.10.3-2021.10.win32_1.0.200.202301161003/tools/bin/../lib/gcc/arm-none-eabi/10.3.1/../../../../arm-none-eabi/lib/thumb/v7e-m+fp/hard\libc_nano.a(lib_a-mprec.o)
                0x000000000800e144                _Balloc
 .text._Bfree   0x000000000800e1c4       0x44 c:/st/stm32cubeide_1.12.1/stm32cubeide/plugins/com.st.stm32cube.ide.mcu.externaltools.gnu-tools-for-stm32.10.3-2021.10.win32_1.0.200.202301161003/tools/bin/../lib/gcc/arm-none-eabi/10.3.1/../../../../arm-none-eabi/lib/thumb/v7e-m+fp/hard\libc_nano.a(lib_a-mprec.o)
                0x000000000800e1c4                _Bfree
 .text.__multadd
                0x000000000800e208       0x8c c:/st/stm32cubeide_1.12.1/stm32cubeide/plugins/com.st.stm32cube.ide.mcu.externaltools.gnu-tools-for-stm32.10.3-2021.10.win32_1.0.200.202301161003/tools/bin/../lib/gcc/arm-none-eabi/10.3.1/../../../../arm-none-eabi/lib/thumb/v7e-m+fp/hard\libc_nano.a(lib_a-mprec.o)
                0x000000000800e208                __multadd
 .text.__s2b    0x000000000800e294       0x94 c:/st/stm32cubeide_1.12.1/stm32cubeide/plugins/com.st.stm32cube.ide.mcu.externaltools.gnu-tools-for-stm32.10.3-2021.10.win32_1.0.200.202301161003/tools/bin/../lib/gcc/arm-none-eabi/10.3.1/../../../../arm-none-eabi/lib/thumb/v7e-m+fp/hard\libc_nano.a(lib_a-mprec.o)
                0x000000000800e294                __s2b
 .text.__hi0bits
                0x000000000800e328       0x40 c:/st/stm32cubeide_1.12.1/stm32cubeide/plugins/com.st.stm32cube.ide.mcu.externaltools.gnu-tools-for-stm32.10.3-2021.10.win32_1.0.200.202301161003/tools/bin/../lib/gcc/arm-none-eabi/10.3.1/../../../../arm-none-eabi/lib/thumb/v7e-m+fp/hard\libc_nano.a(lib_a-mprec.o)
                0x000000000800e328                __hi0bits
 .text.__lo0bits
                0x000000000800e368       0x5e c:/st/stm32cubeide_1.12.1/stm32cubeide/plugins/com.st.stm32cube.ide.mcu.externaltools.gnu-tools-for-stm32.10.3-2021.10.win32_1.0.200.202301161003/tools/bin/../lib/gcc/arm-none-eabi/10.3.1/../../../../arm-none-eabi/lib/thumb/v7e-m+fp/hard\libc_nano.a(lib_a-mprec.o)
                0x000000000800e368                __lo0bits
 *fill*         0x000000000800e3c6        0x2 
 .text.__i2b    0x000000000800e3c8       0x2c c:/st/stm32cubeide_1.12.1/stm32cubeide/plugins/com.st.stm32cube.ide.mcu.externaltools.gnu-tools-for-stm32.10.3-2021.10.win32_1.0.200.202301161003/tools/bin/../lib/gcc/arm-none-eabi/10.3.1/../../../../arm-none-eabi/lib/thumb/v7e-m+fp/hard\libc_nano.a(lib_a-mprec.o)
                0x000000000800e3c8                __i2b
 .text.__multiply
                0x000000000800e3f4      0x154 c:/st/stm32cubeide_1.12.1/stm32cubeide/plugins/com.st.stm32cube.ide.mcu.externaltools.gnu-tools-for-stm32.10.3-2021.10.win32_1.0.200.202301161003/tools/bin/../lib/gcc/arm-none-eabi/10.3.1/../../../../arm-none-eabi/lib/thumb/v7e-m+fp/hard\libc_nano.a(lib_a-mprec.o)
                0x000000000800e3f4                __multiply
 .text.__pow5mult
                0x000000000800e548       0xb4 c:/st/stm32cubeide_1.12.1/stm32cubeide/plugins/com.st.stm32cube.ide.mcu.externaltools.gnu-tools-for-stm32.10.3-2021.10.win32_1.0.200.202301161003/tools/bin/../lib/gcc/arm-none-eabi/10.3.1/../../../../arm-none-eabi/lib/thumb/v7e-m+fp/hard\libc_nano.a(lib_a-mprec.o)
                0x000000000800e548                __pow5mult
 .text.__lshift
                0x000000000800e5fc       0xe0 c:/st/stm32cubeide_1.12.1/stm32cubeide/plugins/com.st.stm32cube.ide.mcu.externaltools.gnu-tools-for-stm32.10.3-2021.10.win32_1.0.200.202301161003/tools/bin/../lib/gcc/arm-none-eabi/10.3.1/../../../../arm-none-eabi/lib/thumb/v7e-m+fp/hard\libc_nano.a(lib_a-mprec.o)
                0x000000000800e5fc                __lshift
 .text.__mcmp   0x000000000800e6dc       0x38 c:/st/stm32cubeide_1.12.1/stm32cubeide/plugins/com.st.stm32cube.ide.mcu.externaltools.gnu-tools-for-stm32.10.3-2021.10.win32_1.0.200.202301161003/tools/bin/../lib/gcc/arm-none-eabi/10.3.1/../../../../arm-none-eabi/lib/thumb/v7e-m+fp/hard\libc_nano.a(lib_a-mprec.o)
                0x000000000800e6dc                __mcmp
 .text.__mdiff  0x000000000800e714      0x114 c:/st/stm32cubeide_1.12.1/stm32cubeide/plugins/com.st.stm32cube.ide.mcu.externaltools.gnu-tools-for-stm32.10.3-2021.10.win32_1.0.200.202301161003/tools/bin/../lib/gcc/arm-none-eabi/10.3.1/../../../../arm-none-eabi/lib/thumb/v7e-m+fp/hard\libc_nano.a(lib_a-mprec.o)
                0x000000000800e714                __mdiff
 .text.__ulp    0x000000000800e828       0x58 c:/st/stm32cubeide_1.12.1/stm32cubeide/plugins/com.st.stm32cube.ide.mcu.externaltools.gnu-tools-for-stm32.10.3-2021.10.win32_1.0.200.202301161003/tools/bin/../lib/gcc/arm-none-eabi/10.3.1/../../../../arm-none-eabi/lib/thumb/v7e-m+fp/hard\libc_nano.a(lib_a-mprec.o)
                0x000000000800e828                __ulp
 .text.__b2d    0x000000000800e880       0xa0 c:/st/stm32cubeide_1.12.1/stm32cubeide/plugins/com.st.stm32cube.ide.mcu.externaltools.gnu-tools-for-stm32.10.3-2021.10.win32_1.0.200.202301161003/tools/bin/../lib/gcc/arm-none-eabi/10.3.1/../../../../arm-none-eabi/lib/thumb/v7e-m+fp/hard\libc_nano.a(lib_a-mprec.o)
                0x000000000800e880                __b2d
 .text.__d2b    0x000000000800e920       0xb8 c:/st/stm32cubeide_1.12.1/stm32cubeide/plugins/com.st.stm32cube.ide.mcu.externaltools.gnu-tools-for-stm32.10.3-2021.10.win32_1.0.200.202301161003/tools/bin/../lib/gcc/arm-none-eabi/10.3.1/../../../../arm-none-eabi/lib/thumb/v7e-m+fp/hard\libc_nano.a(lib_a-mprec.o)
                0x000000000800e920                __d2b
 .text.__ratio  0x000000000800e9d8       0x66 c:/st/stm32cubeide_1.12.1/stm32cubeide/plugins/com.st.stm32cube.ide.mcu.externaltools.gnu-tools-for-stm32.10.3-2021.10.win32_1.0.200.202301161003/tools/bin/../lib/gcc/arm-none-eabi/10.3.1/../../../../arm-none-eabi/lib/thumb/v7e-m+fp/hard\libc_nano.a(lib_a-mprec.o)
                0x000000000800e9d8                __ratio
 .text.__copybits
                0x000000000800ea3e       0x46 c:/st/stm32cubeide_1.12.1/stm32cubeide/plugins/com.st.stm32cube.ide.mcu.externaltools.gnu-tools-for-stm32.10.3-2021.10.win32_1.0.200.202301161003/tools/bin/../lib/gcc/arm-none-eabi/10.3.1/../../../../arm-none-eabi/lib/thumb/v7e-m+fp/hard\libc_nano.a(lib_a-mprec.o)
                0x000000000800ea3e                __copybits
 .text.__any_on
                0x000000000800ea84       0x42 c:/st/stm32cubeide_1.12.1/stm32cubeide/plugins/com.st.stm32cube.ide.mcu.externaltools.gnu-tools-for-stm32.10.3-2021.10.win32_1.0.200.202301161003/tools/bin/../lib/gcc/arm-none-eabi/10.3.1/../../../../arm-none-eabi/lib/thumb/v7e-m+fp/hard\libc_nano.a(lib_a-mprec.o)
                0x000000000800ea84                __any_on
 .text._calloc_r
                0x000000000800eac6       0x2c c:/st/stm32cubeide_1.12.1/stm32cubeide/plugins/com.st.stm32cube.ide.mcu.externaltools.gnu-tools-for-stm32.10.3-2021.10.win32_1.0.200.202301161003/tools/bin/../lib/gcc/arm-none-eabi/10.3.1/../../../../arm-none-eabi/lib/thumb/v7e-m+fp/hard\libc_nano.a(lib_a-nano-callocr.o)
                0x000000000800eac6                _calloc_r
 *fill*         0x000000000800eaf2        0x2 
 .text.sbrk_aligned
                0x000000000800eaf4       0x40 c:/st/stm32cubeide_1.12.1/stm32cubeide/plugins/com.st.stm32cube.ide.mcu.externaltools.gnu-tools-for-stm32.10.3-2021.10.win32_1.0.200.202301161003/tools/bin/../lib/gcc/arm-none-eabi/10.3.1/../../../../arm-none-eabi/lib/thumb/v7e-m+fp/hard\libc_nano.a(lib_a-nano-mallocr.o)
 .text._malloc_r
                0x000000000800eb34       0xe8 c:/st/stm32cubeide_1.12.1/stm32cubeide/plugins/com.st.stm32cube.ide.mcu.externaltools.gnu-tools-for-stm32.10.3-2021.10.win32_1.0.200.202301161003/tools/bin/../lib/gcc/arm-none-eabi/10.3.1/../../../../arm-none-eabi/lib/thumb/v7e-m+fp/hard\libc_nano.a(lib_a-nano-mallocr.o)
                0x000000000800eb34                _malloc_r
 .text.__ssputs_r
                0x000000000800ec1c       0xb6 c:/st/stm32cubeide_1.12.1/stm32cubeide/plugins/com.st.stm32cube.ide.mcu.externaltools.gnu-tools-for-stm32.10.3-2021.10.win32_1.0.200.202301161003/tools/bin/../lib/gcc/arm-none-eabi/10.3.1/../../../../arm-none-eabi/lib/thumb/v7e-m+fp/hard\libc_nano.a(lib_a-nano-svfprintf.o)
                0x000000000800ec1c                __ssputs_r
 *fill*         0x000000000800ecd2        0x2 
 .text._svfprintf_r
                0x000000000800ecd4      0x200 c:/st/stm32cubeide_1.12.1/stm32cubeide/plugins/com.st.stm32cube.ide.mcu.externaltools.gnu-tools-for-stm32.10.3-2021.10.win32_1.0.200.202301161003/tools/bin/../lib/gcc/arm-none-eabi/10.3.1/../../../../arm-none-eabi/lib/thumb/v7e-m+fp/hard\libc_nano.a(lib_a-nano-svfprintf.o)
                0x000000000800ecd4                _svfiprintf_r
                0x000000000800ecd4                _svfprintf_r
 .text._printf_common
                0x000000000800eed4       0xda c:/st/stm32cubeide_1.12.1/stm32cubeide/plugins/com.st.stm32cube.ide.mcu.externaltools.gnu-tools-for-stm32.10.3-2021.10.win32_1.0.200.202301161003/tools/bin/../lib/gcc/arm-none-eabi/10.3.1/../../../../arm-none-eabi/lib/thumb/v7e-m+fp/hard\libc_nano.a(lib_a-nano-vfprintf_i.o)
                0x000000000800eed4                _printf_common
 *fill*         0x000000000800efae        0x2 
 .text._printf_i
                0x000000000800efb0      0x24c c:/st/stm32cubeide_1.12.1/stm32cubeide/plugins/com.st.stm32cube.ide.mcu.externaltools.gnu-tools-for-stm32.10.3-2021.10.win32_1.0.200.202301161003/tools/bin/../lib/gcc/arm-none-eabi/10.3.1/../../../../arm-none-eabi/lib/thumb/v7e-m+fp/hard\libc_nano.a(lib_a-nano-vfprintf_i.o)
                0x000000000800efb0                _printf_i
 .text._read_r  0x000000000800f1fc       0x24 c:/st/stm32cubeide_1.12.1/stm32cubeide/plugins/com.st.stm32cube.ide.mcu.externaltools.gnu-tools-for-stm32.10.3-2021.10.win32_1.0.200.202301161003/tools/bin/../lib/gcc/arm-none-eabi/10.3.1/../../../../arm-none-eabi/lib/thumb/v7e-m+fp/hard\libc_nano.a(lib_a-readr.o)
                0x000000000800f1fc                _read_r
 .text.nan      0x000000000800f220       0x10 c:/st/stm32cubeide_1.12.1/stm32cubeide/plugins/com.st.stm32cube.ide.mcu.externaltools.gnu-tools-for-stm32.10.3-2021.10.win32_1.0.200.202301161003/tools/bin/../lib/gcc/arm-none-eabi/10.3.1/../../../../arm-none-eabi/lib/thumb/v7e-m+fp/hard\libc_nano.a(lib_a-s_nan.o)
                0x000000000800f220                nan