Archive member included to satisfy reference by file (symbol)

/opt/st/stm32cubeide_1.16.0/plugins/com.st.stm32cube.ide.mcu.externaltools.gnu-tools-for-stm32.13.3.rel1.linux64_1.0.0.202410170706/tools/bin/../lib/gcc/arm-none-eabi/13.3.1/../../../../arm-none-eabi/lib/thumb/v7-m/nofp/libc_nano.a(libc_a-exit.o)
                              /opt/st/stm32cubeide_1.16.0/plugins/com.st.stm32cube.ide.mcu.externaltools.gnu-tools-for-stm32.13.3.rel1.linux64_1.0.0.202410170706/tools/bin/../lib/gcc/arm-none-eabi/13.3.1/../../../../arm-none-eabi/lib/thumb/v7-m/nofp/crt0.o (exit)
/opt/st/stm32cubeide_1.16.0/plugins/com.st.stm32cube.ide.mcu.externaltools.gnu-tools-for-stm32.13.3.rel1.linux64_1.0.0.202410170706/tools/bin/../lib/gcc/arm-none-eabi/13.3.1/../../../../arm-none-eabi/lib/thumb/v7-m/nofp/libc_nano.a(libc_a-findfp.o)
                              /opt/st/stm32cubeide_1.16.0/plugins/com.st.stm32cube.ide.mcu.externaltools.gnu-tools-for-stm32.13.3.rel1.linux64_1.0.0.202410170706/tools/bin/../lib/gcc/arm-none-eabi/13.3.1/../../../../arm-none-eabi/lib/thumb/v7-m/nofp/libc_nano.a(libc_a-exit.o) (__stdio_exit_handler)
/opt/st/stm32cubeide_1.16.0/plugins/com.st.stm32cube.ide.mcu.externaltools.gnu-tools-for-stm32.13.3.rel1.linux64_1.0.0.202410170706/tools/bin/../lib/gcc/arm-none-eabi/13.3.1/../../../../arm-none-eabi/lib/thumb/v7-m/nofp/libc_nano.a(libc_a-fwalk.o)
                              /opt/st/stm32cubeide_1.16.0/plugins/com.st.stm32cube.ide.mcu.externaltools.gnu-tools-for-stm32.13.3.rel1.linux64_1.0.0.202410170706/tools/bin/../lib/gcc/arm-none-eabi/13.3.1/../../../../arm-none-eabi/lib/thumb/v7-m/nofp/libc_nano.a(libc_a-findfp.o) (_fwalk_sglue)
/opt/st/stm32cubeide_1.16.0/plugins/com.st.stm32cube.ide.mcu.externaltools.gnu-tools-for-stm32.13.3.rel1.linux64_1.0.0.202410170706/tools/bin/../lib/gcc/arm-none-eabi/13.3.1/../../../../arm-none-eabi/lib/thumb/v7-m/nofp/libc_nano.a(libc_a-stdio.o)
                              /opt/st/stm32cubeide_1.16.0/plugins/com.st.stm32cube.ide.mcu.externaltools.gnu-tools-for-stm32.13.3.rel1.linux64_1.0.0.202410170706/tools/bin/../lib/gcc/arm-none-eabi/13.3.1/../../../../arm-none-eabi/lib/thumb/v7-m/nofp/libc_nano.a(libc_a-findfp.o) (__sread)
/opt/st/stm32cubeide_1.16.0/plugins/com.st.stm32cube.ide.mcu.externaltools.gnu-tools-for-stm32.13.3.rel1.linux64_1.0.0.202410170706/tools/bin/../lib/gcc/arm-none-eabi/13.3.1/../../../../arm-none-eabi/lib/thumb/v7-m/nofp/libc_nano.a(libc_a-memset.o)
                              /opt/st/stm32cubeide_1.16.0/plugins/com.st.stm32cube.ide.mcu.externaltools.gnu-tools-for-stm32.13.3.rel1.linux64_1.0.0.202410170706/tools/bin/../lib/gcc/arm-none-eabi/13.3.1/../../../../arm-none-eabi/lib/thumb/v7-m/nofp/crt0.o (memset)
/opt/st/stm32cubeide_1.16.0/plugins/com.st.stm32cube.ide.mcu.externaltools.gnu-tools-for-stm32.13.3.rel1.linux64_1.0.0.202410170706/tools/bin/../lib/gcc/arm-none-eabi/13.3.1/../../../../arm-none-eabi/lib/thumb/v7-m/nofp/libc_nano.a(libc_a-closer.o)
                              /opt/st/stm32cubeide_1.16.0/plugins/com.st.stm32cube.ide.mcu.externaltools.gnu-tools-for-stm32.13.3.rel1.linux64_1.0.0.202410170706/tools/bin/../lib/gcc/arm-none-eabi/13.3.1/../../../../arm-none-eabi/lib/thumb/v7-m/nofp/libc_nano.a(libc_a-stdio.o) (_close_r)
/opt/st/stm32cubeide_1.16.0/plugins/com.st.stm32cube.ide.mcu.externaltools.gnu-tools-for-stm32.13.3.rel1.linux64_1.0.0.202410170706/tools/bin/../lib/gcc/arm-none-eabi/13.3.1/../../../../arm-none-eabi/lib/thumb/v7-m/nofp/libc_nano.a(libc_a-reent.o)
                              /opt/st/stm32cubeide_1.16.0/plugins/com.st.stm32cube.ide.mcu.externaltools.gnu-tools-for-stm32.13.3.rel1.linux64_1.0.0.202410170706/tools/bin/../lib/gcc/arm-none-eabi/13.3.1/../../../../arm-none-eabi/lib/thumb/v7-m/nofp/libc_nano.a(libc_a-closer.o) (errno)
/opt/st/stm32cubeide_1.16.0/plugins/com.st.stm32cube.ide.mcu.externaltools.gnu-tools-for-stm32.13.3.rel1.linux64_1.0.0.202410170706/tools/bin/../lib/gcc/arm-none-eabi/13.3.1/../../../../arm-none-eabi/lib/thumb/v7-m/nofp/libc_nano.a(libc_a-impure.o)
                              /opt/st/stm32cubeide_1.16.0/plugins/com.st.stm32cube.ide.mcu.externaltools.gnu-tools-for-stm32.13.3.rel1.linux64_1.0.0.202410170706/tools/bin/../lib/gcc/arm-none-eabi/13.3.1/../../../../arm-none-eabi/lib/thumb/v7-m/nofp/libc_nano.a(libc_a-reent.o) (_impure_ptr)
/opt/st/stm32cubeide_1.16.0/plugins/com.st.stm32cube.ide.mcu.externaltools.gnu-tools-for-stm32.13.3.rel1.linux64_1.0.0.202410170706/tools/bin/../lib/gcc/arm-none-eabi/13.3.1/../../../../arm-none-eabi/lib/thumb/v7-m/nofp/libc_nano.a(libc_a-lseekr.o)
                              /opt/st/stm32cubeide_1.16.0/plugins/com.st.stm32cube.ide.mcu.externaltools.gnu-tools-for-stm32.13.3.rel1.linux64_1.0.0.202410170706/tools/bin/../lib/gcc/arm-none-eabi/13.3.1/../../../../arm-none-eabi/lib/thumb/v7-m/nofp/libc_nano.a(libc_a-stdio.o) (_lseek_r)
[...]
Memory Configuration

Name             Origin             Length             Attributes
RAM              0x20000000         0x00005000         rw
FLASH            0x08000000         0x00020000         xr
*default*        0x00000000         0xffffffff

Linker script and memory map

LOAD /opt/st/stm32cubeide_1.16.0/plugins/com.st.stm32cube.ide.mcu.externaltools.gnu-tools-for-stm32.13.3.rel1.linux64_1.0.0.202410170706/tools/bin/../lib/gcc/arm-none-eabi/13.3.1/thumb/v7-m/nofp/crti.o
LOAD /opt/st/stm32cubeide_1.16.0/plugins/com.st.stm32cube.ide.mcu.externaltools.gnu-tools-for-stm32.13.3.rel1.linux64_1.0.0.202410170706/tools/bin/../lib/gcc/arm-none-eabi/13.3.1/thumb/v7-m/nofp/crtbegin.o
LOAD /opt/st/stm32cubeide_1.16.0/plugins/com.st.stm32cube.ide.mcu.externaltools.gnu-tools-for-stm32.13.3.rel1.linux64_1.0.0.202410170706/tools/bin/../lib/gcc/arm-none-eabi/13.3.1/../../../../arm-none-eabi/lib/thumb/v7-m/nofp/crt0.o
LOAD ./Application/FLASH_PAGE_F1.o
LOAD ./Application/app.o
LOAD ./Application/calibrate.o
LOAD ./Application/can_communication.o
LOAD ./Application/control.o
LOAD ./Application/measures.o
LOAD ./Application/power.o
LOAD ./Application/steering.o
LOAD ./Application/ultrasound.o
LOAD ./Application/wheels.o
LOAD ./Drivers/STM32F1xx_HAL_Driver/Src/stm32f1xx_hal.o
LOAD ./Drivers/STM32F1xx_HAL_Driver/Src/stm32f1xx_hal_adc.o
LOAD ./Drivers/STM32F1xx_HAL_Driver/Src/stm32f1xx_hal_adc_ex.o
LOAD ./Drivers/STM32F1xx_HAL_Driver/Src/stm32f1xx_hal_can.o
LOAD ./Drivers/STM32F1xx_HAL_Driver/Src/stm32f1xx_hal_cortex.o
LOAD ./Drivers/STM32F1xx_HAL_Driver/Src/stm32f1xx_hal_dma.o
LOAD ./Drivers/STM32F1xx_HAL_Driver/Src/stm32f1xx_hal_exti.o
LOAD ./Drivers/STM32F1xx_HAL_Driver/Src/stm32f1xx_hal_flash.o
LOAD ./Drivers/STM32F1xx_HAL_Driver/Src/stm32f1xx_hal_flash_ex.o
LOAD ./Drivers/STM32F1xx_HAL_Driver/Src/stm32f1xx_hal_gpio.o
LOAD ./Drivers/STM32F1xx_HAL_Driver/Src/stm32f1xx_hal_gpio_ex.o
LOAD ./Drivers/STM32F1xx_HAL_Driver/Src/stm32f1xx_hal_pwr.o
LOAD ./Drivers/STM32F1xx_HAL_Driver/Src/stm32f1xx_hal_rcc.o
LOAD ./Drivers/STM32F1xx_HAL_Driver/Src/stm32f1xx_hal_rcc_ex.o
LOAD ./Drivers/STM32F1xx_HAL_Driver/Src/stm32f1xx_hal_tim.o
LOAD ./Drivers/STM32F1xx_HAL_Driver/Src/stm32f1xx_hal_tim_ex.o
LOAD ./Drivers/STM32F1xx_HAL_Driver/Src/stm32f1xx_hal_uart.o
LOAD ./Src/adc.o
LOAD ./Src/can.o
LOAD ./Src/dma.o
LOAD ./Src/gpio.o
LOAD ./Src/main.o
LOAD ./Src/stm32f1xx_hal_msp.o
LOAD ./Src/stm32f1xx_it.o
LOAD ./Src/syscalls.o
LOAD ./Src/sysmem.o
LOAD ./Src/system_stm32f1xx.o
LOAD ./Src/tim.o
LOAD ./Src/usart.o
LOAD ./Startup/startup_stm32f103rbtx.o
START GROUP
LOAD /opt/st/stm32cubeide_1.16.0/plugins/com.st.stm32cube.ide.mcu.externaltools.gnu-tools-for-stm32.13.3.rel1.linux64_1.0.0.202410170706/tools/bin/../lib/gcc/arm-none-eabi/13.3.1/../../../../arm-none-eabi/lib/thumb/v7-m/nofp/libc_nano.a
LOAD /opt/st/stm32cubeide_1.16.0/plugins/com.st.stm32cube.ide.mcu.externaltools.gnu-tools-for-stm32.13.3.rel1.linux64_1.0.0.202410170706/tools/bin/../lib/gcc/arm-none-eabi/13.3.1/../../../../arm-none-eabi/lib/thumb/v7-m/nofp/libm.a
END GROUP
START GROUP
LOAD /opt/st/stm32cubeide_1.16.0/plugins/com.st.stm32cube.ide.mcu.externaltools.gnu-tools-for-stm32.13.3.rel1.linux64_1.0.0.202410170706/tools/bin/../lib/gcc/arm-none-eabi/13.3.1/thumb/v7-m/nofp/libgcc.a
LOAD /opt/st/stm32cubeide_1.16.0/plugins/com.st.stm32cube.ide.mcu.externaltools.gnu-tools-for-stm32.13.3.rel1.linux64_1.0.0.202410170706/tools/bin/../lib/gcc/arm-none-eabi/13.3.1/../../../../arm-none-eabi/lib/thumb/v7-m/nofp/libc_nano.a
END GROUP
START GROUP
LOAD /opt/st/stm32cubeide_1.16.0/plugins/com.st.stm32cube.ide.mcu.externaltools.gnu-tools-for-stm32.13.3.rel1.linux64_1.0.0.202410170706/tools/bin/../lib/gcc/arm-none-eabi/13.3.1/thumb/v7-m/nofp/libgcc.a
LOAD /opt/st/stm32cubeide_1.16.0/plugins/com.st.stm32cube.ide.mcu.externaltools.gnu-tools-for-stm32.13.3.rel1.linux64_1.0.0.202410170706/tools/bin/../lib/gcc/arm-none-eabi/13.3.1/../../../../arm-none-eabi/lib/thumb/v7-m/nofp/libc_nano.a
LOAD /opt/st/stm32cubeide_1.16.0/plugins/com.st.stm32cube.ide.mcu.externaltools.gnu-tools-for-stm32.13.3.rel1.linux64_1.0.0.202410170706/tools/bin/../lib/gcc/arm-none-eabi/13.3.1/../../../../arm-none-eabi/lib/thumb/v7-m/nofp/libnosys.a
END GROUP
START GROUP
LOAD /opt/st/stm32cubeide_1.16.0/plugins/com.st.stm32cube.ide.mcu.externaltools.gnu-tools-for-stm32.13.3.rel1.linux64_1.0.0.202410170706/tools/bin/../lib/gcc/arm-none-eabi/13.3.1/thumb/v7-m/nofp/libgcc.a
LOAD /opt/st/stm32cubeide_1.16.0/plugins/com.st.stm32cube.ide.mcu.externaltools.gnu-tools-for-stm32.13.3.rel1.linux64_1.0.0.202410170706/tools/bin/../lib/gcc/arm-none-eabi/13.3.1/../../../../arm-none-eabi/lib/thumb/v7-m/nofp/libc_nano.a
LOAD /opt/st/stm32cubeide_1.16.0/plugins/com.st.stm32cube.ide.mcu.externaltools.gnu-tools-for-stm32.13.3.rel1.linux64_1.0.0.202410170706/tools/bin/../lib/gcc/arm-none-eabi/13.3.1/../../../../arm-none-eabi/lib/thumb/v7-m/nofp/libnosys.a
END GROUP
LOAD /opt/st/stm32cubeide_1.16.0/plugins/com.st.stm32cube.ide.mcu.externaltools.gnu-tools-for-stm32.13.3.rel1.linux64_1.0.0.202410170706/tools/bin/../lib/gcc/arm-none-eabi/13.3.1/thumb/v7-m/nofp/crtend.o
LOAD /opt/st/stm32cubeide_1.16.0/plugins/com.st.stm32cube.ide.mcu.externaltools.gnu-tools-for-stm32.13.3.rel1.linux64_1.0.0.202410170706/tools/bin/../lib/gcc/arm-none-eabi/13.3.1/thumb/v7-m/nofp/crtn.o
                0x20005000                        _estack = (ORIGIN (RAM) + LENGTH (RAM))
                0x00000200                        _Min_Heap_Size = 0x200
                0x00000400                        _Min_Stack_Size = 0x400

.isr_vector     0x08000000      0x130
                0x08000000                        . = ALIGN (0x4)
 *(.isr_vector)
 .isr_vector    0x08000000      0x130 ./Startup/startup_stm32f103rbtx.o
                0x08000000                g_pfnVectors
                0x08000130                        . = ALIGN (0x4)

.text           0x08000130     0x9468
                0x08000130                        . = ALIGN (0x4)
 *(.text)
 .text          0x08000130       0x40 /opt/st/stm32cubeide_1.16.0/plugins/com.st.stm32cube.ide.mcu.externaltools.gnu-tools-for-stm32.13.3.rel1.linux64_1.0.0.202410170706/tools/bin/../lib/gcc/arm-none-eabi/13.3.1/thumb/v7-m/nofp/crtbegin.o
 .text          0x08000170      0x378 /opt/st/stm32cubeide_1.16.0/plugins/com.st.stm32cube.ide.mcu.externaltools.gnu-tools-for-stm32.13.3.rel1.linux64_1.0.0.202410170706/tools/bin/../lib/gcc/arm-none-eabi/13.3.1/thumb/v7-m/nofp/libgcc.a(_arm_addsubdf3.o)
                0x08000170                __aeabi_drsub
                0x08000178                __aeabi_dsub
                0x08000178                __subdf3
                0x0800017c                __adddf3
                0x0800017c                __aeabi_dadd
                0x080003f4                __aeabi_ui2d
                0x080003f4                __floatunsidf
                0x08000414                __floatsidf
                0x08000414                __aeabi_i2d
                0x08000438                __extendsfdf2
                0x08000438                __aeabi_f2d
                0x0800047c                __aeabi_ul2d
                0x0800047c                __floatundidf
                0x0800048c                __floatdidf
                0x0800048c                __aeabi_l2d
 .text          0x080004e8      0x424 /opt/st/stm32cubeide_1.16.0/plugins/com.st.stm32cube.ide.mcu.externaltools.gnu-tools-for-stm32.13.3.rel1.linux64_1.0.0.202410170706/tools/bin/../lib/gcc/arm-none-eabi/13.3.1/thumb/v7-m/nofp/libgcc.a(_arm_muldivdf3.o)
                0x080004e8                __aeabi_dmul
                0x080004e8                __muldf3
                0x0800073c                __aeabi_ddiv
                0x0800073c                __divdf3
 .text          0x0800090c       0x50 /opt/st/stm32cubeide_1.16.0/plugins/com.st.stm32cube.ide.mcu.externaltools.gnu-tools-for-stm32.13.3.rel1.linux64_1.0.0.202410170706/tools/bin/../lib/gcc/arm-none-eabi/13.3.1/thumb/v7-m/nofp/libgcc.a(_arm_fixdfsi.o)
                0x0800090c                __fixdfsi
                0x0800090c                __aeabi_d2iz
 .text          0x0800095c      0x21c /opt/st/stm32cubeide_1.16.0/plugins/com.st.stm32cube.ide.mcu.externaltools.gnu-tools-for-stm32.13.3.rel1.linux64_1.0.0.202410170706/tools/bin/../lib/gcc/arm-none-eabi/13.3.1/thumb/v7-m/nofp/libgcc.a(_arm_addsubsf3.o)
                0x0800095c                __aeabi_frsub
                0x08000964                __subsf3
                0x08000964                __aeabi_fsub
                0x08000968                __aeabi_fadd
                0x08000968                __addsf3
                0x08000ac8                __aeabi_ui2f
                0x08000ac8                __floatunsisf
                0x08000ad0                __aeabi_i2f
                0x08000ad0                __floatsisf
                0x08000aec                __floatundisf
                0x08000aec                __aeabi_ul2f
                0x08000afc                __floatdisf
                0x08000afc                __aeabi_l2f
 .text          0x08000b78      0x2a0 /opt/st/stm32cubeide_1.16.0/plugins/com.st.stm32cube.ide.mcu.externaltools.gnu-tools-for-stm32.13.3.rel1.linux64_1.0.0.202410170706/tools/bin/../lib/gcc/arm-none-eabi/13.3.1/thumb/v7-m/nofp/libgcc.a(_arm_muldivsf3.o)
                0x08000b78                __mulsf3
                0x08000b78                __aeabi_fmul
                0x08000ce0                __divsf3
                0x08000ce0                __aeabi_fdiv
 .text          0x08000e18       0xec /opt/st/stm32cubeide_1.16.0/plugins/com.st.stm32cube.ide.mcu.externaltools.gnu-tools-for-stm32.13.3.rel1.linux64_1.0.0.202410170706/tools/bin/../lib/gcc/arm-none-eabi/13.3.1/thumb/v7-m/nofp/libgcc.a(_arm_cmpsf2.o)
                0x08000e18                __gtsf2
                0x08000e18                __gesf2
                0x08000e20                __lesf2
                0x08000e20                __ltsf2
                0x08000e28                __nesf2
                0x08000e28                __eqsf2
                0x08000e28                __cmpsf2
                0x08000e88                __aeabi_cfrcmple
                0x08000e90                __aeabi_cfcmple
                0x08000e90                __aeabi_cfcmpeq
                0x08000ea0                __aeabi_fcmpeq
                0x08000eb4                __aeabi_fcmplt
                0x08000ec8                __aeabi_fcmple
                0x08000edc                __aeabi_fcmpge
                0x08000ef0                __aeabi_fcmpgt
 .text          0x08000f04       0x4c /opt/st/stm32cubeide_1.16.0/plugins/com.st.stm32cube.ide.mcu.externaltools.gnu-tools-for-stm32.13.3.rel1.linux64_1.0.0.202410170706/tools/bin/../lib/gcc/arm-none-eabi/13.3.1/thumb/v7-m/nofp/libgcc.a(_arm_fixsfsi.o)
                0x08000f04                __fixsfsi
                0x08000f04                __aeabi_f2iz
 .text          0x08000f50       0x30 /opt/st/stm32cubeide_1.16.0/plugins/com.st.stm32cube.ide.mcu.externaltools.gnu-tools-for-stm32.13.3.rel1.linux64_1.0.0.202410170706/tools/bin/../lib/gcc/arm-none-eabi/13.3.1/thumb/v7-m/nofp/libgcc.a(_aeabi_uldivmod.o)
                0x08000f50                __aeabi_uldivmod
 .text          0x08000f80      0x300 /opt/st/stm32cubeide_1.16.0/plugins/com.st.stm32cube.ide.mcu.externaltools.gnu-tools-for-stm32.13.3.rel1.linux64_1.0.0.202410170706/tools/bin/../lib/gcc/arm-none-eabi/13.3.1/thumb/v7-m/nofp/libgcc.a(_udivmoddi4.o)
                0x08000f80                __udivmoddi4
 .text          0x08001280        0x4 /opt/st/stm32cubeide_1.16.0/plugins/com.st.stm32cube.ide.mcu.externaltools.gnu-tools-for-stm32.13.3.rel1.linux64_1.0.0.202410170706/tools/bin/../lib/gcc/arm-none-eabi/13.3.1/thumb/v7-m/nofp/libgcc.a(_dvmd_tls.o)
                0x08001280                __aeabi_ldiv0
                0x08001280                __aeabi_idiv0
 *(.text*)
 .text.GetPage  0x08001284       0x4e ./Application/FLASH_PAGE_F1.o
 .text.float2Bytes
                0x080012d2       0x3e ./Application/FLASH_PAGE_F1.o
                0x080012d2                float2Bytes
 .text.Bytes2float
                0x08001310       0x3c ./Application/FLASH_PAGE_F1.o
                0x08001310                Bytes2float
 .text.Flash_Write_Data
                0x0800134c       0xb8 ./Application/FLASH_PAGE_F1.o
                0x0800134c                Flash_Write_Data
 .text.Flash_Read_Data
                0x08001404       0x3a ./Application/FLASH_PAGE_F1.o
                0x08001404                Flash_Read_Data
 *fill*         0x0800143e        0x2 
 .text.Flash_Write_NUM
                0x08001440       0x28 ./Application/FLASH_PAGE_F1.o
                0x08001440                Flash_Write_NUM
 .text.Flash_Read_NUM
                0x08001468       0x2c ./Application/FLASH_PAGE_F1.o
                0x08001468                Flash_Read_NUM
 .text.APP_Init
                0x08001494       0x1c ./Application/app.o
                0x08001494                APP_Init
 .text.APP_Run  0x080014b0      0x2b4 ./Application/app.o
                0x080014b0                APP_Run
 .text.HAL_TIM_PeriodElapsedCallback
                0x08001764       0x34 ./Application/app.o
                0x08001764                HAL_TIM_PeriodElapsedCallback
 .text.APP_PeriodicCountersUpdate
                0x08001798       0x80 ./Application/app.o
                0x08001798                APP_PeriodicCountersUpdate
 .text.CAL_IsBlueButtonPressed
                0x08001818       0x24 ./Application/calibrate.o
                0x08001818                CAL_IsBlueButtonPressed
 .text.CAL_SteeringCalibration
                0x0800183c      0x1d4 ./Application/calibrate.o
                0x0800183c                CAL_SteeringCalibration
 .text.CAN_COM_Init
                0x08001a10        0xc ./Application/can_communication.o
                0x08001a10                CAN_COM_Init
 .text.CAN_COM_Send
                0x08001a1c       0x88 ./Application/can_communication.o
                0x08001a1c                CAN_COM_Send
 .text.CAR_CONTROL_Manage
                0x08001aa4       0x58 ./Application/control.o
                0x08001aa4                CAR_CONTROL_Manage
 .text.MEASURES_Init
                0x08001afc       0x1c ./Application/measures.o
                0x08001afc                MEASURES_Init
 .text.MEASURES_GetBatteryLevel
                0x08001b18       0x14 ./Application/measures.o
                0x08001b18                MEASURES_GetBatteryLevel
 .text.STEERING_Init
                0x08001b2c       0x14 ./Application/steering.o
                0x08001b2c                STEERING_Init
 .text.STEERING_SetSpeed
                0x08001b40       0xc4 ./Application/steering.o
                0x08001b40                STEERING_SetSpeed
 .text.STEERING_GetAngle
                0x08001c04       0x80 ./Application/steering.o
                0x08001c04                STEERING_GetAngle
 .text.STEERING_MoveWithButton
                0x08001c84       0xc4 ./Application/steering.o
                0x08001c84                STEERING_MoveWithButton
 .text.STEERING_ReadCalibrationData
                0x08001d48       0x30 ./Application/steering.o
                0x08001d48                STEERING_ReadCalibrationData
 .text.startMicroSecondCounter
                0x08001d78       0x1c ./Application/ultrasound.o
                0x08001d78                startMicroSecondCounter
 .text.microSecond
                0x08001d94       0x60 ./Application/ultrasound.o
                0x08001d94                microSecond
 .text.HAL_GPIO_EXTI_Callback
                0x08001df4       0x6c ./Application/ultrasound.o
                0x08001df4                HAL_GPIO_EXTI_Callback
 .text.US_MicroDelay
                0x08001e60       0x30 ./Application/ultrasound.o
                0x08001e60                US_MicroDelay
 .text.US_Init  0x08001e90       0x28 ./Application/ultrasound.o
                0x08001e90                US_Init
 .text.US_OverflowManager
                0x08001eb8       0x24 ./Application/ultrasound.o
                0x08001eb8                US_OverflowManager
 .text.US_GetDistance
                0x08001edc       0x94 ./Application/ultrasound.o
                0x08001edc                US_GetDistance
 .text.HAL_TIM_IC_CaptureCallback
                0x08001f70      0x114 ./Application/wheels.o
                0x08001f70                HAL_TIM_IC_CaptureCallback
 .text.WHEELS_OverflowManager
                0x08002084       0x5c ./Application/wheels.o
                0x08002084                WHEELS_OverflowManager
 .text.WHEELS_Init
                0x080020e0       0x84 ./Application/wheels.o
                0x080020e0                WHEELS_Init
 .text.WHEELS_SetSpeed
                0x08002164      0x150 ./Application/wheels.o
                0x08002164                WHEELS_SetSpeed
 .text.HAL_Init
                0x080022b4       0x2c ./Drivers/STM32F1xx_HAL_Driver/Src/stm32f1xx_hal.o
                0x080022b4                HAL_Init
 .text.HAL_InitTick
                0x080022e0       0x60 ./Drivers/STM32F1xx_HAL_Driver/Src/stm32f1xx_hal.o
                0x080022e0                HAL_InitTick
 .text.HAL_IncTick
                0x08002340       0x24 ./Drivers/STM32F1xx_HAL_Driver/Src/stm32f1xx_hal.o
                0x08002340                HAL_IncTick
 .text.HAL_GetTick
                0x08002364       0x14 ./Drivers/STM32F1xx_HAL_Driver/Src/stm32f1xx_hal.o
                0x08002364                HAL_GetTick
 .text.HAL_Delay
                0x08002378       0x48 ./Drivers/STM32F1xx_HAL_Driver/Src/stm32f1xx_hal.o
                0x08002378                HAL_Delay
 .text.HAL_ADC_Init
                0x080023c0      0x2d4 ./Drivers/STM32F1xx_HAL_Driver/Src/stm32f1xx_hal_adc.o
                0x080023c0                HAL_ADC_Init
 .text.HAL_ADC_Start_DMA
                0x08002694      0x1d4 ./Drivers/STM32F1xx_HAL_Driver/Src/stm32f1xx_hal_adc.o
                0x08002694                HAL_ADC_Start_DMA
 .text.HAL_ADC_ConvCpltCallback
                0x08002868       0x12 ./Drivers/STM32F1xx_HAL_Driver/Src/stm32f1xx_hal_adc.o
                0x08002868                HAL_ADC_ConvCpltCallback
 .text.HAL_ADC_ConvHalfCpltCallback
                0x0800287a       0x12 ./Drivers/STM32F1xx_HAL_Driver/Src/stm32f1xx_hal_adc.o
                0x0800287a                HAL_ADC_ConvHalfCpltCallback
 .text.HAL_ADC_ErrorCallback
                0x0800288c       0x12 ./Drivers/STM32F1xx_HAL_Driver/Src/stm32f1xx_hal_adc.o
                0x0800288c                HAL_ADC_ErrorCallback
 *fill*         0x0800289e        0x2 
 .text.HAL_ADC_ConfigChannel
                0x080028a0      0x388 ./Drivers/STM32F1xx_HAL_Driver/Src/stm32f1xx_hal_adc.o
                0x080028a0                HAL_ADC_ConfigChannel
 .text.ADC_Enable
                0x08002c28       0xb4 ./Drivers/STM32F1xx_HAL_Driver/Src/stm32f1xx_hal_adc.o
                0x08002c28                ADC_Enable
 .text.ADC_ConversionStop_Disable
                0x08002cdc       0x82 ./Drivers/STM32F1xx_HAL_Driver/Src/stm32f1xx_hal_adc.o
                0x08002cdc                ADC_ConversionStop_Disable
 .text.ADC_DMAConvCplt
                0x08002d5e       0x7c ./Drivers/STM32F1xx_HAL_Driver/Src/stm32f1xx_hal_adc.o
                0x08002d5e                ADC_DMAConvCplt
 .text.ADC_DMAHalfConvCplt
                0x08002dda       0x1c ./Drivers/STM32F1xx_HAL_Driver/Src/stm32f1xx_hal_adc.o
                0x08002dda                ADC_DMAHalfConvCplt
 .text.ADC_DMAError
                0x08002df6       0x34 ./Drivers/STM32F1xx_HAL_Driver/Src/stm32f1xx_hal_adc.o
                0x08002df6                ADC_DMAError
 *fill*         0x08002e2a        0x2 
 .text.HAL_CAN_Init
                0x08002e2c      0x430 ./Drivers/STM32F1xx_HAL_Driver/Src/stm32f1xx_hal_can.o
                0x08002e2c                HAL_CAN_Init
 .text.HAL_CAN_AddTxMessage
                0x0800325c      0x234 ./Drivers/STM32F1xx_HAL_Driver/Src/stm32f1xx_hal_can.o
                0x0800325c                HAL_CAN_AddTxMessage
 .text.__NVIC_SetPriorityGrouping
                0x08003490       0x48 ./Drivers/STM32F1xx_HAL_Driver/Src/stm32f1xx_hal_cortex.o
 .text.__NVIC_GetPriorityGrouping
                0x080034d8       0x1c ./Drivers/STM32F1xx_HAL_Driver/Src/stm32f1xx_hal_cortex.o
 .text.__NVIC_EnableIRQ
                0x080034f4       0x38 ./Drivers/STM32F1xx_HAL_Driver/Src/stm32f1xx_hal_cortex.o
 .text.__NVIC_SetPriority
                0x0800352c       0x54 ./Drivers/STM32F1xx_HAL_Driver/Src/stm32f1xx_hal_cortex.o
 .text.NVIC_EncodePriority
                0x08003580       0x64 ./Drivers/STM32F1xx_HAL_Driver/Src/stm32f1xx_hal_cortex.o
 .text.SysTick_Config
                0x080035e4       0x44 ./Drivers/STM32F1xx_HAL_Driver/Src/stm32f1xx_hal_cortex.o
 .text.HAL_NVIC_SetPriorityGrouping
                0x08003628       0x40 ./Drivers/STM32F1xx_HAL_Driver/Src/stm32f1xx_hal_cortex.o
                0x08003628                HAL_NVIC_SetPriorityGrouping
 .text.HAL_NVIC_SetPriority
                0x08003668       0x58 ./Drivers/STM32F1xx_HAL_Driver/Src/stm32f1xx_hal_cortex.o
                0x08003668                HAL_NVIC_SetPriority
 .text.HAL_NVIC_EnableIRQ
                0x080036c0       0x30 ./Drivers/STM32F1xx_HAL_Driver/Src/stm32f1xx_hal_cortex.o
                0x080036c0                HAL_NVIC_EnableIRQ
 .text.HAL_SYSTICK_Config
                0x080036f0       0x18 ./Drivers/STM32F1xx_HAL_Driver/Src/stm32f1xx_hal_cortex.o
                0x080036f0                HAL_SYSTICK_Config
 .text.HAL_DMA_Init
                0x08003708      0x200 ./Drivers/STM32F1xx_HAL_Driver/Src/stm32f1xx_hal_dma.o
                0x08003708                HAL_DMA_Init
 .text.HAL_DMA_Start_IT
                0x08003908       0xdc ./Drivers/STM32F1xx_HAL_Driver/Src/stm32f1xx_hal_dma.o
                0x08003908                HAL_DMA_Start_IT
 .text.HAL_DMA_Abort
                0x080039e4       0x76 ./Drivers/STM32F1xx_HAL_Driver/Src/stm32f1xx_hal_dma.o
                0x080039e4                HAL_DMA_Abort
 *fill*         0x08003a5a        0x2 
 .text.HAL_DMA_Abort_IT
                0x08003a5c       0xf0 ./Drivers/STM32F1xx_HAL_Driver/Src/stm32f1xx_hal_dma.o
                0x08003a5c                HAL_DMA_Abort_IT
 .text.HAL_DMA_IRQHandler
                0x08003b4c      0x20c ./Drivers/STM32F1xx_HAL_Driver/Src/stm32f1xx_hal_dma.o
                0x08003b4c                HAL_DMA_IRQHandler
 .text.DMA_SetConfig
                0x08003d58       0x5a ./Drivers/STM32F1xx_HAL_Driver/Src/stm32f1xx_hal_dma.o
 *fill*         0x08003db2        0x2 
 .text.HAL_FLASH_Program
                0x08003db4      0x160 ./Drivers/STM32F1xx_HAL_Driver/Src/stm32f1xx_hal_flash.o
                0x08003db4                HAL_FLASH_Program
 .text.HAL_FLASH_Unlock
                0x08003f14       0x4c ./Drivers/STM32F1xx_HAL_Driver/Src/stm32f1xx_hal_flash.o
                0x08003f14                HAL_FLASH_Unlock
 .text.HAL_FLASH_Lock
                0x08003f60       0x20 ./Drivers/STM32F1xx_HAL_Driver/Src/stm32f1xx_hal_flash.o
                0x08003f60                HAL_FLASH_Lock
 .text.HAL_FLASH_GetError
                0x08003f80       0x14 ./Drivers/STM32F1xx_HAL_Driver/Src/stm32f1xx_hal_flash.o
                0x08003f80                HAL_FLASH_GetError
 .text.FLASH_Program_HalfWord
                0x08003f94       0x38 ./Drivers/STM32F1xx_HAL_Driver/Src/stm32f1xx_hal_flash.o
 .text.FLASH_WaitForLastOperation
                0x08003fcc       0x8c ./Drivers/STM32F1xx_HAL_Driver/Src/stm32f1xx_hal_flash.o
                0x08003fcc                FLASH_WaitForLastOperation
 .text.FLASH_SetErrorCode
                0x08004058       0xa0 ./Drivers/STM32F1xx_HAL_Driver/Src/stm32f1xx_hal_flash.o
 .text.HAL_FLASHEx_Erase
                0x080040f8      0x1f4 ./Drivers/STM32F1xx_HAL_Driver/Src/stm32f1xx_hal_flash_ex.o
                0x080040f8                HAL_FLASHEx_Erase
 .text.FLASH_MassErase
                0x080042ec       0x4c ./Drivers/STM32F1xx_HAL_Driver/Src/stm32f1xx_hal_flash_ex.o
 .text.FLASH_PageErase
                0x08004338       0x40 ./Drivers/STM32F1xx_HAL_Driver/Src/stm32f1xx_hal_flash_ex.o
                0x08004338                FLASH_PageErase
 .text.HAL_GPIO_Init
                0x08004378      0x4dc ./Drivers/STM32F1xx_HAL_Driver/Src/stm32f1xx_hal_gpio.o
                0x08004378                HAL_GPIO_Init
 .text.HAL_GPIO_ReadPin
                0x08004854       0x40 ./Drivers/STM32F1xx_HAL_Driver/Src/stm32f1xx_hal_gpio.o
                0x08004854                HAL_GPIO_ReadPin
 .text.HAL_GPIO_WritePin
                0x08004894       0x58 ./Drivers/STM32F1xx_HAL_Driver/Src/stm32f1xx_hal_gpio.o
                0x08004894                HAL_GPIO_WritePin
 .text.HAL_GPIO_EXTI_IRQHandler
                0x080048ec       0x30 ./Drivers/STM32F1xx_HAL_Driver/Src/stm32f1xx_hal_gpio.o
                0x080048ec                HAL_GPIO_EXTI_IRQHandler
 .text.HAL_RCC_OscConfig
                0x0800491c      0x6dc ./Drivers/STM32F1xx_HAL_Driver/Src/stm32f1xx_hal_rcc.o
                0x0800491c                HAL_RCC_OscConfig
 .text.HAL_RCC_ClockConfig
                0x08004ff8      0x320 ./Drivers/STM32F1xx_HAL_Driver/Src/stm32f1xx_hal_rcc.o
                0x08004ff8                HAL_RCC_ClockConfig
 .text.HAL_RCC_GetSysClockFreq
                0x08005318       0xa8 ./Drivers/STM32F1xx_HAL_Driver/Src/stm32f1xx_hal_rcc.o
                0x08005318                HAL_RCC_GetSysClockFreq
 .text.HAL_RCC_GetHCLKFreq
                0x080053c0       0x14 ./Drivers/STM32F1xx_HAL_Driver/Src/stm32f1xx_hal_rcc.o
                0x080053c0                HAL_RCC_GetHCLKFreq
 .text.HAL_RCC_GetPCLK1Freq
                0x080053d4       0x28 ./Drivers/STM32F1xx_HAL_Driver/Src/stm32f1xx_hal_rcc.o
                0x080053d4                HAL_RCC_GetPCLK1Freq
 .text.HAL_RCC_GetPCLK2Freq
                0x080053fc       0x28 ./Drivers/STM32F1xx_HAL_Driver/Src/stm32f1xx_hal_rcc.o
                0x080053fc                HAL_RCC_GetPCLK2Freq
 .text.RCC_Delay
                0x08005424       0x3c ./Drivers/STM32F1xx_HAL_Driver/Src/stm32f1xx_hal_rcc.o
 .text.HAL_RCCEx_PeriphCLKConfig
                0x08005460      0x214 ./Drivers/STM32F1xx_HAL_Driver/Src/stm32f1xx_hal_rcc_ex.o
                0x08005460                HAL_RCCEx_PeriphCLKConfig
 .text.HAL_TIM_Base_Init
                0x08005674      0x170 ./Drivers/STM32F1xx_HAL_Driver/Src/stm32f1xx_hal_tim.o
                0x08005674                HAL_TIM_Base_Init
 .text.HAL_TIM_PWM_Init
                0x080057e4      0x170 ./Drivers/STM32F1xx_HAL_Driver/Src/stm32f1xx_hal_tim.o
                0x080057e4                HAL_TIM_PWM_Init
 .text.HAL_TIM_PWM_Start
                0x08005954      0x1dc ./Drivers/STM32F1xx_HAL_Driver/Src/stm32f1xx_hal_tim.o
                0x08005954                HAL_TIM_PWM_Start
 .text.HAL_TIM_IC_Init
                0x08005b30      0x170 ./Drivers/STM32F1xx_HAL_Driver/Src/stm32f1xx_hal_tim.o
                0x08005b30                HAL_TIM_IC_Init
 .text.HAL_TIM_IC_MspInit
                0x08005ca0       0x12 ./Drivers/STM32F1xx_HAL_Driver/Src/stm32f1xx_hal_tim.o
                0x08005ca0                HAL_TIM_IC_MspInit
 *fill*         0x08005cb2        0x2 
 .text.HAL_TIM_IC_Start_IT
                0x08005cb4      0x2ac ./Drivers/STM32F1xx_HAL_Driver/Src/stm32f1xx_hal_tim.o
                0x08005cb4                HAL_TIM_IC_Start_IT
 .text.HAL_TIM_IRQHandler
                0x08005f60      0x1e0 ./Drivers/STM32F1xx_HAL_Driver/Src/stm32f1xx_hal_tim.o
                0x08005f60                HAL_TIM_IRQHandler
 .text.HAL_TIM_IC_ConfigChannel
                0x08006140      0x2a0 ./Drivers/STM32F1xx_HAL_Driver/Src/stm32f1xx_hal_tim.o
                0x08006140                HAL_TIM_IC_ConfigChannel
 .text.HAL_TIM_PWM_ConfigChannel
                0x080063e0      0x2e4 ./Drivers/STM32F1xx_HAL_Driver/Src/stm32f1xx_hal_tim.o
                0x080063e0                HAL_TIM_PWM_ConfigChannel
 .text.HAL_TIM_ConfigClockSource
                0x080066c4      0x564 ./Drivers/STM32F1xx_HAL_Driver/Src/stm32f1xx_hal_tim.o
                0x080066c4                HAL_TIM_ConfigClockSource
 .text.HAL_TIM_ReadCapturedValue
                0x08006c28      0x15c ./Drivers/STM32F1xx_HAL_Driver/Src/stm32f1xx_hal_tim.o
                0x08006c28                HAL_TIM_ReadCapturedValue
 .text.HAL_TIM_OC_DelayElapsedCallback
                0x08006d84       0x12 ./Drivers/STM32F1xx_HAL_Driver/Src/stm32f1xx_hal_tim.o
                0x08006d84                HAL_TIM_OC_DelayElapsedCallback
 .text.HAL_TIM_PWM_PulseFinishedCallback
                0x08006d96       0x12 ./Drivers/STM32F1xx_HAL_Driver/Src/stm32f1xx_hal_tim.o
                0x08006d96                HAL_TIM_PWM_PulseFinishedCallback
 .text.HAL_TIM_TriggerCallback
                0x08006da8       0x12 ./Drivers/STM32F1xx_HAL_Driver/Src/stm32f1xx_hal_tim.o
                0x08006da8                HAL_TIM_TriggerCallback
 *fill*         0x08006dba        0x2 
 .text.TIM_Base_SetConfig
                0x08006dbc       0xdc ./Drivers/STM32F1xx_HAL_Driver/Src/stm32f1xx_hal_tim.o
                0x08006dbc                TIM_Base_SetConfig
 .text.TIM_OC1_SetConfig
                0x08006e98      0x120 ./Drivers/STM32F1xx_HAL_Driver/Src/stm32f1xx_hal_tim.o
 .text.TIM_OC2_SetConfig
                0x08006fb8      0x128 ./Drivers/STM32F1xx_HAL_Driver/Src/stm32f1xx_hal_tim.o
                0x08006fb8                TIM_OC2_SetConfig
 .text.TIM_OC3_SetConfig
                0x080070e0      0x128 ./Drivers/STM32F1xx_HAL_Driver/Src/stm32f1xx_hal_tim.o
 .text.TIM_OC4_SetConfig
                0x08007208       0xbc ./Drivers/STM32F1xx_HAL_Driver/Src/stm32f1xx_hal_tim.o
 .text.TIM_TI1_SetConfig
                0x080072c4       0xb4 ./Drivers/STM32F1xx_HAL_Driver/Src/stm32f1xx_hal_tim.o
                0x080072c4                TIM_TI1_SetConfig
 .text.TIM_TI1_ConfigInputStage
                0x08007378       0x5c ./Drivers/STM32F1xx_HAL_Driver/Src/stm32f1xx_hal_tim.o
 .text.TIM_TI2_SetConfig
                0x080073d4       0x78 ./Drivers/STM32F1xx_HAL_Driver/Src/stm32f1xx_hal_tim.o
 .text.TIM_TI2_ConfigInputStage
                0x0800744c       0x5e ./Drivers/STM32F1xx_HAL_Driver/Src/stm32f1xx_hal_tim.o
 .text.TIM_TI3_SetConfig
                0x080074aa       0x76 ./Drivers/STM32F1xx_HAL_Driver/Src/stm32f1xx_hal_tim.o
 .text.TIM_TI4_SetConfig
                0x08007520       0x78 ./Drivers/STM32F1xx_HAL_Driver/Src/stm32f1xx_hal_tim.o
 .text.TIM_ITRx_SetConfig
                0x08007598       0x34 ./Drivers/STM32F1xx_HAL_Driver/Src/stm32f1xx_hal_tim.o
 .text.TIM_ETR_SetConfig
                0x080075cc       0x3e ./Drivers/STM32F1xx_HAL_Driver/Src/stm32f1xx_hal_tim.o
                0x080075cc                TIM_ETR_SetConfig
 *fill*         0x0800760a        0x2 
 .text.TIM_CCxChannelCmd
                0x0800760c       0xa8 ./Drivers/STM32F1xx_HAL_Driver/Src/stm32f1xx_hal_tim.o
                0x0800760c                TIM_CCxChannelCmd
 .text.HAL_TIMEx_OCN_Start
                0x080076b4      0x164 ./Drivers/STM32F1xx_HAL_Driver/Src/stm32f1xx_hal_tim_ex.o
                0x080076b4                HAL_TIMEx_OCN_Start
 .text.HAL_TIMEx_MasterConfigSynchronization
                0x08007818      0x154 ./Drivers/STM32F1xx_HAL_Driver/Src/stm32f1xx_hal_tim_ex.o
                0x08007818                HAL_TIMEx_MasterConfigSynchronization
 .text.HAL_TIMEx_ConfigBreakDeadTime
                0x0800796c      0x18c ./Drivers/STM32F1xx_HAL_Driver/Src/stm32f1xx_hal_tim_ex.o
                0x0800796c                HAL_TIMEx_ConfigBreakDeadTime
 .text.HAL_TIMEx_CommutCallback
                0x08007af8       0x12 ./Drivers/STM32F1xx_HAL_Driver/Src/stm32f1xx_hal_tim_ex.o
                0x08007af8                HAL_TIMEx_CommutCallback
 .text.HAL_TIMEx_BreakCallback
                0x08007b0a       0x12 ./Drivers/STM32F1xx_HAL_Driver/Src/stm32f1xx_hal_tim_ex.o
                0x08007b0a                HAL_TIMEx_BreakCallback
 .text.TIM_CCxNChannelCmd
                0x08007b1c       0x48 ./Drivers/STM32F1xx_HAL_Driver/Src/stm32f1xx_hal_tim_ex.o
 .text.HAL_UART_Init
                0x08007b64      0x158 ./Drivers/STM32F1xx_HAL_Driver/Src/stm32f1xx_hal_uart.o
                0x08007b64                HAL_UART_Init
 .text.HAL_UART_IRQHandler
                0x08007cbc      0x524 ./Drivers/STM32F1xx_HAL_Driver/Src/stm32f1xx_hal_uart.o
                0x08007cbc                HAL_UART_IRQHandler
 .text.HAL_UART_TxCpltCallback
                0x080081e0       0x12 ./Drivers/STM32F1xx_HAL_Driver/Src/stm32f1xx_hal_uart.o
                0x080081e0                HAL_UART_TxCpltCallback
 .text.HAL_UART_RxCpltCallback
                0x080081f2       0x12 ./Drivers/STM32F1xx_HAL_Driver/Src/stm32f1xx_hal_uart.o
                0x080081f2                HAL_UART_RxCpltCallback
 .text.HAL_UART_ErrorCallback
                0x08008204       0x12 ./Drivers/STM32F1xx_HAL_Driver/Src/stm32f1xx_hal_uart.o
                0x08008204                HAL_UART_ErrorCallback
 .text.HAL_UARTEx_RxEventCallback
                0x08008216       0x16 ./Drivers/STM32F1xx_HAL_Driver/Src/stm32f1xx_hal_uart.o
                0x08008216                HAL_UARTEx_RxEventCallback
 .text.UART_EndRxTransfer
                0x0800822c       0xc4 ./Drivers/STM32F1xx_HAL_Driver/Src/stm32f1xx_hal_uart.o
 .text.UART_DMAAbortOnError
                0x080082f0       0x28 ./Drivers/STM32F1xx_HAL_Driver/Src/stm32f1xx_hal_uart.o
 .text.UART_Transmit_IT
                0x08008318       0x9e ./Drivers/STM32F1xx_HAL_Driver/Src/stm32f1xx_hal_uart.o
 .text.UART_EndTransmit_IT
                0x080083b6       0x30 ./Drivers/STM32F1xx_HAL_Driver/Src/stm32f1xx_hal_uart.o
 .text.UART_Receive_IT
                0x080083e6      0x17c ./Drivers/STM32F1xx_HAL_Driver/Src/stm32f1xx_hal_uart.o
 *fill*         0x08008562        0x2 
 .text.UART_SetConfig
                0x08008564      0x19c ./Drivers/STM32F1xx_HAL_Driver/Src/stm32f1xx_hal_uart.o
 .text.MX_ADC1_Init
                0x08008700       0xf0 ./Src/adc.o
                0x08008700                MX_ADC1_Init
 .text.HAL_ADC_MspInit
                0x080087f0      0x100 ./Src/adc.o
                0x080087f0                HAL_ADC_MspInit
 .text.MX_CAN_Init
                0x080088f0       0x6c ./Src/can.o
                0x080088f0                MX_CAN_Init
 .text.HAL_CAN_MspInit
                0x0800895c       0xa8 ./Src/can.o
                0x0800895c                HAL_CAN_MspInit
 .text.MX_DMA_Init
                0x08008a04       0x3c ./Src/dma.o
                0x08008a04                MX_DMA_Init
 .text.MX_GPIO_Init
                0x08008a40       0xd4 ./Src/gpio.o
                0x08008a40                MX_GPIO_Init
 .text.main     0x08008b14       0x3c ./Src/main.o
                0x08008b14                main
 .text.SystemClock_Config
                0x08008b50       0xae ./Src/main.o
                0x08008b50                SystemClock_Config
 .text.Error_Handler
                0x08008bfe        0xc ./Src/main.o
                0x08008bfe                Error_Handler
 .text.assert_failed
                0x08008c0a       0x14 ./Src/main.o
                0x08008c0a                assert_failed
 *fill*         0x08008c1e        0x2 
 .text.HAL_MspInit
                0x08008c20       0x64 ./Src/stm32f1xx_hal_msp.o
                0x08008c20                HAL_MspInit
 .text.SVC_Handler
                0x08008c84        0xc ./Src/stm32f1xx_it.o
                0x08008c84                SVC_Handler
 .text.PendSV_Handler
                0x08008c90        0xc ./Src/stm32f1xx_it.o
                0x08008c90                PendSV_Handler
 .text.SysTick_Handler
                0x08008c9c       0x10 ./Src/stm32f1xx_it.o
                0x08008c9c                SysTick_Handler
 .text.DMA1_Channel1_IRQHandler
                0x08008cac       0x14 ./Src/stm32f1xx_it.o
                0x08008cac                DMA1_Channel1_IRQHandler
 .text.TIM2_IRQHandler
                0x08008cc0       0x14 ./Src/stm32f1xx_it.o
                0x08008cc0                TIM2_IRQHandler
 .text.TIM3_IRQHandler
                0x08008cd4       0x14 ./Src/stm32f1xx_it.o
                0x08008cd4                TIM3_IRQHandler
 .text.TIM4_IRQHandler
                0x08008ce8       0x14 ./Src/stm32f1xx_it.o
                0x08008ce8                TIM4_IRQHandler
 .text.USART2_IRQHandler
                0x08008cfc       0x14 ./Src/stm32f1xx_it.o
                0x08008cfc                USART2_IRQHandler
 .text.EXTI9_5_IRQHandler
                0x08008d10       0x1e ./Src/stm32f1xx_it.o
                0x08008d10                EXTI9_5_IRQHandler
 *fill*         0x08008d2e        0x2 
 .text.SystemInit
                0x08008d30       0x68 ./Src/system_stm32f1xx.o
                0x08008d30                SystemInit
 .text.MX_TIM1_Init
                0x08008d98      0x140 ./Src/tim.o
                0x08008d98                MX_TIM1_Init
 .text.MX_TIM2_Init
                0x08008ed8       0xf8 ./Src/tim.o
                0x08008ed8                MX_TIM2_Init
 .text.MX_TIM3_Init
                0x08008fd0       0x9c ./Src/tim.o
                0x08008fd0                MX_TIM3_Init
 .text.MX_TIM4_Init
                0x0800906c       0xf0 ./Src/tim.o
                0x0800906c                MX_TIM4_Init
 .text.HAL_TIM_PWM_MspInit
                0x0800915c       0x3c ./Src/tim.o
                0x0800915c                HAL_TIM_PWM_MspInit
 .text.HAL_TIM_Base_MspInit
                0x08009198      0x158 ./Src/tim.o
                0x08009198                HAL_TIM_Base_MspInit
 .text.HAL_TIM_MspPostInit
                0x080092f0      0x104 ./Src/tim.o
                0x080092f0                HAL_TIM_MspPostInit
 .text.MX_USART2_UART_Init
                0x080093f4       0x54 ./Src/usart.o
                0x080093f4                MX_USART2_UART_Init
 .text.HAL_UART_MspInit
                0x08009448       0x8c ./Src/usart.o
                0x08009448                HAL_UART_MspInit
 .text.Reset_Handler
                0x080094d4       0x50 ./Startup/startup_stm32f103rbtx.o
                0x080094d4                Reset_Handler
 .text.Default_Handler
                0x08009524        0x2 ./Startup/startup_stm32f103rbtx.o
                0x08009524                EXTI2_IRQHandler
                0x08009524                TIM8_TRG_COM_IRQHandler
                0x08009524                TIM8_CC_IRQHandler
                0x08009524                DebugMon_Handler
                0x08009524                TIM1_CC_IRQHandler
                0x08009524                HardFault_Handler
                0x08009524                TIM6_IRQHandler
                0x08009524                PVD_IRQHandler
                0x08009524                SDIO_IRQHandler
                0x08009524                NMI_Handler
                0x08009524                EXTI3_IRQHandler
                0x08009524                USB_HP_CAN_TX_IRQHandler
                0x08009524                EXTI0_IRQHandler
                0x08009524                I2C2_EV_IRQHandler
                0x08009524                UsageFault_Handler
                0x08009524                ADC1_2_IRQHandler
                0x08009524                SPI1_IRQHandler
                0x08009524                CAN_SCE_IRQHandler
                0x08009524                TAMPER_IRQHandler
                0x08009524                TIM8_UP_IRQHandler
                0x08009524                DMA2_Channel2_IRQHandler
                0x08009524                DMA1_Channel4_IRQHandler
                0x08009524                USART3_IRQHandler
                0x08009524                RTC_IRQHandler
                0x08009524                DMA1_Channel7_IRQHandler
                0x08009524                UART5_IRQHandler
                0x08009524                ADC3_IRQHandler
                0x08009524                CAN_RX1_IRQHandler
                0x08009524                DMA2_Channel1_IRQHandler
                0x08009524                I2C1_EV_IRQHandler
                0x08009524                DMA1_Channel6_IRQHandler
                0x08009524                UART4_IRQHandler
                0x08009524                RCC_IRQHandler
                0x08009524                TIM1_TRG_COM_IRQHandler
                0x08009524                Default_Handler
                0x08009524                EXTI15_10_IRQHandler
                0x08009524                TIM7_IRQHandler
                0x08009524                TIM5_IRQHandler
                0x08009524                SPI2_IRQHandler
                0x08009524                USB_LP_CAN_RX0_IRQHandler
                0x08009524                MemManage_Handler
                0x08009524                DMA1_Channel5_IRQHandler
                0x08009524                EXTI4_IRQHandler
                0x08009524                DMA1_Channel3_IRQHandler
                0x08009524                FSMC_IRQHandler
                0x08009524                TIM1_UP_IRQHandler
                0x08009524                WWDG_IRQHandler
                0x08009524                TIM1_BRK_IRQHandler
                0x08009524                EXTI1_IRQHandler
                0x08009524                RTCAlarm_IRQHandler
                0x08009524                DMA2_Channel4_5_IRQHandler
                0x08009524                I2C2_ER_IRQHandler
                0x08009524                DMA1_Channel2_IRQHandler
                0x08009524                TIM8_BRK_IRQHandler
                0x08009524                FLASH_IRQHandler
                0x08009524                BusFault_Handler
                0x08009524                USART1_IRQHandler
                0x08009524                SPI3_IRQHandler
                0x08009524                I2C1_ER_IRQHandler
                0x08009524                DMA2_Channel3_IRQHandler
 .text.memset   0x08009526       0x10 /opt/st/stm32cubeide_1.16.0/plugins/com.st.stm32cube.ide.mcu.externaltools.gnu-tools-for-stm32.13.3.rel1.linux64_1.0.0.202410170706/tools/bin/../lib/gcc/arm-none-eabi/13.3.1/../../../../arm-none-eabi/lib/thumb/v7-m/nofp/libc_nano.a(libc_a-memset.o)
                0x08009526                memset
 *fill*         0x08009536        0x2 
 .text.__libc_init_array
                0x08009538       0x48 /opt/st/stm32cubeide_1.16.0/plugins/com.st.stm32cube.ide.mcu.externaltools.gnu-tools-for-stm32.13.3.rel1.linux64_1.0.0.202410170706/tools/bin/../lib/gcc/arm-none-eabi/13.3.1/../../../../arm-none-eabi/lib/thumb/v7-m/nofp/libc_nano.a(libc_a-init.o)
                0x08009538                __libc_init_array
 *(.glue_7)
 .glue_7        0x08009580        0x0 linker stubs
 *(.glue_7t)
 .glue_7t       0x08009580        0x0 linker stubs
 *(.eh_frame)
 .eh_frame      0x08009580        0x0 /opt/st/stm32cubeide_1.16.0/plugins/com.st.stm32cube.ide.mcu.externaltools.gnu-tools-for-stm32.13.3.rel1.linux64_1.0.0.202410170706/tools/bin/../lib/gcc/arm-none-eabi/13.3.1/thumb/v7-m/nofp/crtbegin.o
 *(.init)
 .init          0x08009580        0x4 /opt/st/stm32cubeide_1.16.0/plugins/com.st.stm32cube.ide.mcu.externaltools.gnu-tools-for-stm32.13.3.rel1.linux64_1.0.0.202410170706/tools/bin/../lib/gcc/arm-none-eabi/13.3.1/thumb/v7-m/nofp/crti.o
                0x08009580                _init
 .init          0x08009584        0x8 /opt/st/stm32cubeide_1.16.0/plugins/com.st.stm32cube.ide.mcu.externaltools.gnu-tools-for-stm32.13.3.rel1.linux64_1.0.0.202410170706/tools/bin/../lib/gcc/arm-none-eabi/13.3.1/thumb/v7-m/nofp/crtn.o
 *(.fini)
 .fini          0x0800958c        0x4 /opt/st/stm32cubeide_1.16.0/plugins/com.st.stm32cube.ide.mcu.externaltools.gnu-tools-for-stm32.13.3.rel1.linux64_1.0.0.202410170706/tools/bin/../lib/gcc/arm-none-eabi/13.3.1/thumb/v7-m/nofp/crti.o
                0x0800958c                _fini
 .fini          0x08009590        0x8 /opt/st/stm32cubeide_1.16.0/plugins/com.st.stm32cube.ide.mcu.externaltools.gnu-tools-for-stm32.13.3.rel1.linux64_1.0.0.202410170706/tools/bin/../lib/gcc/arm-none-eabi/13.3.1/thumb/v7-m/nofp/crtn.o
                0x08009598                        . = ALIGN (0x4)
                0x08009598                        _etext = .

.vfp11_veneer   0x08009598        0x0
 .vfp11_veneer  0x08009598        0x0 linker stubs

.v4_bx          0x08009598        0x0
 .v4_bx         0x08009598        0x0 linker stubs

.iplt           0x08009598        0x0
 .iplt          0x08009598        0x0 /opt/st/stm32cubeide_1.16.0/plugins/com.st.stm32cube.ide.mcu.externaltools.gnu-tools-for-stm32.13.3.rel1.linux64_1.0.0.202410170706/tools/bin/../lib/gcc/arm-none-eabi/13.3.1/thumb/v7-m/nofp/crtbegin.o

.rodata         0x08009598      0x2ec
                0x08009598                        . = ALIGN (0x4)
 *(.rodata)
 .rodata        0x08009598       0x38 ./Drivers/STM32F1xx_HAL_Driver/Src/stm32f1xx_hal_adc.o
 .rodata        0x080095d0       0x38 ./Drivers/STM32F1xx_HAL_Driver/Src/stm32f1xx_hal_can.o
 .rodata        0x08009608       0x3b ./Drivers/STM32F1xx_HAL_Driver/Src/stm32f1xx_hal_cortex.o
 *fill*         0x08009643        0x1 
 .rodata        0x08009644       0x38 ./Drivers/STM32F1xx_HAL_Driver/Src/stm32f1xx_hal_dma.o
 .rodata        0x0800967c       0x3a ./Drivers/STM32F1xx_HAL_Driver/Src/stm32f1xx_hal_flash.o
 *fill*         0x080096b6        0x2 
 .rodata        0x080096b8       0x3d ./Drivers/STM32F1xx_HAL_Driver/Src/stm32f1xx_hal_flash_ex.o
 *fill*         0x080096f5        0x3 
 .rodata        0x080096f8       0x39 ./Drivers/STM32F1xx_HAL_Driver/Src/stm32f1xx_hal_gpio.o
 *fill*         0x08009731        0x3 
 .rodata        0x08009734       0x38 ./Drivers/STM32F1xx_HAL_Driver/Src/stm32f1xx_hal_rcc.o
 .rodata        0x0800976c       0x3b ./Drivers/STM32F1xx_HAL_Driver/Src/stm32f1xx_hal_rcc_ex.o
 *fill*         0x080097a7        0x1 
 .rodata        0x080097a8       0x38 ./Drivers/STM32F1xx_HAL_Driver/Src/stm32f1xx_hal_tim.o
 .rodata        0x080097e0       0x3b ./Drivers/STM32F1xx_HAL_Driver/Src/stm32f1xx_hal_tim_ex.o
 *fill*         0x0800981b        0x1 
 .rodata        0x0800981c       0x39 ./Drivers/STM32F1xx_HAL_Driver/Src/stm32f1xx_hal_uart.o
 *(.rodata*)
 *fill*         0x08009855        0x3 
 .rodata.aPLLMULFactorTable.1
                0x08009858       0x10 ./Drivers/STM32F1xx_HAL_Driver/Src/stm32f1xx_hal_rcc.o
 .rodata.aPredivFactorTable.0
                0x08009868        0x2 ./Drivers/STM32F1xx_HAL_Driver/Src/stm32f1xx_hal_rcc.o
 *fill*         0x0800986a        0x2 
 .rodata.AHBPrescTable
                0x0800986c       0x10 ./Src/system_stm32f1xx.o
                0x0800986c                AHBPrescTable
 .rodata.APBPrescTable
                0x0800987c        0x8 ./Src/system_stm32f1xx.o
                0x0800987c                APBPrescTable
                0x08009884                        . = ALIGN (0x4)

.ARM.extab      0x08009884        0x0
                0x08009884                        . = ALIGN (0x4)
 *(.ARM.extab* .gnu.linkonce.armextab.*)
                0x08009884                        . = ALIGN (0x4)

.ARM            0x08009884        0x8
                0x08009884                        . = ALIGN (0x4)
                0x08009884                        __exidx_start = .
 *(.ARM.exidx*)
 .ARM.exidx     0x08009884        0x8 /opt/st/stm32cubeide_1.16.0/plugins/com.st.stm32cube.ide.mcu.externaltools.gnu-tools-for-stm32.13.3.rel1.linux64_1.0.0.202410170706/tools/bin/../lib/gcc/arm-none-eabi/13.3.1/thumb/v7-m/nofp/libgcc.a(_udivmoddi4.o)
                0x0800988c                        __exidx_end = .
                0x0800988c                        . = ALIGN (0x4)

.rel.dyn        0x0800988c        0x0
 .rel.iplt      0x0800988c        0x0 /opt/st/stm32cubeide_1.16.0/plugins/com.st.stm32cube.ide.mcu.externaltools.gnu-tools-for-stm32.13.3.rel1.linux64_1.0.0.202410170706/tools/bin/../lib/gcc/arm-none-eabi/13.3.1/thumb/v7-m/nofp/crtbegin.o

.preinit_array  0x0800988c        0x0
                0x0800988c                        . = ALIGN (0x4)
                0x0800988c                        PROVIDE (__preinit_array_start = .)
 *(.preinit_array*)
                0x0800988c                        PROVIDE (__preinit_array_end = .)
                0x0800988c                        . = ALIGN (0x4)

.init_array     0x0800988c        0x4
                0x0800988c                        . = ALIGN (0x4)
                0x0800988c                        PROVIDE (__init_array_start = .)
 *(SORT_BY_NAME(.init_array.*))
 *(.init_array*)
 .init_array    0x0800988c        0x4 /opt/st/stm32cubeide_1.16.0/plugins/com.st.stm32cube.ide.mcu.externaltools.gnu-tools-for-stm32.13.3.rel1.linux64_1.0.0.202410170706/tools/bin/../lib/gcc/arm-none-eabi/13.3.1/thumb/v7-m/nofp/crtbegin.o
                0x08009890                        PROVIDE (__init_array_end = .)
                0x08009890                        . = ALIGN (0x4)

.fini_array     0x08009890        0x4
                0x08009890                        . = ALIGN (0x4)
                [!provide]                        PROVIDE (__fini_array_start = .)
 *(SORT_BY_NAME(.fini_array.*))
 *(.fini_array*)
 .fini_array    0x08009890        0x4 /opt/st/stm32cubeide_1.16.0/plugins/com.st.stm32cube.ide.mcu.externaltools.gnu-tools-for-stm32.13.3.rel1.linux64_1.0.0.202410170706/tools/bin/../lib/gcc/arm-none-eabi/13.3.1/thumb/v7-m/nofp/crtbegin.o
                [!provide]                        PROVIDE (__fini_array_end = .)
                0x08009894                        . = ALIGN (0x4)
                0x08009894                        _sidata = LOADADDR (.data)

.data           0x20000000       0x48 load address 0x08009894
                0x20000000                        . = ALIGN (0x4)
                0x20000000                        _sdata = .
 *(.data)
 *(.data*)
 .data.mode     0x20000000        0x4 ./Application/app.o
                0x20000000                mode
 .data.UPDATE_CMD_FLAG
                0x20000004        0x4 ./Application/app.o
                0x20000004                UPDATE_CMD_FLAG
 .data.US_FLAG  0x20000008        0x4 ./Application/app.o
                0x20000008                US_FLAG
 .data.CAN_SEND_MOTORS
                0x2000000c        0x4 ./Application/app.o
                0x2000000c                CAN_SEND_MOTORS
 .data.CAN_SEND_BATT
                0x20000010        0x4 ./Application/app.o
                0x20000010                CAN_SEND_BATT
 .data.data     0x20000014        0x8 ./Application/app.o
                0x20000014                data
 .data.leftRearSpeed
                0x2000001c        0x4 ./Application/app.o
                0x2000001c                leftRearSpeed
 .data.rightRearSpeed
                0x20000020        0x4 ./Application/app.o
                0x20000020                rightRearSpeed
 .data.steeringSpeed
                0x20000024        0x4 ./Application/app.o
                0x20000024                steeringSpeed
 .data.need_read_calibration
                0x20000028        0x4 ./Application/steering.o
                0x20000028                need_read_calibration
 .data.usEchoStart
                0x2000002c        0x4 ./Application/ultrasound.o
                0x2000002c                usEchoStart
 .data.usTriggerPin
                0x20000030        0xc ./Application/ultrasound.o
                0x20000030                usTriggerPin
 .data.uwTickPrio
                0x2000003c        0x4 ./Drivers/STM32F1xx_HAL_Driver/Src/stm32f1xx_hal.o
                0x2000003c                uwTickPrio
 .data.uwTickFreq
                0x20000040        0x1 ./Drivers/STM32F1xx_HAL_Driver/Src/stm32f1xx_hal.o
                0x20000040                uwTickFreq
 *fill*         0x20000041        0x3 
 .data.SystemCoreClock
                0x20000044        0x4 ./Src/system_stm32f1xx.o
                0x20000044                SystemCoreClock
 *(.RamFunc)
 *(.RamFunc*)
                0x20000048                        . = ALIGN (0x4)
                0x20000048                        _edata = .

.igot.plt       0x20000048        0x0 load address 0x080098dc
 .igot.plt      0x20000048        0x0 /opt/st/stm32cubeide_1.16.0/plugins/com.st.stm32cube.ide.mcu.externaltools.gnu-tools-for-stm32.13.3.rel1.linux64_1.0.0.202410170706/tools/bin/../lib/gcc/arm-none-eabi/13.3.1/thumb/v7-m/nofp/crtbegin.o
                0x20000048                        . = ALIGN (0x4)

.bss            0x20000048      0x304 load address 0x080098dc
                0x20000048                        _sbss = .
                0x20000048                        __bss_start__ = _sbss
 *(.bss)
 .bss           0x20000048       0x1c /opt/st/stm32cubeide_1.16.0/plugins/com.st.stm32cube.ide.mcu.externaltools.gnu-tools-for-stm32.13.3.rel1.linux64_1.0.0.202410170706/tools/bin/../lib/gcc/arm-none-eabi/13.3.1/thumb/v7-m/nofp/crtbegin.o
 *(.bss*)
 .bss.bytes_temp
                0x20000064        0x4 ./Application/FLASH_PAGE_F1.o
                0x20000064                bytes_temp
 .bss.EraseInitStruct.0
                0x20000068       0x10 ./Application/FLASH_PAGE_F1.o
 .bss.CAN_SEND_US
                0x20000078        0x4 ./Application/app.o
                0x20000078                CAN_SEND_US
 .bss.currentUs
                0x2000007c        0x4 ./Application/app.o
                0x2000007c                currentUs
 .bss.usDistance
                0x20000080        0xc ./Application/app.o
                0x20000080                usDistance
 .bss.cmpt_can_motors
                0x2000008c        0x4 ./Application/app.o
 .bss.cmpt_us   0x20000090        0x4 ./Application/app.o
 .bss.cmpt_batt
                0x20000094        0x4 ./Application/app.o
 .bss.commCheckingRequest
                0x20000098        0x4 ./Application/app.o
                0x20000098                commCheckingRequest
 .bss.TxHeader  0x2000009c       0x18 ./Application/can_communication.o
                0x2000009c                TxHeader
 .bss.TxData    0x200000b4        0x8 ./Application/can_communication.o
                0x200000b4                TxData
 .bss.TxMailbox
                0x200000bc        0x4 ./Application/can_communication.o
                0x200000bc                TxMailbox
 .bss.ADCBUF    0x200000c0        0xa ./Application/measures.o
                0x200000c0                ADCBUF
 *fill*         0x200000ca        0x2 
 .bss.steering_sensor_coef_a
                0x200000cc        0x4 ./Application/steering.o
                0x200000cc                steering_sensor_coef_a
 .bss.steering_sensor_coef_b
                0x200000d0        0x4 ./Application/steering.o
                0x200000d0                steering_sensor_coef_b
 .bss.previous_value_right.1
                0x200000d4        0x4 ./Application/steering.o
 .bss.previous_value_left.0
                0x200000d8        0x4 ./Application/steering.o
 .bss.usEchoReceived
                0x200000dc        0x4 ./Application/ultrasound.o
                0x200000dc                usEchoReceived
 .bss.usEchoRisingTime
                0x200000e0        0x8 ./Application/ultrasound.o
                0x200000e0                usEchoRisingTime
 .bss.usEchoDuration
                0x200000e8        0x8 ./Application/ultrasound.o
                0x200000e8                usEchoDuration
 .bss.timerOverflow
                0x200000f0        0x8 ./Application/ultrasound.o
                0x200000f0                timerOverflow
 .bss.microSecondTime
                0x200000f8        0x8 ./Application/ultrasound.o
                0x200000f8                microSecondTime
 .bss.VMG_mes   0x20000100        0x4 ./Application/wheels.o
                0x20000100                VMG_mes
 .bss.VMD_mes   0x20000104        0x4 ./Application/wheels.o
                0x20000104                VMD_mes
 .bss.per_vitesseG
                0x20000108        0x4 ./Application/wheels.o
                0x20000108                per_vitesseG
 .bss.per_vitesseD
                0x2000010c        0x4 ./Application/wheels.o
                0x2000010c                per_vitesseD
 .bss.nbImpulsionG
                0x20000110        0x4 ./Application/wheels.o
                0x20000110                nbImpulsionG
 .bss.nbImpulsionD
                0x20000114        0x4 ./Application/wheels.o
                0x20000114                nbImpulsionD
 .bss.lastCaptureG
                0x20000118        0x4 ./Application/wheels.o
                0x20000118                lastCaptureG
 .bss.lastCaptureD
                0x2000011c        0x4 ./Application/wheels.o
                0x2000011c                lastCaptureD
 .bss.ovfCountG
                0x20000120        0x1 ./Application/wheels.o
                0x20000120                ovfCountG
 .bss.ovfCountD
                0x20000121        0x1 ./Application/wheels.o
                0x20000121                ovfCountD
 *fill*         0x20000122        0x2 
 .bss.uwTick    0x20000124        0x4 ./Drivers/STM32F1xx_HAL_Driver/Src/stm32f1xx_hal.o
                0x20000124                uwTick
 .bss.pFlash    0x20000128       0x20 ./Drivers/STM32F1xx_HAL_Driver/Src/stm32f1xx_hal_flash.o
                0x20000128                pFlash
 .bss.hadc1     0x20000148       0x30 ./Src/adc.o
                0x20000148                hadc1
 .bss.hdma_adc1
                0x20000178       0x44 ./Src/adc.o
                0x20000178                hdma_adc1
 .bss.hcan      0x200001bc       0x28 ./Src/can.o
                0x200001bc                hcan
 .bss.htim1     0x200001e4       0x48 ./Src/tim.o
                0x200001e4                htim1
 .bss.htim2     0x2000022c       0x48 ./Src/tim.o
                0x2000022c                htim2
 .bss.htim3     0x20000274       0x48 ./Src/tim.o
                0x20000274                htim3
 .bss.htim4     0x200002bc       0x48 ./Src/tim.o
                0x200002bc                htim4
 .bss.huart2    0x20000304       0x48 ./Src/usart.o
                0x20000304                huart2
 *(COMMON)
                0x2000034c                        . = ALIGN (0x4)
                0x2000034c                        _ebss = .
                0x2000034c                        __bss_end__ = _ebss

._user_heap_stack
                0x2000034c      0x604 load address 0x080098dc
                0x20000350                        . = ALIGN (0x8)
 *fill*         0x2000034c        0x4 
                [!provide]                        PROVIDE (end = .)
                0x20000350                        PROVIDE (_end = .)
                0x20000550                        . = (. + _Min_Heap_Size)
 *fill*         0x20000350      0x200 
                0x20000950                        . = (. + _Min_Stack_Size)
 *fill*         0x20000550      0x400 
                0x20000950                        . = ALIGN (0x8)

/DISCARD/
 libc.a(*)
 libm.a(*)
 libgcc.a(*)

.ARM.attributes
                0x00000000       0x29
 *(.ARM.attributes)
 .ARM.attributes
                0x00000000       0x1d /opt/st/stm32cubeide_1.16.0/plugins/com.st.stm32cube.ide.mcu.externaltools.gnu-tools-for-stm32.13.3.rel1.linux64_1.0.0.202410170706/tools/bin/../lib/gcc/arm-none-eabi/13.3.1/thumb/v7-m/nofp/crti.o
 .ARM.attributes
                0x0000001d       0x2d /opt/st/stm32cubeide_1.16.0/plugins/com.st.stm32cube.ide.mcu.externaltools.gnu-tools-for-stm32.13.3.rel1.linux64_1.0.0.202410170706/tools/bin/../lib/gcc/arm-none-eabi/13.3.1/thumb/v7-m/nofp/crtbegin.o
 .ARM.attributes
                0x0000004a       0x2d ./Application/FLASH_PAGE_F1.o
 .ARM.attributes
                0x00000077       0x2d ./Application/app.o
 .ARM.attributes
                0x000000a4       0x2d ./Application/calibrate.o
 .ARM.attributes
                0x000000d1       0x2d ./Application/can_communication.o
 .ARM.attributes
                0x000000fe       0x2d ./Application/control.o
 .ARM.attributes
                0x0000012b       0x2d ./Application/measures.o
 .ARM.attributes
                0x00000158       0x2d ./Application/steering.o
 .ARM.attributes
                0x00000185       0x2d ./Application/ultrasound.o
 .ARM.attributes
                0x000001b2       0x2d ./Application/wheels.o
 .ARM.attributes
                0x000001df       0x2d ./Drivers/STM32F1xx_HAL_Driver/Src/stm32f1xx_hal.o
 .ARM.attributes
                0x0000020c       0x2d ./Drivers/STM32F1xx_HAL_Driver/Src/stm32f1xx_hal_adc.o
 .ARM.attributes
                0x00000239       0x2d ./Drivers/STM32F1xx_HAL_Driver/Src/stm32f1xx_hal_can.o
 .ARM.attributes
                0x00000266       0x2d ./Drivers/STM32F1xx_HAL_Driver/Src/stm32f1xx_hal_cortex.o
 .ARM.attributes
                0x00000293       0x2d ./Drivers/STM32F1xx_HAL_Driver/Src/stm32f1xx_hal_dma.o
 .ARM.attributes
                0x000002c0       0x2d ./Drivers/STM32F1xx_HAL_Driver/Src/stm32f1xx_hal_flash.o
 .ARM.attributes
                0x000002ed       0x2d ./Drivers/STM32F1xx_HAL_Driver/Src/stm32f1xx_hal_flash_ex.o
 .ARM.attributes
                0x0000031a       0x2d ./Drivers/STM32F1xx_HAL_Driver/Src/stm32f1xx_hal_gpio.o
 .ARM.attributes
                0x00000347       0x2d ./Drivers/STM32F1xx_HAL_Driver/Src/stm32f1xx_hal_rcc.o
 .ARM.attributes
                0x00000374       0x2d ./Drivers/STM32F1xx_HAL_Driver/Src/stm32f1xx_hal_rcc_ex.o
 .ARM.attributes
                0x000003a1       0x2d ./Drivers/STM32F1xx_HAL_Driver/Src/stm32f1xx_hal_tim.o
 .ARM.attributes
                0x000003ce       0x2d ./Drivers/STM32F1xx_HAL_Driver/Src/stm32f1xx_hal_tim_ex.o
 .ARM.attributes
                0x000003fb       0x2d ./Drivers/STM32F1xx_HAL_Driver/Src/stm32f1xx_hal_uart.o
 .ARM.attributes
                0x00000428       0x2d ./Src/adc.o
 .ARM.attributes
                0x00000455       0x2d ./Src/can.o
 .ARM.attributes
                0x00000482       0x2d ./Src/dma.o
 .ARM.attributes
                0x000004af       0x2d ./Src/gpio.o
 .ARM.attributes
                0x000004dc       0x2d ./Src/main.o
 .ARM.attributes
                0x00000509       0x2d ./Src/stm32f1xx_hal_msp.o
 .ARM.attributes
                0x00000536       0x2d ./Src/stm32f1xx_it.o
 .ARM.attributes
                0x00000563       0x2d ./Src/system_stm32f1xx.o
 .ARM.attributes
                0x00000590       0x2d ./Src/tim.o
 .ARM.attributes
                0x000005bd       0x2d ./Src/usart.o
 .ARM.attributes
                0x000005ea       0x21 ./Startup/startup_stm32f103rbtx.o
 .ARM.attributes
                0x0000060b       0x2d /opt/st/stm32cubeide_1.16.0/plugins/com.st.stm32cube.ide.mcu.externaltools.gnu-tools-for-stm32.13.3.rel1.linux64_1.0.0.202410170706/tools/bin/../lib/gcc/arm-none-eabi/13.3.1/../../../../arm-none-eabi/lib/thumb/v7-m/nofp/libc_nano.a(libc_a-memset.o)
 .ARM.attributes
                0x00000638       0x2d /opt/st/stm32cubeide_1.16.0/plugins/com.st.stm32cube.ide.mcu.externaltools.gnu-tools-for-stm32.13.3.rel1.linux64_1.0.0.202410170706/tools/bin/../lib/gcc/arm-none-eabi/13.3.1/../../../../arm-none-eabi/lib/thumb/v7-m/nofp/libc_nano.a(libc_a-init.o)
 .ARM.attributes
                0x00000665       0x1d /opt/st/stm32cubeide_1.16.0/plugins/com.st.stm32cube.ide.mcu.externaltools.gnu-tools-for-stm32.13.3.rel1.linux64_1.0.0.202410170706/tools/bin/../lib/gcc/arm-none-eabi/13.3.1/thumb/v7-m/nofp/libgcc.a(_arm_addsubdf3.o)
 .ARM.attributes
                0x00000682       0x1d /opt/st/stm32cubeide_1.16.0/plugins/com.st.stm32cube.ide.mcu.externaltools.gnu-tools-for-stm32.13.3.rel1.linux64_1.0.0.202410170706/tools/bin/../lib/gcc/arm-none-eabi/13.3.1/thumb/v7-m/nofp/libgcc.a(_arm_muldivdf3.o)
 .ARM.attributes
                0x0000069f       0x1d /opt/st/stm32cubeide_1.16.0/plugins/com.st.stm32cube.ide.mcu.externaltools.gnu-tools-for-stm32.13.3.rel1.linux64_1.0.0.202410170706/tools/bin/../lib/gcc/arm-none-eabi/13.3.1/thumb/v7-m/nofp/libgcc.a(_arm_fixdfsi.o)
 .ARM.attributes
                0x000006bc       0x1d /opt/st/stm32cubeide_1.16.0/plugins/com.st.stm32cube.ide.mcu.externaltools.gnu-tools-for-stm32.13.3.rel1.linux64_1.0.0.202410170706/tools/bin/../lib/gcc/arm-none-eabi/13.3.1/thumb/v7-m/nofp/libgcc.a(_arm_addsubsf3.o)
 .ARM.attributes
                0x000006d9       0x1d /opt/st/stm32cubeide_1.16.0/plugins/com.st.stm32cube.ide.mcu.externaltools.gnu-tools-for-stm32.13.3.rel1.linux64_1.0.0.202410170706/tools/bin/../lib/gcc/arm-none-eabi/13.3.1/thumb/v7-m/nofp/libgcc.a(_arm_muldivsf3.o)
 .ARM.attributes
                0x000006f6       0x1d /opt/st/stm32cubeide_1.16.0/plugins/com.st.stm32cube.ide.mcu.externaltools.gnu-tools-for-stm32.13.3.rel1.linux64_1.0.0.202410170706/tools/bin/../lib/gcc/arm-none-eabi/13.3.1/thumb/v7-m/nofp/libgcc.a(_arm_cmpsf2.o)
 .ARM.attributes
                0x00000713       0x1d /opt/st/stm32cubeide_1.16.0/plugins/com.st.stm32cube.ide.mcu.externaltools.gnu-tools-for-stm32.13.3.rel1.linux64_1.0.0.202410170706/tools/bin/../lib/gcc/arm-none-eabi/13.3.1/thumb/v7-m/nofp/libgcc.a(_arm_fixsfsi.o)
 .ARM.attributes
                0x00000730       0x1d /opt/st/stm32cubeide_1.16.0/plugins/com.st.stm32cube.ide.mcu.externaltools.gnu-tools-for-stm32.13.3.rel1.linux64_1.0.0.202410170706/tools/bin/../lib/gcc/arm-none-eabi/13.3.1/thumb/v7-m/nofp/libgcc.a(_aeabi_uldivmod.o)
 .ARM.attributes
                0x0000074d       0x2d /opt/st/stm32cubeide_1.16.0/plugins/com.st.stm32cube.ide.mcu.externaltools.gnu-tools-for-stm32.13.3.rel1.linux64_1.0.0.202410170706/tools/bin/../lib/gcc/arm-none-eabi/13.3.1/thumb/v7-m/nofp/libgcc.a(_udivmoddi4.o)
 .ARM.attributes
                0x0000077a       0x1d /opt/st/stm32cubeide_1.16.0/plugins/com.st.stm32cube.ide.mcu.externaltools.gnu-tools-for-stm32.13.3.rel1.linux64_1.0.0.202410170706/tools/bin/../lib/gcc/arm-none-eabi/13.3.1/thumb/v7-m/nofp/libgcc.a(_dvmd_tls.o)
 .ARM.attributes
                0x00000797       0x1d /opt/st/stm32cubeide_1.16.0/plugins/com.st.stm32cube.ide.mcu.externaltools.gnu-tools-for-stm32.13.3.rel1.linux64_1.0.0.202410170706/tools/bin/../lib/gcc/arm-none-eabi/13.3.1/thumb/v7-m/nofp/crtn.o
OUTPUT(F103.elf elf32-littlearm)
LOAD linker stubs
LOAD /opt/st/stm32cubeide_1.16.0/plugins/com.st.stm32cube.ide.mcu.externaltools.gnu-tools-for-stm32.13.3.rel1.linux64_1.0.0.202410170706/tools/bin/../lib/gcc/arm-none-eabi/13.3.1/../../../../arm-none-eabi/lib/thumb/v7-m/nofp/libc.a
LOAD /opt/st/stm32cubeide_1.16.0/plugins/com.st.stm32cube.ide.mcu.externaltools.gnu-tools-for-stm32.13.3.rel1.linux64_1.0.0.202410170706/tools/bin/../lib/gcc/arm-none-eabi/13.3.1/../../../../arm-none-eabi/lib/thumb/v7-m/nofp/libm.a
LOAD /opt/st/stm32cubeide_1.16.0/plugins/com.st.stm32cube.ide.mcu.externaltools.gnu-tools-for-stm32.13.3.rel1.linux64_1.0.0.202410170706/tools/bin/../lib/gcc/arm-none-eabi/13.3.1/thumb/v7-m/nofp/libgcc.a

.debug_info     0x00000000    0x14055
 .debug_info    0x00000000      0x4e1 ./Application/FLASH_PAGE_F1.o
 .debug_info    0x000004e1      0x8c7 ./Application/app.o
 .debug_info    0x00000da8      0x321 ./Application/calibrate.o
 .debug_info    0x000010c9      0x828 ./Application/can_communication.o
 .debug_info    0x000018f1      0x116 ./Application/control.o
 .debug_info    0x00001a07      0x5c9 ./Application/measures.o
 .debug_info    0x00001fd0      0x87e ./Application/steering.o
 .debug_info    0x0000284e      0x8b7 ./Application/ultrasound.o
 .debug_info    0x00003105      0x90f ./Application/wheels.o
 .debug_info    0x00003a14      0x73b ./Drivers/STM32F1xx_HAL_Driver/Src/stm32f1xx_hal.o
 .debug_info    0x0000414f      0xc76 ./Drivers/STM32F1xx_HAL_Driver/Src/stm32f1xx_hal_adc.o
 .debug_info    0x00004dc5      0xf2f ./Drivers/STM32F1xx_HAL_Driver/Src/stm32f1xx_hal_can.o
 .debug_info    0x00005cf4      0xaa1 ./Drivers/STM32F1xx_HAL_Driver/Src/stm32f1xx_hal_cortex.o
 .debug_info    0x00006795      0x707 ./Drivers/STM32F1xx_HAL_Driver/Src/stm32f1xx_hal_dma.o
 .debug_info    0x00006e9c      0x516 ./Drivers/STM32F1xx_HAL_Driver/Src/stm32f1xx_hal_flash.o
 .debug_info    0x000073b2      0x794 ./Drivers/STM32F1xx_HAL_Driver/Src/stm32f1xx_hal_flash_ex.o
 .debug_info    0x00007b46      0x5dc ./Drivers/STM32F1xx_HAL_Driver/Src/stm32f1xx_hal_gpio.o
 .debug_info    0x00008122      0x7f0 ./Drivers/STM32F1xx_HAL_Driver/Src/stm32f1xx_hal_rcc.o
 .debug_info    0x00008912      0x3dc ./Drivers/STM32F1xx_HAL_Driver/Src/stm32f1xx_hal_rcc_ex.o
 .debug_info    0x00008cee     0x29c3 ./Drivers/STM32F1xx_HAL_Driver/Src/stm32f1xx_hal_tim.o
 .debug_info    0x0000b6b1     0x14ef ./Drivers/STM32F1xx_HAL_Driver/Src/stm32f1xx_hal_tim_ex.o
 .debug_info    0x0000cba0     0x2f02 ./Drivers/STM32F1xx_HAL_Driver/Src/stm32f1xx_hal_uart.o
 .debug_info    0x0000faa2      0x818 ./Src/adc.o
 .debug_info    0x000102ba      0x867 ./Src/can.o
 .debug_info    0x00010b21      0x2cf ./Src/dma.o
 .debug_info    0x00010df0      0x2b7 ./Src/gpio.o
 .debug_info    0x000110a7      0x373 ./Src/main.o
 .debug_info    0x0001141a      0x1f1 ./Src/stm32f1xx_hal_msp.o
 .debug_info    0x0001160b      0xd4a ./Src/stm32f1xx_it.o
 .debug_info    0x00012355      0x3ed ./Src/system_stm32f1xx.o
 .debug_info    0x00012742      0xfb9 ./Src/tim.o
 .debug_info    0x000136fb      0x92a ./Src/usart.o
 .debug_info    0x00014025       0x30 ./Startup/startup_stm32f103rbtx.o

.debug_abbrev   0x00000000     0x406b
 .debug_abbrev  0x00000000      0x20d ./Application/FLASH_PAGE_F1.o
 .debug_abbrev  0x0000020d      0x232 ./Application/app.o
 .debug_abbrev  0x0000043f      0x190 ./Application/calibrate.o
 .debug_abbrev  0x000005cf      0x1e8 ./Application/can_communication.o
 .debug_abbrev  0x000007b7       0xa0 ./Application/control.o
 .debug_abbrev  0x00000857      0x196 ./Application/measures.o
 .debug_abbrev  0x000009ed      0x234 ./Application/steering.o
 .debug_abbrev  0x00000c21      0x264 ./Application/ultrasound.o
 .debug_abbrev  0x00000e85      0x236 ./Application/wheels.o
 .debug_abbrev  0x000010bb      0x209 ./Drivers/STM32F1xx_HAL_Driver/Src/stm32f1xx_hal.o
 .debug_abbrev  0x000012c4      0x225 ./Drivers/STM32F1xx_HAL_Driver/Src/stm32f1xx_hal_adc.o
 .debug_abbrev  0x000014e9      0x237 ./Drivers/STM32F1xx_HAL_Driver/Src/stm32f1xx_hal_can.o
 .debug_abbrev  0x00001720      0x2fa ./Drivers/STM32F1xx_HAL_Driver/Src/stm32f1xx_hal_cortex.o
 .debug_abbrev  0x00001a1a      0x220 ./Drivers/STM32F1xx_HAL_Driver/Src/stm32f1xx_hal_dma.o
 .debug_abbrev  0x00001c3a      0x26e ./Drivers/STM32F1xx_HAL_Driver/Src/stm32f1xx_hal_flash.o
 .debug_abbrev  0x00001ea8      0x25c ./Drivers/STM32F1xx_HAL_Driver/Src/stm32f1xx_hal_flash_ex.o
 .debug_abbrev  0x00002104      0x1e7 ./Drivers/STM32F1xx_HAL_Driver/Src/stm32f1xx_hal_gpio.o
 .debug_abbrev  0x000022eb      0x2ad ./Drivers/STM32F1xx_HAL_Driver/Src/stm32f1xx_hal_rcc.o
 .debug_abbrev  0x00002598      0x1a5 ./Drivers/STM32F1xx_HAL_Driver/Src/stm32f1xx_hal_rcc_ex.o
 .debug_abbrev  0x0000273d      0x28b ./Drivers/STM32F1xx_HAL_Driver/Src/stm32f1xx_hal_tim.o
 .debug_abbrev  0x000029c8      0x280 ./Drivers/STM32F1xx_HAL_Driver/Src/stm32f1xx_hal_tim_ex.o
 .debug_abbrev  0x00002c48      0x30d ./Drivers/STM32F1xx_HAL_Driver/Src/stm32f1xx_hal_uart.o
 .debug_abbrev  0x00002f55      0x1f2 ./Src/adc.o
 .debug_abbrev  0x00003147      0x232 ./Src/can.o
 .debug_abbrev  0x00003379       0xfc ./Src/dma.o
 .debug_abbrev  0x00003475      0x13f ./Src/gpio.o
 .debug_abbrev  0x000035b4      0x19d ./Src/main.o
 .debug_abbrev  0x00003751       0xdb ./Src/stm32f1xx_hal_msp.o
 .debug_abbrev  0x0000382c      0x21a ./Src/stm32f1xx_it.o
 .debug_abbrev  0x00003a46      0x13f ./Src/system_stm32f1xx.o
 .debug_abbrev  0x00003b85      0x2bd ./Src/tim.o
 .debug_abbrev  0x00003e42      0x205 ./Src/usart.o
 .debug_abbrev  0x00004047       0x24 ./Startup/startup_stm32f103rbtx.o

.debug_aranges  0x00000000     0x1268
 .debug_aranges
                0x00000000       0x58 ./Application/FLASH_PAGE_F1.o
 .debug_aranges
                0x00000058       0x38 ./Application/app.o
 .debug_aranges
                0x00000090       0x28 ./Application/calibrate.o
 .debug_aranges
                0x000000b8       0x38 ./Application/can_communication.o
 .debug_aranges
                0x000000f0       0x20 ./Application/control.o
 .debug_aranges
                0x00000110       0x48 ./Application/measures.o
 .debug_aranges
                0x00000158       0x48 ./Application/steering.o
 .debug_aranges
                0x000001a0       0x50 ./Application/ultrasound.o
 .debug_aranges
                0x000001f0       0x38 ./Application/wheels.o
 .debug_aranges
                0x00000228       0xe0 ./Drivers/STM32F1xx_HAL_Driver/Src/stm32f1xx_hal.o
 .debug_aranges
                0x00000308       0xf0 ./Drivers/STM32F1xx_HAL_Driver/Src/stm32f1xx_hal_adc.o
 .debug_aranges
                0x000003f8      0x138 ./Drivers/STM32F1xx_HAL_Driver/Src/stm32f1xx_hal_can.o
 .debug_aranges
                0x00000530      0x100 ./Drivers/STM32F1xx_HAL_Driver/Src/stm32f1xx_hal_cortex.o
 .debug_aranges
                0x00000630       0x80 ./Drivers/STM32F1xx_HAL_Driver/Src/stm32f1xx_hal_dma.o
 .debug_aranges
                0x000006b0       0x88 ./Drivers/STM32F1xx_HAL_Driver/Src/stm32f1xx_hal_flash.o
 .debug_aranges
                0x00000738       0x98 ./Drivers/STM32F1xx_HAL_Driver/Src/stm32f1xx_hal_flash_ex.o
 .debug_aranges
                0x000007d0       0x58 ./Drivers/STM32F1xx_HAL_Driver/Src/stm32f1xx_hal_gpio.o
 .debug_aranges
                0x00000828       0x90 ./Drivers/STM32F1xx_HAL_Driver/Src/stm32f1xx_hal_rcc.o
 .debug_aranges
                0x000008b8       0x30 ./Drivers/STM32F1xx_HAL_Driver/Src/stm32f1xx_hal_rcc_ex.o
 .debug_aranges
                0x000008e8      0x3d0 ./Drivers/STM32F1xx_HAL_Driver/Src/stm32f1xx_hal_tim.o
 .debug_aranges
                0x00000cb8      0x168 ./Drivers/STM32F1xx_HAL_Driver/Src/stm32f1xx_hal_tim_ex.o
 .debug_aranges
                0x00000e20      0x208 ./Drivers/STM32F1xx_HAL_Driver/Src/stm32f1xx_hal_uart.o
 .debug_aranges
                0x00001028       0x30 ./Src/adc.o
 .debug_aranges
                0x00001058       0x30 ./Src/can.o
 .debug_aranges
                0x00001088       0x20 ./Src/dma.o
 .debug_aranges
                0x000010a8       0x20 ./Src/gpio.o
 .debug_aranges
                0x000010c8       0x38 ./Src/main.o
 .debug_aranges
                0x00001100       0x20 ./Src/stm32f1xx_hal_msp.o
 .debug_aranges
                0x00001120       0x68 ./Src/stm32f1xx_it.o
 .debug_aranges
                0x00001188       0x28 ./Src/system_stm32f1xx.o
 .debug_aranges
                0x000011b0       0x60 ./Src/tim.o
 .debug_aranges
                0x00001210       0x30 ./Src/usart.o
 .debug_aranges
                0x00001240       0x28 ./Startup/startup_stm32f103rbtx.o

.debug_rnglists
                0x00000000      0xe26
 .debug_rnglists
                0x00000000       0x3f ./Application/FLASH_PAGE_F1.o
 .debug_rnglists
                0x0000003f       0x27 ./Application/app.o
 .debug_rnglists
                0x00000066       0x1a ./Application/calibrate.o
 .debug_rnglists
                0x00000080       0x27 ./Application/can_communication.o
 .debug_rnglists
                0x000000a7       0x13 ./Application/control.o
 .debug_rnglists
                0x000000ba       0x31 ./Application/measures.o
 .debug_rnglists
                0x000000eb       0x34 ./Application/steering.o
 .debug_rnglists
                0x0000011f       0x38 ./Application/ultrasound.o
 .debug_rnglists
                0x00000157       0x28 ./Application/wheels.o
 .debug_rnglists
                0x0000017f       0xa3 ./Drivers/STM32F1xx_HAL_Driver/Src/stm32f1xx_hal.o
 .debug_rnglists
                0x00000222       0xbe ./Drivers/STM32F1xx_HAL_Driver/Src/stm32f1xx_hal_adc.o
 .debug_rnglists
                0x000002e0       0xed ./Drivers/STM32F1xx_HAL_Driver/Src/stm32f1xx_hal_can.o
 .debug_rnglists
                0x000003cd       0xbb ./Drivers/STM32F1xx_HAL_Driver/Src/stm32f1xx_hal_cortex.o
 .debug_rnglists
                0x00000488       0x64 ./Drivers/STM32F1xx_HAL_Driver/Src/stm32f1xx_hal_dma.o
 .debug_rnglists
                0x000004ec       0x66 ./Drivers/STM32F1xx_HAL_Driver/Src/stm32f1xx_hal_flash.o
 .debug_rnglists
                0x00000552       0x76 ./Drivers/STM32F1xx_HAL_Driver/Src/stm32f1xx_hal_flash_ex.o
 .debug_rnglists
                0x000005c8       0x40 ./Drivers/STM32F1xx_HAL_Driver/Src/stm32f1xx_hal_gpio.o
 .debug_rnglists
                0x00000608       0x6e ./Drivers/STM32F1xx_HAL_Driver/Src/stm32f1xx_hal_rcc.o
 .debug_rnglists
                0x00000676       0x21 ./Drivers/STM32F1xx_HAL_Driver/Src/stm32f1xx_hal_rcc_ex.o
 .debug_rnglists
                0x00000697      0x321 ./Drivers/STM32F1xx_HAL_Driver/Src/stm32f1xx_hal_tim.o
 .debug_rnglists
                0x000009b8      0x127 ./Drivers/STM32F1xx_HAL_Driver/Src/stm32f1xx_hal_tim_ex.o
 .debug_rnglists
                0x00000adf      0x1c0 ./Drivers/STM32F1xx_HAL_Driver/Src/stm32f1xx_hal_uart.o
 .debug_rnglists
                0x00000c9f       0x21 ./Src/adc.o
 .debug_rnglists
                0x00000cc0       0x20 ./Src/can.o
 .debug_rnglists
                0x00000ce0       0x13 ./Src/dma.o
 .debug_rnglists
                0x00000cf3       0x14 ./Src/gpio.o
 .debug_rnglists
                0x00000d07       0x26 ./Src/main.o
 .debug_rnglists
                0x00000d2d       0x13 ./Src/stm32f1xx_hal_msp.o
 .debug_rnglists
                0x00000d40       0x49 ./Src/stm32f1xx_it.o
 .debug_rnglists
                0x00000d89       0x1a ./Src/system_stm32f1xx.o
 .debug_rnglists
                0x00000da3       0x4a ./Src/tim.o
 .debug_rnglists
                0x00000ded       0x20 ./Src/usart.o
 .debug_rnglists
                0x00000e0d       0x19 ./Startup/startup_stm32f103rbtx.o

.debug_macro    0x00000000    0x1b27b
 .debug_macro   0x00000000      0x2cd ./Application/FLASH_PAGE_F1.o
 .debug_macro   0x000002cd      0xae4 ./Application/FLASH_PAGE_F1.o
 .debug_macro   0x00000db1      0x234 ./Application/FLASH_PAGE_F1.o
 .debug_macro   0x00000fe5       0x28 ./Application/FLASH_PAGE_F1.o
 .debug_macro   0x0000100d       0x22 ./Application/FLASH_PAGE_F1.o
 .debug_macro   0x0000102f       0x22 ./Application/FLASH_PAGE_F1.o
 .debug_macro   0x00001051       0x8e ./Application/FLASH_PAGE_F1.o
 .debug_macro   0x000010df       0x51 ./Application/FLASH_PAGE_F1.o
 .debug_macro   0x00001130      0x103 ./Application/FLASH_PAGE_F1.o
 .debug_macro   0x00001233       0x6a ./Application/FLASH_PAGE_F1.o
 .debug_macro   0x0000129d      0x1df ./Application/FLASH_PAGE_F1.o
 .debug_macro   0x0000147c       0x1c ./Application/FLASH_PAGE_F1.o
 .debug_macro   0x00001498       0x22 ./Application/FLASH_PAGE_F1.o
 .debug_macro   0x000014ba       0xbd ./Application/FLASH_PAGE_F1.o
 .debug_macro   0x00001577      0xd23 ./Application/FLASH_PAGE_F1.o
 .debug_macro   0x0000229a     0xe09e ./Application/FLASH_PAGE_F1.o
 .debug_macro   0x00010338       0x6d ./Application/FLASH_PAGE_F1.o
 .debug_macro   0x000103a5     0x34a2 ./Application/FLASH_PAGE_F1.o
 .debug_macro   0x00013847      0x190 ./Application/FLASH_PAGE_F1.o
 .debug_macro   0x000139d7       0x5c ./Application/FLASH_PAGE_F1.o
 .debug_macro   0x00013a33      0x5bc ./Application/FLASH_PAGE_F1.o
 .debug_macro   0x00013fef      0x289 ./Application/FLASH_PAGE_F1.o
 .debug_macro   0x00014278      0x1cb ./Application/FLASH_PAGE_F1.o
 .debug_macro   0x00014443      0x114 ./Application/FLASH_PAGE_F1.o
 .debug_macro   0x00014557      0x1b2 ./Application/FLASH_PAGE_F1.o
 .debug_macro   0x00014709       0x27 ./Application/FLASH_PAGE_F1.o
 .debug_macro   0x00014730      0x136 ./Application/FLASH_PAGE_F1.o
 .debug_macro   0x00014866      0x1bc ./Application/FLASH_PAGE_F1.o
 .debug_macro   0x00014a22       0x34 ./Application/FLASH_PAGE_F1.o
 .debug_macro   0x00014a56       0x3c ./Application/FLASH_PAGE_F1.o
 .debug_macro   0x00014a92      0x408 ./Application/FLASH_PAGE_F1.o
 .debug_macro   0x00014e9a       0x57 ./Application/FLASH_PAGE_F1.o
 .debug_macro   0x00014ef1      0x46a ./Application/FLASH_PAGE_F1.o
 .debug_macro   0x0001535b      0x1b5 ./Application/FLASH_PAGE_F1.o
 .debug_macro   0x00015510       0x87 ./Application/FLASH_PAGE_F1.o
 .debug_macro   0x00015597      0x240 ./Application/FLASH_PAGE_F1.o
 .debug_macro   0x000157d7      0x140 ./Application/FLASH_PAGE_F1.o
 .debug_macro   0x00015917      0x8ed ./Application/FLASH_PAGE_F1.o
 .debug_macro   0x00016204      0x28e ./Application/FLASH_PAGE_F1.o
 .debug_macro   0x00016492       0x83 ./Application/FLASH_PAGE_F1.o
 .debug_macro   0x00016515       0x61 ./Application/FLASH_PAGE_F1.o
 .debug_macro   0x00016576       0x24 ./Application/FLASH_PAGE_F1.o
 .debug_macro   0x0001659a       0x43 ./Application/FLASH_PAGE_F1.o
 .debug_macro   0x000165dd       0x34 ./Application/FLASH_PAGE_F1.o
 .debug_macro   0x00016611      0x370 ./Application/FLASH_PAGE_F1.o
 .debug_macro   0x00016981       0x16 ./Application/FLASH_PAGE_F1.o
 .debug_macro   0x00016997       0x4a ./Application/FLASH_PAGE_F1.o
 .debug_macro   0x000169e1       0x34 ./Application/FLASH_PAGE_F1.o
 .debug_macro   0x00016a15       0x10 ./Application/FLASH_PAGE_F1.o
 .debug_macro   0x00016a25       0x58 ./Application/FLASH_PAGE_F1.o
 .debug_macro   0x00016a7d       0x8e ./Application/FLASH_PAGE_F1.o
 .debug_macro   0x00016b0b       0x1c ./Application/FLASH_PAGE_F1.o
 .debug_macro   0x00016b27      0x185 ./Application/FLASH_PAGE_F1.o
 .debug_macro   0x00016cac       0x10 ./Application/FLASH_PAGE_F1.o
 .debug_macro   0x00016cbc       0x3c ./Application/FLASH_PAGE_F1.o
 .debug_macro   0x00016cf8       0x20 ./Application/FLASH_PAGE_F1.o
 .debug_macro   0x00016d18       0x1c ./Application/FLASH_PAGE_F1.o
 .debug_macro   0x00016d34       0x10 ./Application/FLASH_PAGE_F1.o
 .debug_macro   0x00016d44       0x1c ./Application/FLASH_PAGE_F1.o
 .debug_macro   0x00016d60       0x16 ./Application/FLASH_PAGE_F1.o
 .debug_macro   0x00016d76      0x146 ./Application/FLASH_PAGE_F1.o
 .debug_macro   0x00016ebc      0x345 ./Application/app.o
 .debug_macro   0x00017201      0x207 ./Application/app.o
 .debug_macro   0x00017408       0x4c ./Application/app.o
 .debug_macro   0x00017454       0x16 ./Application/app.o
 .debug_macro   0x0001746a       0x16 ./Application/app.o
 .debug_macro   0x00017480       0x29 ./Application/app.o
 .debug_macro   0x000174a9       0x58 ./Application/app.o
 .debug_macro   0x00017501       0x16 ./Application/app.o
 .debug_macro   0x00017517       0x16 ./Application/app.o
 .debug_macro   0x0001752d       0x5e ./Application/app.o
 .debug_macro   0x0001758b      0x2e1 ./Application/calibrate.o
 .debug_macro   0x0001786c      0x20d ./Application/calibrate.o
 .debug_macro   0x00017a79      0x1ed ./Application/can_communication.o
 .debug_macro   0x00017c66      0x2d1 ./Application/control.o
 .debug_macro   0x00017f37      0x1e4 ./Application/measures.o
 .debug_macro   0x0001811b      0x2d2 ./Application/steering.o
 .debug_macro   0x000183ed      0x1ed ./Application/ultrasound.o
 .debug_macro   0x000185da       0x46 ./Application/ultrasound.o
 .debug_macro   0x00018620      0x1f2 ./Application/wheels.o
 .debug_macro   0x00018812       0x10 ./Application/wheels.o
 .debug_macro   0x00018822      0x1e5 ./Drivers/STM32F1xx_HAL_Driver/Src/stm32f1xx_hal.o
 .debug_macro   0x00018a07      0x1de ./Drivers/STM32F1xx_HAL_Driver/Src/stm32f1xx_hal_adc.o
 .debug_macro   0x00018be5      0x1d0 ./Drivers/STM32F1xx_HAL_Driver/Src/stm32f1xx_hal_can.o
 .debug_macro   0x00018db5      0x1c1 ./Drivers/STM32F1xx_HAL_Driver/Src/stm32f1xx_hal_cortex.o
 .debug_macro   0x00018f76      0x1c1 ./Drivers/STM32F1xx_HAL_Driver/Src/stm32f1xx_hal_dma.o
 .debug_macro   0x00019137      0x1c1 ./Drivers/STM32F1xx_HAL_Driver/Src/stm32f1xx_hal_flash.o
 .debug_macro   0x000192f8      0x1d3 ./Drivers/STM32F1xx_HAL_Driver/Src/stm32f1xx_hal_flash_ex.o
 .debug_macro   0x000194cb      0x22c ./Drivers/STM32F1xx_HAL_Driver/Src/stm32f1xx_hal_gpio.o
 .debug_macro   0x000196f7      0x1d3 ./Drivers/STM32F1xx_HAL_Driver/Src/stm32f1xx_hal_rcc.o
 .debug_macro   0x000198ca      0x1c1 ./Drivers/STM32F1xx_HAL_Driver/Src/stm32f1xx_hal_rcc_ex.o
 .debug_macro   0x00019a8b      0x1c2 ./Drivers/STM32F1xx_HAL_Driver/Src/stm32f1xx_hal_tim.o
 .debug_macro   0x00019c4d      0x1c1 ./Drivers/STM32F1xx_HAL_Driver/Src/stm32f1xx_hal_tim_ex.o
 .debug_macro   0x00019e0e      0x1c2 ./Drivers/STM32F1xx_HAL_Driver/Src/stm32f1xx_hal_uart.o
 .debug_macro   0x00019fd0      0x1da ./Src/adc.o
 .debug_macro   0x0001a1aa      0x1da ./Src/can.o
 .debug_macro   0x0001a384      0x1da ./Src/dma.o
 .debug_macro   0x0001a55e      0x1da ./Src/gpio.o
 .debug_macro   0x0001a738      0x219 ./Src/main.o
 .debug_macro   0x0001a951      0x1d0 ./Src/stm32f1xx_hal_msp.o
 .debug_macro   0x0001ab21      0x1da ./Src/stm32f1xx_it.o
 .debug_macro   0x0001acfb      0x1c7 ./Src/system_stm32f1xx.o
 .debug_macro   0x0001aec2      0x1df ./Src/tim.o
 .debug_macro   0x0001b0a1      0x1da ./Src/usart.o

.debug_line     0x00000000    0x1a3cb
 .debug_line    0x00000000      0x9da ./Application/FLASH_PAGE_F1.o
 .debug_line    0x000009da      0xa1e ./Application/app.o
 .debug_line    0x000013f8      0x8d7 ./Application/calibrate.o
 .debug_line    0x00001ccf      0x7bf ./Application/can_communication.o
 .debug_line    0x0000248e      0x817 ./Application/control.o
 .debug_line    0x00002ca5      0x707 ./Application/measures.o
 .debug_line    0x000033ac      0x978 ./Application/steering.o
 .debug_line    0x00003d24      0x795 ./Application/ultrasound.o
 .debug_line    0x000044b9      0x7c4 ./Application/wheels.o
 .debug_line    0x00004c7d      0x948 ./Drivers/STM32F1xx_HAL_Driver/Src/stm32f1xx_hal.o
 .debug_line    0x000055c5     0x122d ./Drivers/STM32F1xx_HAL_Driver/Src/stm32f1xx_hal_adc.o
 .debug_line    0x000067f2     0x1347 ./Drivers/STM32F1xx_HAL_Driver/Src/stm32f1xx_hal_can.o
 .debug_line    0x00007b39      0xb8b ./Drivers/STM32F1xx_HAL_Driver/Src/stm32f1xx_hal_cortex.o
 .debug_line    0x000086c4      0xe1a ./Drivers/STM32F1xx_HAL_Driver/Src/stm32f1xx_hal_dma.o
 .debug_line    0x000094de      0xa60 ./Drivers/STM32F1xx_HAL_Driver/Src/stm32f1xx_hal_flash.o
 .debug_line    0x00009f3e      0xc3b ./Drivers/STM32F1xx_HAL_Driver/Src/stm32f1xx_hal_flash_ex.o
 .debug_line    0x0000ab79      0xae7 ./Drivers/STM32F1xx_HAL_Driver/Src/stm32f1xx_hal_gpio.o
 .debug_line    0x0000b660      0xfc2 ./Drivers/STM32F1xx_HAL_Driver/Src/stm32f1xx_hal_rcc.o
 .debug_line    0x0000c622      0x900 ./Drivers/STM32F1xx_HAL_Driver/Src/stm32f1xx_hal_rcc_ex.o
 .debug_line    0x0000cf22     0x4a0a ./Drivers/STM32F1xx_HAL_Driver/Src/stm32f1xx_hal_tim.o
 .debug_line    0x0001192c     0x1beb ./Drivers/STM32F1xx_HAL_Driver/Src/stm32f1xx_hal_tim_ex.o
 .debug_line    0x00013517     0x259e ./Drivers/STM32F1xx_HAL_Driver/Src/stm32f1xx_hal_uart.o
 .debug_line    0x00015ab5      0x777 ./Src/adc.o
 .debug_line    0x0001622c      0x6fb ./Src/can.o
 .debug_line    0x00016927      0x67b ./Src/dma.o
 .debug_line    0x00016fa2      0x6a2 ./Src/gpio.o
 .debug_line    0x00017644      0x761 ./Src/main.o
 .debug_line    0x00017da5      0x680 ./Src/stm32f1xx_hal_msp.o
 .debug_line    0x00018425      0x75d ./Src/stm32f1xx_it.o
 .debug_line    0x00018b82      0x72c ./Src/system_stm32f1xx.o
 .debug_line    0x000192ae      0x9b6 ./Src/tim.o
 .debug_line    0x00019c64      0x6ec ./Src/usart.o
 .debug_line    0x0001a350       0x7b ./Startup/startup_stm32f103rbtx.o

.debug_str      0x00000000    0x939de
 .debug_str     0x00000000    0x939de ./Application/FLASH_PAGE_F1.o
                              0x8dd79 (size before relaxing)
 .debug_str     0x000939de    0x8ec4e ./Application/app.o
 .debug_str     0x000939de    0x8e539 ./Application/calibrate.o
 .debug_str     0x000939de    0x8b45e ./Application/can_communication.o
 .debug_str     0x000939de    0x8e2a7 ./Application/control.o
 .debug_str     0x000939de    0x8b1a8 ./Application/measures.o
 .debug_str     0x000939de    0x8e9fa ./Application/steering.o
 .debug_str     0x000939de    0x8b57a ./Application/ultrasound.o
 .debug_str     0x000939de    0x8b5cb ./Application/wheels.o
 .debug_str     0x000939de    0x8ab07 ./Drivers/STM32F1xx_HAL_Driver/Src/stm32f1xx_hal.o
 .debug_str     0x000939de    0x8aaa6 ./Drivers/STM32F1xx_HAL_Driver/Src/stm32f1xx_hal_adc.o
 .debug_str     0x000939de    0x8abca ./Drivers/STM32F1xx_HAL_Driver/Src/stm32f1xx_hal_can.o
 .debug_str     0x000939de    0x8aa41 ./Drivers/STM32F1xx_HAL_Driver/Src/stm32f1xx_hal_cortex.o
 .debug_str     0x000939de    0x8a77d ./Drivers/STM32F1xx_HAL_Driver/Src/stm32f1xx_hal_dma.o
 .debug_str     0x000939de    0x8a69d ./Drivers/STM32F1xx_HAL_Driver/Src/stm32f1xx_hal_flash.o
 .debug_str     0x000939de    0x8a84b ./Drivers/STM32F1xx_HAL_Driver/Src/stm32f1xx_hal_flash_ex.o
 .debug_str     0x000939de    0x8a75a ./Drivers/STM32F1xx_HAL_Driver/Src/stm32f1xx_hal_gpio.o
 .debug_str     0x000939de    0x8a7f1 ./Drivers/STM32F1xx_HAL_Driver/Src/stm32f1xx_hal_rcc.o
 .debug_str     0x000939de    0x8a541 ./Drivers/STM32F1xx_HAL_Driver/Src/stm32f1xx_hal_rcc_ex.o
 .debug_str     0x000939de    0x8b805 ./Drivers/STM32F1xx_HAL_Driver/Src/stm32f1xx_hal_tim.o
 .debug_str     0x000939de    0x8b011 ./Drivers/STM32F1xx_HAL_Driver/Src/stm32f1xx_hal_tim_ex.o
 .debug_str     0x000939de    0x8ae62 ./Drivers/STM32F1xx_HAL_Driver/Src/stm32f1xx_hal_uart.o
 .debug_str     0x000939de    0x8b24d ./Src/adc.o
 .debug_str     0x000939de    0x8b473 ./Src/can.o
 .debug_str     0x000939de    0x8b0e0 ./Src/dma.o
 .debug_str     0x000939de    0x8ae82 ./Src/gpio.o
 .debug_str     0x000939de    0x8b1d9 ./Src/main.o
 .debug_str     0x000939de    0x8ae0a ./Src/stm32f1xx_hal_msp.o
 .debug_str     0x000939de    0x8b830 ./Src/stm32f1xx_it.o
 .debug_str     0x000939de    0x8a421 ./Src/system_stm32f1xx.o
 .debug_str     0x000939de    0x8bb4b ./Src/tim.o
 .debug_str     0x000939de    0x8b5e5 ./Src/usart.o
 .debug_str     0x000939de       0x92 ./Startup/startup_stm32f103rbtx.o

.comment        0x00000000       0x43
 .comment       0x00000000       0x43 ./Application/FLASH_PAGE_F1.o
                                 0x44 (size before relaxing)
 .comment       0x00000043       0x44 ./Application/app.o
 .comment       0x00000043       0x44 ./Application/calibrate.o
 .comment       0x00000043       0x44 ./Application/can_communication.o
 .comment       0x00000043       0x44 ./Application/control.o
 .comment       0x00000043       0x44 ./Application/measures.o
 .comment       0x00000043       0x44 ./Application/steering.o
 .comment       0x00000043       0x44 ./Application/ultrasound.o
 .comment       0x00000043       0x44 ./Application/wheels.o
 .comment       0x00000043       0x44 ./Drivers/STM32F1xx_HAL_Driver/Src/stm32f1xx_hal.o
 .comment       0x00000043       0x44 ./Drivers/STM32F1xx_HAL_Driver/Src/stm32f1xx_hal_adc.o
 .comment       0x00000043       0x44 ./Drivers/STM32F1xx_HAL_Driver/Src/stm32f1xx_hal_can.o
 .comment       0x00000043       0x44 ./Drivers/STM32F1xx_HAL_Driver/Src/stm32f1xx_hal_cortex.o
 .comment       0x00000043       0x44 ./Drivers/STM32F1xx_HAL_Driver/Src/stm32f1xx_hal_dma.o
 .comment       0x00000043       0x44 ./Drivers/STM32F1xx_HAL_Driver/Src/stm32f1xx_hal_flash.o
 .comment       0x00000043       0x44 ./Drivers/STM32F1xx_HAL_Driver/Src/stm32f1xx_hal_flash_ex.o
 .comment       0x00000043       0x44 ./Drivers/STM32F1xx_HAL_Driver/Src/stm32f1xx_hal_gpio.o
 .comment       0x00000043       0x44 ./Drivers/STM32F1xx_HAL_Driver/Src/stm32f1xx_hal_rcc.o
 .comment       0x00000043       0x44 ./Drivers/STM32F1xx_HAL_Driver/Src/stm32f1xx_hal_rcc_ex.o
 .comment       0x00000043       0x44 ./Drivers/STM32F1xx_HAL_Driver/Src/stm32f1xx_hal_tim.o
 .comment       0x00000043       0x44 ./Drivers/STM32F1xx_HAL_Driver/Src/stm32f1xx_hal_tim_ex.o
 .comment       0x00000043       0x44 ./Drivers/STM32F1xx_HAL_Driver/Src/stm32f1xx_hal_uart.o
 .comment       0x00000043       0x44 ./Src/adc.o
 .comment       0x00000043       0x44 ./Src/can.o
 .comment       0x00000043       0x44 ./Src/dma.o
 .comment       0x00000043       0x44 ./Src/gpio.o
 .comment       0x00000043       0x44 ./Src/main.o
 .comment       0x00000043       0x44 ./Src/stm32f1xx_hal_msp.o
 .comment       0x00000043       0x44 ./Src/stm32f1xx_it.o
 .comment       0x00000043       0x44 ./Src/system_stm32f1xx.o
 .comment       0x00000043       0x44 ./Src/tim.o
 .comment       0x00000043       0x44 ./Src/usart.o

.debug_frame    0x00000000     0x4b1c
 .debug_frame   0x00000000      0x148 ./Application/FLASH_PAGE_F1.o
 .debug_frame   0x00000148       0x90 ./Application/app.o
 .debug_frame   0x000001d8       0x50 ./Application/calibrate.o
 .debug_frame   0x00000228       0x9c ./Application/can_communication.o
 .debug_frame   0x000002c4       0x34 ./Application/control.o
 .debug_frame   0x000002f8       0xcc ./Application/measures.o
 .debug_frame   0x000003c4       0xd0 ./Application/steering.o
 .debug_frame   0x00000494      0x114 ./Application/ultrasound.o
 .debug_frame   0x000005a8       0x94 ./Application/wheels.o
 .debug_frame   0x0000063c      0x334 ./Drivers/STM32F1xx_HAL_Driver/Src/stm32f1xx_hal.o
 .debug_frame   0x00000970      0x408 ./Drivers/STM32F1xx_HAL_Driver/Src/stm32f1xx_hal_adc.o
 .debug_frame   0x00000d78      0x58c ./Drivers/STM32F1xx_HAL_Driver/Src/stm32f1xx_hal_can.o
 .debug_frame   0x00001304      0x424 ./Drivers/STM32F1xx_HAL_Driver/Src/stm32f1xx_hal_cortex.o
 .debug_frame   0x00001728      0x200 ./Drivers/STM32F1xx_HAL_Driver/Src/stm32f1xx_hal_dma.o
 .debug_frame   0x00001928      0x20c ./Drivers/STM32F1xx_HAL_Driver/Src/stm32f1xx_hal_flash.o
 .debug_frame   0x00001b34      0x254 ./Drivers/STM32F1xx_HAL_Driver/Src/stm32f1xx_hal_flash_ex.o
 .debug_frame   0x00001d88      0x138 ./Drivers/STM32F1xx_HAL_Driver/Src/stm32f1xx_hal_gpio.o
 .debug_frame   0x00001ec0      0x214 ./Drivers/STM32F1xx_HAL_Driver/Src/stm32f1xx_hal_rcc.o
 .debug_frame   0x000020d4       0x80 ./Drivers/STM32F1xx_HAL_Driver/Src/stm32f1xx_hal_rcc_ex.o
 .debug_frame   0x00002154     0x11b0 ./Drivers/STM32F1xx_HAL_Driver/Src/stm32f1xx_hal_tim.o
 .debug_frame   0x00003304      0x624 ./Drivers/STM32F1xx_HAL_Driver/Src/stm32f1xx_hal_tim_ex.o
 .debug_frame   0x00003928      0x938 ./Drivers/STM32F1xx_HAL_Driver/Src/stm32f1xx_hal_uart.o
 .debug_frame   0x00004260       0x7c ./Src/adc.o
 .debug_frame   0x000042dc       0x74 ./Src/can.o
 .debug_frame   0x00004350       0x34 ./Src/dma.o
 .debug_frame   0x00004384       0x34 ./Src/gpio.o
 .debug_frame   0x000043b8       0x98 ./Src/main.o
 .debug_frame   0x00004450       0x38 ./Src/stm32f1xx_hal_msp.o
 .debug_frame   0x00004488      0x130 ./Src/stm32f1xx_it.o
 .debug_frame   0x000045b8       0x58 ./Src/system_stm32f1xx.o
 .debug_frame   0x00004610      0x15c ./Src/tim.o
 .debug_frame   0x0000476c       0x74 ./Src/usart.o