Archive member included to satisfy reference by file (symbol)

/opt/st/stm32cubeide_1.16.0/plugins/com.st.stm32cube.ide.mcu.externaltools.gnu-tools-for-stm32.13.3.rel1.linux64_1.0.0.202410170706/tools/bin/../lib/gcc/arm-none-eabi/13.3.1/../../../../arm-none-eabi/lib/thumb/v7-m/nofp/libc_nano.a(libc_a-exit.o)
                              /opt/st/stm32cubeide_1.16.0/plugins/com.st.stm32cube.ide.mcu.externaltools.gnu-tools-for-stm32.13.3.rel1.linux64_1.0.0.202410170706/tools/bin/../lib/gcc/arm-none-eabi/13.3.1/../../../../arm-none-eabi/lib/thumb/v7-m/nofp/crt0.o (exit)
/opt/st/stm32cubeide_1.16.0/plugins/com.st.stm32cube.ide.mcu.externaltools.gnu-tools-for-stm32.13.3.rel1.linux64_1.0.0.202410170706/tools/bin/../lib/gcc/arm-none-eabi/13.3.1/../../../../arm-none-eabi/lib/thumb/v7-m/nofp/libc_nano.a(libc_a-findfp.o)
                              /opt/st/stm32cubeide_1.16.0/plugins/com.st.stm32cube.ide.mcu.externaltools.gnu-tools-for-stm32.13.3.rel1.linux64_1.0.0.202410170706/tools/bin/../lib/gcc/arm-none-eabi/13.3.1/../../../../arm-none-eabi/lib/thumb/v7-m/nofp/libc_nano.a(libc_a-exit.o) (__stdio_exit_handler)
/opt/st/stm32cubeide_1.16.0/plugins/com.st.stm32cube.ide.mcu.externaltools.gnu-tools-for-stm32.13.3.rel1.linux64_1.0.0.202410170706/tools/bin/../lib/gcc/arm-none-eabi/13.3.1/../../../../arm-none-eabi/lib/thumb/v7-m/nofp/libc_nano.a(libc_a-fwalk.o)
                              /opt/st/stm32cubeide_1.16.0/plugins/com.st.stm32cube.ide.mcu.externaltools.gnu-tools-for-stm32.13.3.rel1.linux64_1.0.0.202410170706/tools/bin/../lib/gcc/arm-none-eabi/13.3.1/../../../../arm-none-eabi/lib/thumb/v7-m/nofp/libc_nano.a(libc_a-findfp.o) (_fwalk_sglue)
/opt/st/stm32cubeide_1.16.0/plugins/com.st.stm32cube.ide.mcu.externaltools.gnu-tools-for-stm32.13.3.rel1.linux64_1.0.0.202410170706/tools/bin/../lib/gcc/arm-none-eabi/13.3.1/../../../../arm-none-eabi/lib/thumb/v7-m/nofp/libc_nano.a(libc_a-stdio.o)
                              /opt/st/stm32cubeide_1.16.0/plugins/com.st.stm32cube.ide.mcu.externaltools.gnu-tools-for-stm32.13.3.rel1.linux64_1.0.0.202410170706/tools/bin/../lib/gcc/arm-none-eabi/13.3.1/../../../../arm-none-eabi/lib/thumb/v7-m/nofp/libc_nano.a(libc_a-findfp.o) (__sread)
/opt/st/stm32cubeide_1.16.0/plugins/com.st.stm32cube.ide.mcu.externaltools.gnu-tools-for-stm32.13.3.rel1.linux64_1.0.0.202410170706/tools/bin/../lib/gcc/arm-none-eabi/13.3.1/../../../../arm-none-eabi/lib/thumb/v7-m/nofp/libc_nano.a(libc_a-memset.o)
                              /opt/st/stm32cubeide_1.16.0/plugins/com.st.stm32cube.ide.mcu.externaltools.gnu-tools-for-stm32.13.3.rel1.linux64_1.0.0.202410170706/tools/bin/../lib/gcc/arm-none-eabi/13.3.1/../../../../arm-none-eabi/lib/thumb/v7-m/nofp/crt0.o (memset)
/opt/st/stm32cubeide_1.16.0/plugins/com.st.stm32cube.ide.mcu.externaltools.gnu-tools-for-stm32.13.3.rel1.linux64_1.0.0.202410170706/tools/bin/../lib/gcc/arm-none-eabi/13.3.1/../../../../arm-none-eabi/lib/thumb/v7-m/nofp/libc_nano.a(libc_a-closer.o)
                              /opt/st/stm32cubeide_1.16.0/plugins/com.st.stm32cube.ide.mcu.externaltools.gnu-tools-for-stm32.13.3.rel1.linux64_1.0.0.202410170706/tools/bin/../lib/gcc/arm-none-eabi/13.3.1/../../../../arm-none-eabi/lib/thumb/v7-m/nofp/libc_nano.a(libc_a-stdio.o) (_close_r)
/opt/st/stm32cubeide_1.16.0/plugins/com.st.stm32cube.ide.mcu.externaltools.gnu-tools-for-stm32.13.3.rel1.linux64_1.0.0.202410170706/tools/bin/../lib/gcc/arm-none-eabi/13.3.1/../../../../arm-none-eabi/lib/thumb/v7-m/nofp/libc_nano.a(libc_a-reent.o)
                              /opt/st/stm32cubeide_1.16.0/plugins/com.st.stm32cube.ide.mcu.externaltools.gnu-tools-for-stm32.13.3.rel1.linux64_1.0.0.202410170706/tools/bin/../lib/gcc/arm-none-eabi/13.3.1/../../../../arm-none-eabi/lib/thumb/v7-m/nofp/libc_nano.a(libc_a-closer.o) (errno)
/opt/st/stm32cubeide_1.16.0/plugins/com.st.stm32cube.ide.mcu.externaltools.gnu-tools-for-stm32.13.3.rel1.linux64_1.0.0.202410170706/tools/bin/../lib/gcc/arm-none-eabi/13.3.1/../../../../arm-none-eabi/lib/thumb/v7-m/nofp/libc_nano.a(libc_a-impure.o)
                              /opt/st/stm32cubeide_1.16.0/plugins/com.st.stm32cube.ide.mcu.externaltools.gnu-tools-for-stm32.13.3.rel1.linux64_1.0.0.202410170706/tools/bin/../lib/gcc/arm-none-eabi/13.3.1/../../../../arm-none-eabi/lib/thumb/v7-m/nofp/libc_nano.a(libc_a-reent.o) (_impure_ptr)
/opt/st/stm32cubeide_1.16.0/plugins/com.st.stm32cube.ide.mcu.externaltools.gnu-tools-for-stm32.13.3.rel1.linux64_1.0.0.202410170706/tools/bin/../lib/gcc/arm-none-eabi/13.3.1/../../../../arm-none-eabi/lib/thumb/v7-m/nofp/libc_nano.a(libc_a-lseekr.o)
                              /opt/st/stm32cubeide_1.16.0/plugins/com.st.stm32cube.ide.mcu.externaltools.gnu-tools-for-stm32.13.3.rel1.linux64_1.0.0.202410170706/tools/bin/../lib/gcc/arm-none-eabi/13.3.1/../../../../arm-none-eabi/lib/thumb/v7-m/nofp/libc_nano.a(libc_a-stdio.o) (_lseek_r)
[...]
Memory Configuration

Name             Origin             Length             Attributes
RAM              0x20000000         0x00005000         rw
FLASH            0x08000000         0x00020000         xr
*default*        0x00000000         0xffffffff

Linker script and memory map

LOAD /opt/st/stm32cubeide_1.16.0/plugins/com.st.stm32cube.ide.mcu.externaltools.gnu-tools-for-stm32.13.3.rel1.linux64_1.0.0.202410170706/tools/bin/../lib/gcc/arm-none-eabi/13.3.1/thumb/v7-m/nofp/crti.o
LOAD /opt/st/stm32cubeide_1.16.0/plugins/com.st.stm32cube.ide.mcu.externaltools.gnu-tools-for-stm32.13.3.rel1.linux64_1.0.0.202410170706/tools/bin/../lib/gcc/arm-none-eabi/13.3.1/thumb/v7-m/nofp/crtbegin.o
LOAD /opt/st/stm32cubeide_1.16.0/plugins/com.st.stm32cube.ide.mcu.externaltools.gnu-tools-for-stm32.13.3.rel1.linux64_1.0.0.202410170706/tools/bin/../lib/gcc/arm-none-eabi/13.3.1/../../../../arm-none-eabi/lib/thumb/v7-m/nofp/crt0.o
LOAD ./Application/FLASH_PAGE_F1.o
LOAD ./Application/app.o
LOAD ./Application/calibrate.o
LOAD ./Application/control.o
LOAD ./Application/power.o
LOAD ./Application/steering.o
LOAD ./Application/timer.o
LOAD ./Application/wheels.o
LOAD ./Drivers/STM32F1xx_HAL_Driver/Src/stm32f1xx_hal.o
LOAD ./Drivers/STM32F1xx_HAL_Driver/Src/stm32f1xx_hal_adc.o
LOAD ./Drivers/STM32F1xx_HAL_Driver/Src/stm32f1xx_hal_adc_ex.o
LOAD ./Drivers/STM32F1xx_HAL_Driver/Src/stm32f1xx_hal_can.o
LOAD ./Drivers/STM32F1xx_HAL_Driver/Src/stm32f1xx_hal_cortex.o
LOAD ./Drivers/STM32F1xx_HAL_Driver/Src/stm32f1xx_hal_dma.o
LOAD ./Drivers/STM32F1xx_HAL_Driver/Src/stm32f1xx_hal_exti.o
LOAD ./Drivers/STM32F1xx_HAL_Driver/Src/stm32f1xx_hal_flash.o
LOAD ./Drivers/STM32F1xx_HAL_Driver/Src/stm32f1xx_hal_flash_ex.o
LOAD ./Drivers/STM32F1xx_HAL_Driver/Src/stm32f1xx_hal_gpio.o
LOAD ./Drivers/STM32F1xx_HAL_Driver/Src/stm32f1xx_hal_gpio_ex.o
LOAD ./Drivers/STM32F1xx_HAL_Driver/Src/stm32f1xx_hal_pwr.o
LOAD ./Drivers/STM32F1xx_HAL_Driver/Src/stm32f1xx_hal_rcc.o
LOAD ./Drivers/STM32F1xx_HAL_Driver/Src/stm32f1xx_hal_rcc_ex.o
LOAD ./Drivers/STM32F1xx_HAL_Driver/Src/stm32f1xx_hal_tim.o
LOAD ./Drivers/STM32F1xx_HAL_Driver/Src/stm32f1xx_hal_tim_ex.o
LOAD ./Drivers/STM32F1xx_HAL_Driver/Src/stm32f1xx_hal_uart.o
LOAD ./Src/adc.o
LOAD ./Src/can.o
LOAD ./Src/dma.o
LOAD ./Src/gpio.o
LOAD ./Src/main.o
LOAD ./Src/stm32f1xx_hal_msp.o
LOAD ./Src/stm32f1xx_it.o
LOAD ./Src/syscalls.o
LOAD ./Src/sysmem.o
LOAD ./Src/system_stm32f1xx.o
LOAD ./Src/tim.o
LOAD ./Src/usart.o
LOAD ./Startup/startup_stm32f103rbtx.o
START GROUP
LOAD /opt/st/stm32cubeide_1.16.0/plugins/com.st.stm32cube.ide.mcu.externaltools.gnu-tools-for-stm32.13.3.rel1.linux64_1.0.0.202410170706/tools/bin/../lib/gcc/arm-none-eabi/13.3.1/../../../../arm-none-eabi/lib/thumb/v7-m/nofp/libc_nano.a
LOAD /opt/st/stm32cubeide_1.16.0/plugins/com.st.stm32cube.ide.mcu.externaltools.gnu-tools-for-stm32.13.3.rel1.linux64_1.0.0.202410170706/tools/bin/../lib/gcc/arm-none-eabi/13.3.1/../../../../arm-none-eabi/lib/thumb/v7-m/nofp/libm.a
END GROUP
START GROUP
LOAD /opt/st/stm32cubeide_1.16.0/plugins/com.st.stm32cube.ide.mcu.externaltools.gnu-tools-for-stm32.13.3.rel1.linux64_1.0.0.202410170706/tools/bin/../lib/gcc/arm-none-eabi/13.3.1/thumb/v7-m/nofp/libgcc.a
LOAD /opt/st/stm32cubeide_1.16.0/plugins/com.st.stm32cube.ide.mcu.externaltools.gnu-tools-for-stm32.13.3.rel1.linux64_1.0.0.202410170706/tools/bin/../lib/gcc/arm-none-eabi/13.3.1/../../../../arm-none-eabi/lib/thumb/v7-m/nofp/libc_nano.a
END GROUP
START GROUP
LOAD /opt/st/stm32cubeide_1.16.0/plugins/com.st.stm32cube.ide.mcu.externaltools.gnu-tools-for-stm32.13.3.rel1.linux64_1.0.0.202410170706/tools/bin/../lib/gcc/arm-none-eabi/13.3.1/thumb/v7-m/nofp/libgcc.a
LOAD /opt/st/stm32cubeide_1.16.0/plugins/com.st.stm32cube.ide.mcu.externaltools.gnu-tools-for-stm32.13.3.rel1.linux64_1.0.0.202410170706/tools/bin/../lib/gcc/arm-none-eabi/13.3.1/../../../../arm-none-eabi/lib/thumb/v7-m/nofp/libc_nano.a
LOAD /opt/st/stm32cubeide_1.16.0/plugins/com.st.stm32cube.ide.mcu.externaltools.gnu-tools-for-stm32.13.3.rel1.linux64_1.0.0.202410170706/tools/bin/../lib/gcc/arm-none-eabi/13.3.1/../../../../arm-none-eabi/lib/thumb/v7-m/nofp/libnosys.a
END GROUP
START GROUP
LOAD /opt/st/stm32cubeide_1.16.0/plugins/com.st.stm32cube.ide.mcu.externaltools.gnu-tools-for-stm32.13.3.rel1.linux64_1.0.0.202410170706/tools/bin/../lib/gcc/arm-none-eabi/13.3.1/thumb/v7-m/nofp/libgcc.a
LOAD /opt/st/stm32cubeide_1.16.0/plugins/com.st.stm32cube.ide.mcu.externaltools.gnu-tools-for-stm32.13.3.rel1.linux64_1.0.0.202410170706/tools/bin/../lib/gcc/arm-none-eabi/13.3.1/../../../../arm-none-eabi/lib/thumb/v7-m/nofp/libc_nano.a
LOAD /opt/st/stm32cubeide_1.16.0/plugins/com.st.stm32cube.ide.mcu.externaltools.gnu-tools-for-stm32.13.3.rel1.linux64_1.0.0.202410170706/tools/bin/../lib/gcc/arm-none-eabi/13.3.1/../../../../arm-none-eabi/lib/thumb/v7-m/nofp/libnosys.a
END GROUP
LOAD /opt/st/stm32cubeide_1.16.0/plugins/com.st.stm32cube.ide.mcu.externaltools.gnu-tools-for-stm32.13.3.rel1.linux64_1.0.0.202410170706/tools/bin/../lib/gcc/arm-none-eabi/13.3.1/thumb/v7-m/nofp/crtend.o
LOAD /opt/st/stm32cubeide_1.16.0/plugins/com.st.stm32cube.ide.mcu.externaltools.gnu-tools-for-stm32.13.3.rel1.linux64_1.0.0.202410170706/tools/bin/../lib/gcc/arm-none-eabi/13.3.1/thumb/v7-m/nofp/crtn.o
                0x20005000                        _estack = (ORIGIN (RAM) + LENGTH (RAM))
                0x00000200                        _Min_Heap_Size = 0x200
                0x00000400                        _Min_Stack_Size = 0x400

.isr_vector     0x08000000      0x130
                0x08000000                        . = ALIGN (0x4)
 *(.isr_vector)
 .isr_vector    0x08000000      0x130 ./Startup/startup_stm32f103rbtx.o
                0x08000000                g_pfnVectors
                0x08000130                        . = ALIGN (0x4)

.text           0x08000130     0x906c
                0x08000130                        . = ALIGN (0x4)
 *(.text)
 .text          0x08000130       0x40 /opt/st/stm32cubeide_1.16.0/plugins/com.st.stm32cube.ide.mcu.externaltools.gnu-tools-for-stm32.13.3.rel1.linux64_1.0.0.202410170706/tools/bin/../lib/gcc/arm-none-eabi/13.3.1/thumb/v7-m/nofp/crtbegin.o
 .text          0x08000170      0x378 /opt/st/stm32cubeide_1.16.0/plugins/com.st.stm32cube.ide.mcu.externaltools.gnu-tools-for-stm32.13.3.rel1.linux64_1.0.0.202410170706/tools/bin/../lib/gcc/arm-none-eabi/13.3.1/thumb/v7-m/nofp/libgcc.a(_arm_addsubdf3.o)
                0x08000170                __aeabi_drsub
                0x08000178                __aeabi_dsub
                0x08000178                __subdf3
                0x0800017c                __adddf3
                0x0800017c                __aeabi_dadd
                0x080003f4                __aeabi_ui2d
                0x080003f4                __floatunsidf
                0x08000414                __floatsidf
                0x08000414                __aeabi_i2d
                0x08000438                __extendsfdf2
                0x08000438                __aeabi_f2d
                0x0800047c                __aeabi_ul2d
                0x0800047c                __floatundidf
                0x0800048c                __floatdidf
                0x0800048c                __aeabi_l2d
 .text          0x080004e8      0x424 /opt/st/stm32cubeide_1.16.0/plugins/com.st.stm32cube.ide.mcu.externaltools.gnu-tools-for-stm32.13.3.rel1.linux64_1.0.0.202410170706/tools/bin/../lib/gcc/arm-none-eabi/13.3.1/thumb/v7-m/nofp/libgcc.a(_arm_muldivdf3.o)
                0x080004e8                __aeabi_dmul
                0x080004e8                __muldf3
                0x0800073c                __aeabi_ddiv
                0x0800073c                __divdf3
 .text          0x0800090c       0x50 /opt/st/stm32cubeide_1.16.0/plugins/com.st.stm32cube.ide.mcu.externaltools.gnu-tools-for-stm32.13.3.rel1.linux64_1.0.0.202410170706/tools/bin/../lib/gcc/arm-none-eabi/13.3.1/thumb/v7-m/nofp/libgcc.a(_arm_fixdfsi.o)
                0x0800090c                __fixdfsi
                0x0800090c                __aeabi_d2iz
 .text          0x0800095c      0x21c /opt/st/stm32cubeide_1.16.0/plugins/com.st.stm32cube.ide.mcu.externaltools.gnu-tools-for-stm32.13.3.rel1.linux64_1.0.0.202410170706/tools/bin/../lib/gcc/arm-none-eabi/13.3.1/thumb/v7-m/nofp/libgcc.a(_arm_addsubsf3.o)
                0x0800095c                __aeabi_frsub
                0x08000964                __subsf3
                0x08000964                __aeabi_fsub
                0x08000968                __aeabi_fadd
                0x08000968                __addsf3
                0x08000ac8                __aeabi_ui2f
                0x08000ac8                __floatunsisf
                0x08000ad0                __aeabi_i2f
                0x08000ad0                __floatsisf
                0x08000aec                __floatundisf
                0x08000aec                __aeabi_ul2f
                0x08000afc                __floatdisf
                0x08000afc                __aeabi_l2f
 .text          0x08000b78      0x2a0 /opt/st/stm32cubeide_1.16.0/plugins/com.st.stm32cube.ide.mcu.externaltools.gnu-tools-for-stm32.13.3.rel1.linux64_1.0.0.202410170706/tools/bin/../lib/gcc/arm-none-eabi/13.3.1/thumb/v7-m/nofp/libgcc.a(_arm_muldivsf3.o)
                0x08000b78                __mulsf3
                0x08000b78                __aeabi_fmul
                0x08000ce0                __divsf3
                0x08000ce0                __aeabi_fdiv
 .text          0x08000e18       0xec /opt/st/stm32cubeide_1.16.0/plugins/com.st.stm32cube.ide.mcu.externaltools.gnu-tools-for-stm32.13.3.rel1.linux64_1.0.0.202410170706/tools/bin/../lib/gcc/arm-none-eabi/13.3.1/thumb/v7-m/nofp/libgcc.a(_arm_cmpsf2.o)
                0x08000e18                __gtsf2
                0x08000e18                __gesf2
                0x08000e20                __lesf2
                0x08000e20                __ltsf2
                0x08000e28                __nesf2
                0x08000e28                __eqsf2
                0x08000e28                __cmpsf2
                0x08000e88                __aeabi_cfrcmple
                0x08000e90                __aeabi_cfcmple
                0x08000e90                __aeabi_cfcmpeq
                0x08000ea0                __aeabi_fcmpeq
                0x08000eb4                __aeabi_fcmplt
                0x08000ec8                __aeabi_fcmple
                0x08000edc                __aeabi_fcmpge
                0x08000ef0                __aeabi_fcmpgt
 .text          0x08000f04       0x4c /opt/st/stm32cubeide_1.16.0/plugins/com.st.stm32cube.ide.mcu.externaltools.gnu-tools-for-stm32.13.3.rel1.linux64_1.0.0.202410170706/tools/bin/../lib/gcc/arm-none-eabi/13.3.1/thumb/v7-m/nofp/libgcc.a(_arm_fixsfsi.o)
                0x08000f04                __fixsfsi
                0x08000f04                __aeabi_f2iz
 .text          0x08000f50       0x30 /opt/st/stm32cubeide_1.16.0/plugins/com.st.stm32cube.ide.mcu.externaltools.gnu-tools-for-stm32.13.3.rel1.linux64_1.0.0.202410170706/tools/bin/../lib/gcc/arm-none-eabi/13.3.1/thumb/v7-m/nofp/libgcc.a(_aeabi_uldivmod.o)
                0x08000f50                __aeabi_uldivmod
 .text          0x08000f80      0x300 /opt/st/stm32cubeide_1.16.0/plugins/com.st.stm32cube.ide.mcu.externaltools.gnu-tools-for-stm32.13.3.rel1.linux64_1.0.0.202410170706/tools/bin/../lib/gcc/arm-none-eabi/13.3.1/thumb/v7-m/nofp/libgcc.a(_udivmoddi4.o)
                0x08000f80                __udivmoddi4
 .text          0x08001280        0x4 /opt/st/stm32cubeide_1.16.0/plugins/com.st.stm32cube.ide.mcu.externaltools.gnu-tools-for-stm32.13.3.rel1.linux64_1.0.0.202410170706/tools/bin/../lib/gcc/arm-none-eabi/13.3.1/thumb/v7-m/nofp/libgcc.a(_dvmd_tls.o)
                0x08001280                __aeabi_ldiv0
                0x08001280                __aeabi_idiv0
 *(.text*)
 .text.GetPage  0x08001284       0x4e ./Application/FLASH_PAGE_F1.o
 .text.float2Bytes
                0x080012d2       0x3e ./Application/FLASH_PAGE_F1.o
                0x080012d2                float2Bytes
 .text.Bytes2float
                0x08001310       0x3c ./Application/FLASH_PAGE_F1.o
                0x08001310                Bytes2float
 .text.Flash_Write_Data
                0x0800134c       0xb8 ./Application/FLASH_PAGE_F1.o
                0x0800134c                Flash_Write_Data
 .text.Flash_Read_Data
                0x08001404       0x3a ./Application/FLASH_PAGE_F1.o
                0x08001404                Flash_Read_Data
 *fill*         0x0800143e        0x2 
 .text.Flash_Write_NUM
                0x08001440       0x28 ./Application/FLASH_PAGE_F1.o
                0x08001440                Flash_Write_NUM
 .text.Flash_Read_NUM
                0x08001468       0x2c ./Application/FLASH_PAGE_F1.o
                0x08001468                Flash_Read_NUM
 .text.is_blue_button_pressed
                0x08001494       0x24 ./Application/calibrate.o
                0x08001494                is_blue_button_pressed
 .text.calibrate
                0x080014b8      0x1cc ./Application/calibrate.o
                0x080014b8                calibrate
 .text.car_control
                0x08001684       0x58 ./Application/control.o
                0x08001684                car_control
 *fill*         0x080016dc        0x4 
 .text.steering_set_speed
                0x080016e0       0xc4 ./Application/steering.o
                0x080016e0                steering_set_speed
 .text.steering_get_angle
                0x080017a4       0x80 ./Application/steering.o
                0x080017a4                steering_get_angle
 .text.steering_move_with_button
                0x08001824       0xc4 ./Application/steering.o
                0x08001824                steering_move_with_button
 .text.readCalibrationData
                0x080018e8       0x30 ./Application/steering.o
                0x080018e8                readCalibrationData
 .text.startMicroSecondCounter
                0x08001918       0x1c ./Application/timer.o
                0x08001918                startMicroSecondCounter
 .text.microSecondTimerOverflow
                0x08001934       0x24 ./Application/timer.o
                0x08001934                microSecondTimerOverflow
 .text.microSecond
                0x08001958       0x60 ./Application/timer.o
                0x08001958                microSecond
 .text.wheels_set_speed
                0x080019b8      0x150 ./Application/wheels.o
                0x080019b8                wheels_set_speed
 .text.HAL_Init
                0x08001b08       0x2c ./Drivers/STM32F1xx_HAL_Driver/Src/stm32f1xx_hal.o
                0x08001b08                HAL_Init
 .text.HAL_InitTick
                0x08001b34       0x60 ./Drivers/STM32F1xx_HAL_Driver/Src/stm32f1xx_hal.o
                0x08001b34                HAL_InitTick
 .text.HAL_IncTick
                0x08001b94       0x24 ./Drivers/STM32F1xx_HAL_Driver/Src/stm32f1xx_hal.o
                0x08001b94                HAL_IncTick
 .text.HAL_GetTick
                0x08001bb8       0x14 ./Drivers/STM32F1xx_HAL_Driver/Src/stm32f1xx_hal.o
                0x08001bb8                HAL_GetTick
 .text.HAL_Delay
                0x08001bcc       0x48 ./Drivers/STM32F1xx_HAL_Driver/Src/stm32f1xx_hal.o
                0x08001bcc                HAL_Delay
 .text.HAL_ADC_Init
                0x08001c14      0x2d4 ./Drivers/STM32F1xx_HAL_Driver/Src/stm32f1xx_hal_adc.o
                0x08001c14                HAL_ADC_Init
 .text.HAL_ADC_Start_DMA
                0x08001ee8      0x1d4 ./Drivers/STM32F1xx_HAL_Driver/Src/stm32f1xx_hal_adc.o
                0x08001ee8                HAL_ADC_Start_DMA
 .text.HAL_ADC_ConvCpltCallback
                0x080020bc       0x12 ./Drivers/STM32F1xx_HAL_Driver/Src/stm32f1xx_hal_adc.o
                0x080020bc                HAL_ADC_ConvCpltCallback
 .text.HAL_ADC_ConvHalfCpltCallback
                0x080020ce       0x12 ./Drivers/STM32F1xx_HAL_Driver/Src/stm32f1xx_hal_adc.o
                0x080020ce                HAL_ADC_ConvHalfCpltCallback
 .text.HAL_ADC_ErrorCallback
                0x080020e0       0x12 ./Drivers/STM32F1xx_HAL_Driver/Src/stm32f1xx_hal_adc.o
                0x080020e0                HAL_ADC_ErrorCallback
 *fill*         0x080020f2        0x2 
 .text.HAL_ADC_ConfigChannel
                0x080020f4      0x388 ./Drivers/STM32F1xx_HAL_Driver/Src/stm32f1xx_hal_adc.o
                0x080020f4                HAL_ADC_ConfigChannel
 .text.ADC_Enable
                0x0800247c       0xb4 ./Drivers/STM32F1xx_HAL_Driver/Src/stm32f1xx_hal_adc.o
                0x0800247c                ADC_Enable
 .text.ADC_ConversionStop_Disable
                0x08002530       0x82 ./Drivers/STM32F1xx_HAL_Driver/Src/stm32f1xx_hal_adc.o
                0x08002530                ADC_ConversionStop_Disable
 .text.ADC_DMAConvCplt
                0x080025b2       0x7c ./Drivers/STM32F1xx_HAL_Driver/Src/stm32f1xx_hal_adc.o
                0x080025b2                ADC_DMAConvCplt
 .text.ADC_DMAHalfConvCplt
                0x0800262e       0x1c ./Drivers/STM32F1xx_HAL_Driver/Src/stm32f1xx_hal_adc.o
                0x0800262e                ADC_DMAHalfConvCplt
 .text.ADC_DMAError
                0x0800264a       0x34 ./Drivers/STM32F1xx_HAL_Driver/Src/stm32f1xx_hal_adc.o
                0x0800264a                ADC_DMAError
 *fill*         0x0800267e        0x2 
 .text.HAL_CAN_Init
                0x08002680      0x430 ./Drivers/STM32F1xx_HAL_Driver/Src/stm32f1xx_hal_can.o
                0x08002680                HAL_CAN_Init
 .text.__NVIC_SetPriorityGrouping
                0x08002ab0       0x48 ./Drivers/STM32F1xx_HAL_Driver/Src/stm32f1xx_hal_cortex.o
 .text.__NVIC_GetPriorityGrouping
                0x08002af8       0x1c ./Drivers/STM32F1xx_HAL_Driver/Src/stm32f1xx_hal_cortex.o
 .text.__NVIC_EnableIRQ
                0x08002b14       0x38 ./Drivers/STM32F1xx_HAL_Driver/Src/stm32f1xx_hal_cortex.o
 .text.__NVIC_SetPriority
                0x08002b4c       0x54 ./Drivers/STM32F1xx_HAL_Driver/Src/stm32f1xx_hal_cortex.o
 .text.NVIC_EncodePriority
                0x08002ba0       0x64 ./Drivers/STM32F1xx_HAL_Driver/Src/stm32f1xx_hal_cortex.o
 .text.SysTick_Config
                0x08002c04       0x44 ./Drivers/STM32F1xx_HAL_Driver/Src/stm32f1xx_hal_cortex.o
 .text.HAL_NVIC_SetPriorityGrouping
                0x08002c48       0x40 ./Drivers/STM32F1xx_HAL_Driver/Src/stm32f1xx_hal_cortex.o
                0x08002c48                HAL_NVIC_SetPriorityGrouping
 .text.HAL_NVIC_SetPriority
                0x08002c88       0x58 ./Drivers/STM32F1xx_HAL_Driver/Src/stm32f1xx_hal_cortex.o
                0x08002c88                HAL_NVIC_SetPriority
 .text.HAL_NVIC_EnableIRQ
                0x08002ce0       0x30 ./Drivers/STM32F1xx_HAL_Driver/Src/stm32f1xx_hal_cortex.o
                0x08002ce0                HAL_NVIC_EnableIRQ
 .text.HAL_SYSTICK_Config
                0x08002d10       0x18 ./Drivers/STM32F1xx_HAL_Driver/Src/stm32f1xx_hal_cortex.o
                0x08002d10                HAL_SYSTICK_Config
 .text.HAL_DMA_Init
                0x08002d28      0x200 ./Drivers/STM32F1xx_HAL_Driver/Src/stm32f1xx_hal_dma.o
                0x08002d28                HAL_DMA_Init
 .text.HAL_DMA_Start_IT
                0x08002f28       0xdc ./Drivers/STM32F1xx_HAL_Driver/Src/stm32f1xx_hal_dma.o
                0x08002f28                HAL_DMA_Start_IT
 .text.HAL_DMA_Abort
                0x08003004       0x76 ./Drivers/STM32F1xx_HAL_Driver/Src/stm32f1xx_hal_dma.o
                0x08003004                HAL_DMA_Abort
 *fill*         0x0800307a        0x2 
 .text.HAL_DMA_Abort_IT
                0x0800307c       0xf0 ./Drivers/STM32F1xx_HAL_Driver/Src/stm32f1xx_hal_dma.o
                0x0800307c                HAL_DMA_Abort_IT
 .text.HAL_DMA_IRQHandler
                0x0800316c      0x20c ./Drivers/STM32F1xx_HAL_Driver/Src/stm32f1xx_hal_dma.o
                0x0800316c                HAL_DMA_IRQHandler
 .text.DMA_SetConfig
                0x08003378       0x5a ./Drivers/STM32F1xx_HAL_Driver/Src/stm32f1xx_hal_dma.o
 *fill*         0x080033d2        0x2 
 .text.HAL_FLASH_Program
                0x080033d4      0x160 ./Drivers/STM32F1xx_HAL_Driver/Src/stm32f1xx_hal_flash.o
                0x080033d4                HAL_FLASH_Program
 .text.HAL_FLASH_Unlock
                0x08003534       0x4c ./Drivers/STM32F1xx_HAL_Driver/Src/stm32f1xx_hal_flash.o
                0x08003534                HAL_FLASH_Unlock
 .text.HAL_FLASH_Lock
                0x08003580       0x20 ./Drivers/STM32F1xx_HAL_Driver/Src/stm32f1xx_hal_flash.o
                0x08003580                HAL_FLASH_Lock
 .text.HAL_FLASH_GetError
                0x080035a0       0x14 ./Drivers/STM32F1xx_HAL_Driver/Src/stm32f1xx_hal_flash.o
                0x080035a0                HAL_FLASH_GetError
 .text.FLASH_Program_HalfWord
                0x080035b4       0x38 ./Drivers/STM32F1xx_HAL_Driver/Src/stm32f1xx_hal_flash.o
 .text.FLASH_WaitForLastOperation
                0x080035ec       0x8c ./Drivers/STM32F1xx_HAL_Driver/Src/stm32f1xx_hal_flash.o
                0x080035ec                FLASH_WaitForLastOperation
 .text.FLASH_SetErrorCode
                0x08003678       0xa0 ./Drivers/STM32F1xx_HAL_Driver/Src/stm32f1xx_hal_flash.o
 .text.HAL_FLASHEx_Erase
                0x08003718      0x1f4 ./Drivers/STM32F1xx_HAL_Driver/Src/stm32f1xx_hal_flash_ex.o
                0x08003718                HAL_FLASHEx_Erase
 .text.FLASH_MassErase
                0x0800390c       0x4c ./Drivers/STM32F1xx_HAL_Driver/Src/stm32f1xx_hal_flash_ex.o
 .text.FLASH_PageErase
                0x08003958       0x40 ./Drivers/STM32F1xx_HAL_Driver/Src/stm32f1xx_hal_flash_ex.o
                0x08003958                FLASH_PageErase
 .text.HAL_GPIO_Init
                0x08003998      0x4dc ./Drivers/STM32F1xx_HAL_Driver/Src/stm32f1xx_hal_gpio.o
                0x08003998                HAL_GPIO_Init
 .text.HAL_GPIO_ReadPin
                0x08003e74       0x40 ./Drivers/STM32F1xx_HAL_Driver/Src/stm32f1xx_hal_gpio.o
                0x08003e74                HAL_GPIO_ReadPin
 .text.HAL_GPIO_WritePin
                0x08003eb4       0x58 ./Drivers/STM32F1xx_HAL_Driver/Src/stm32f1xx_hal_gpio.o
                0x08003eb4                HAL_GPIO_WritePin
 .text.HAL_GPIO_EXTI_IRQHandler
                0x08003f0c       0x30 ./Drivers/STM32F1xx_HAL_Driver/Src/stm32f1xx_hal_gpio.o
                0x08003f0c                HAL_GPIO_EXTI_IRQHandler
 .text.HAL_RCC_OscConfig
                0x08003f3c      0x6dc ./Drivers/STM32F1xx_HAL_Driver/Src/stm32f1xx_hal_rcc.o
                0x08003f3c                HAL_RCC_OscConfig
 .text.HAL_RCC_ClockConfig
                0x08004618      0x320 ./Drivers/STM32F1xx_HAL_Driver/Src/stm32f1xx_hal_rcc.o
                0x08004618                HAL_RCC_ClockConfig
 .text.HAL_RCC_GetSysClockFreq
                0x08004938       0xa8 ./Drivers/STM32F1xx_HAL_Driver/Src/stm32f1xx_hal_rcc.o
                0x08004938                HAL_RCC_GetSysClockFreq
 .text.HAL_RCC_GetHCLKFreq
                0x080049e0       0x14 ./Drivers/STM32F1xx_HAL_Driver/Src/stm32f1xx_hal_rcc.o
                0x080049e0                HAL_RCC_GetHCLKFreq
 .text.HAL_RCC_GetPCLK1Freq
                0x080049f4       0x28 ./Drivers/STM32F1xx_HAL_Driver/Src/stm32f1xx_hal_rcc.o
                0x080049f4                HAL_RCC_GetPCLK1Freq
 .text.HAL_RCC_GetPCLK2Freq
                0x08004a1c       0x28 ./Drivers/STM32F1xx_HAL_Driver/Src/stm32f1xx_hal_rcc.o
                0x08004a1c                HAL_RCC_GetPCLK2Freq
 .text.RCC_Delay
                0x08004a44       0x3c ./Drivers/STM32F1xx_HAL_Driver/Src/stm32f1xx_hal_rcc.o
 .text.HAL_RCCEx_PeriphCLKConfig
                0x08004a80      0x214 ./Drivers/STM32F1xx_HAL_Driver/Src/stm32f1xx_hal_rcc_ex.o
                0x08004a80                HAL_RCCEx_PeriphCLKConfig
 .text.HAL_TIM_Base_Init
                0x08004c94      0x170 ./Drivers/STM32F1xx_HAL_Driver/Src/stm32f1xx_hal_tim.o
                0x08004c94                HAL_TIM_Base_Init
 .text.HAL_TIM_PWM_Init
                0x08004e04      0x170 ./Drivers/STM32F1xx_HAL_Driver/Src/stm32f1xx_hal_tim.o
                0x08004e04                HAL_TIM_PWM_Init
 .text.HAL_TIM_PWM_Start
                0x08004f74      0x1dc ./Drivers/STM32F1xx_HAL_Driver/Src/stm32f1xx_hal_tim.o
                0x08004f74                HAL_TIM_PWM_Start
 .text.HAL_TIM_IC_Init
                0x08005150      0x170 ./Drivers/STM32F1xx_HAL_Driver/Src/stm32f1xx_hal_tim.o
                0x08005150                HAL_TIM_IC_Init
 .text.HAL_TIM_IC_MspInit
                0x080052c0       0x12 ./Drivers/STM32F1xx_HAL_Driver/Src/stm32f1xx_hal_tim.o
                0x080052c0                HAL_TIM_IC_MspInit
 *fill*         0x080052d2        0x2 
 .text.HAL_TIM_IC_Start_IT
                0x080052d4      0x2ac ./Drivers/STM32F1xx_HAL_Driver/Src/stm32f1xx_hal_tim.o
                0x080052d4                HAL_TIM_IC_Start_IT
 .text.HAL_TIM_IRQHandler
                0x08005580      0x1e0 ./Drivers/STM32F1xx_HAL_Driver/Src/stm32f1xx_hal_tim.o
                0x08005580                HAL_TIM_IRQHandler
 .text.HAL_TIM_IC_ConfigChannel
                0x08005760      0x2a0 ./Drivers/STM32F1xx_HAL_Driver/Src/stm32f1xx_hal_tim.o
                0x08005760                HAL_TIM_IC_ConfigChannel
 .text.HAL_TIM_PWM_ConfigChannel
                0x08005a00      0x2e4 ./Drivers/STM32F1xx_HAL_Driver/Src/stm32f1xx_hal_tim.o
                0x08005a00                HAL_TIM_PWM_ConfigChannel
 .text.HAL_TIM_ConfigClockSource
                0x08005ce4      0x564 ./Drivers/STM32F1xx_HAL_Driver/Src/stm32f1xx_hal_tim.o
                0x08005ce4                HAL_TIM_ConfigClockSource
 .text.HAL_TIM_ReadCapturedValue
                0x08006248      0x15c ./Drivers/STM32F1xx_HAL_Driver/Src/stm32f1xx_hal_tim.o
                0x08006248                HAL_TIM_ReadCapturedValue
 .text.HAL_TIM_OC_DelayElapsedCallback
                0x080063a4       0x12 ./Drivers/STM32F1xx_HAL_Driver/Src/stm32f1xx_hal_tim.o
                0x080063a4                HAL_TIM_OC_DelayElapsedCallback
 .text.HAL_TIM_PWM_PulseFinishedCallback
                0x080063b6       0x12 ./Drivers/STM32F1xx_HAL_Driver/Src/stm32f1xx_hal_tim.o
                0x080063b6                HAL_TIM_PWM_PulseFinishedCallback
 .text.HAL_TIM_TriggerCallback
                0x080063c8       0x12 ./Drivers/STM32F1xx_HAL_Driver/Src/stm32f1xx_hal_tim.o
                0x080063c8                HAL_TIM_TriggerCallback
 *fill*         0x080063da        0x2 
 .text.TIM_Base_SetConfig
                0x080063dc       0xdc ./Drivers/STM32F1xx_HAL_Driver/Src/stm32f1xx_hal_tim.o
                0x080063dc                TIM_Base_SetConfig
 .text.TIM_OC1_SetConfig
                0x080064b8      0x120 ./Drivers/STM32F1xx_HAL_Driver/Src/stm32f1xx_hal_tim.o
 .text.TIM_OC2_SetConfig
                0x080065d8      0x128 ./Drivers/STM32F1xx_HAL_Driver/Src/stm32f1xx_hal_tim.o
                0x080065d8                TIM_OC2_SetConfig
 .text.TIM_OC3_SetConfig
                0x08006700      0x128 ./Drivers/STM32F1xx_HAL_Driver/Src/stm32f1xx_hal_tim.o
 .text.TIM_OC4_SetConfig
                0x08006828       0xbc ./Drivers/STM32F1xx_HAL_Driver/Src/stm32f1xx_hal_tim.o
 .text.TIM_TI1_SetConfig
                0x080068e4       0xb4 ./Drivers/STM32F1xx_HAL_Driver/Src/stm32f1xx_hal_tim.o
                0x080068e4                TIM_TI1_SetConfig
 .text.TIM_TI1_ConfigInputStage
                0x08006998       0x5c ./Drivers/STM32F1xx_HAL_Driver/Src/stm32f1xx_hal_tim.o
 .text.TIM_TI2_SetConfig
                0x080069f4       0x78 ./Drivers/STM32F1xx_HAL_Driver/Src/stm32f1xx_hal_tim.o
 .text.TIM_TI2_ConfigInputStage
                0x08006a6c       0x5e ./Drivers/STM32F1xx_HAL_Driver/Src/stm32f1xx_hal_tim.o
 .text.TIM_TI3_SetConfig
                0x08006aca       0x76 ./Drivers/STM32F1xx_HAL_Driver/Src/stm32f1xx_hal_tim.o
 .text.TIM_TI4_SetConfig
                0x08006b40       0x78 ./Drivers/STM32F1xx_HAL_Driver/Src/stm32f1xx_hal_tim.o
 .text.TIM_ITRx_SetConfig
                0x08006bb8       0x34 ./Drivers/STM32F1xx_HAL_Driver/Src/stm32f1xx_hal_tim.o
 .text.TIM_ETR_SetConfig
                0x08006bec       0x3e ./Drivers/STM32F1xx_HAL_Driver/Src/stm32f1xx_hal_tim.o
                0x08006bec                TIM_ETR_SetConfig
 *fill*         0x08006c2a        0x2 
 .text.TIM_CCxChannelCmd
                0x08006c2c       0xa8 ./Drivers/STM32F1xx_HAL_Driver/Src/stm32f1xx_hal_tim.o
                0x08006c2c                TIM_CCxChannelCmd
 .text.HAL_TIMEx_OCN_Start
                0x08006cd4      0x164 ./Drivers/STM32F1xx_HAL_Driver/Src/stm32f1xx_hal_tim_ex.o
                0x08006cd4                HAL_TIMEx_OCN_Start
 .text.HAL_TIMEx_MasterConfigSynchronization
                0x08006e38      0x154 ./Drivers/STM32F1xx_HAL_Driver/Src/stm32f1xx_hal_tim_ex.o
                0x08006e38                HAL_TIMEx_MasterConfigSynchronization
 .text.HAL_TIMEx_ConfigBreakDeadTime
                0x08006f8c      0x18c ./Drivers/STM32F1xx_HAL_Driver/Src/stm32f1xx_hal_tim_ex.o
                0x08006f8c                HAL_TIMEx_ConfigBreakDeadTime
 .text.HAL_TIMEx_CommutCallback
                0x08007118       0x12 ./Drivers/STM32F1xx_HAL_Driver/Src/stm32f1xx_hal_tim_ex.o
                0x08007118                HAL_TIMEx_CommutCallback
 .text.HAL_TIMEx_BreakCallback
                0x0800712a       0x12 ./Drivers/STM32F1xx_HAL_Driver/Src/stm32f1xx_hal_tim_ex.o
                0x0800712a                HAL_TIMEx_BreakCallback
 .text.TIM_CCxNChannelCmd
                0x0800713c       0x48 ./Drivers/STM32F1xx_HAL_Driver/Src/stm32f1xx_hal_tim_ex.o
 .text.HAL_UART_Init
                0x08007184      0x158 ./Drivers/STM32F1xx_HAL_Driver/Src/stm32f1xx_hal_uart.o
                0x08007184                HAL_UART_Init
 .text.HAL_UART_IRQHandler
                0x080072dc      0x524 ./Drivers/STM32F1xx_HAL_Driver/Src/stm32f1xx_hal_uart.o
                0x080072dc                HAL_UART_IRQHandler
 .text.HAL_UART_TxCpltCallback
                0x08007800       0x12 ./Drivers/STM32F1xx_HAL_Driver/Src/stm32f1xx_hal_uart.o
                0x08007800                HAL_UART_TxCpltCallback
 .text.HAL_UART_RxCpltCallback
                0x08007812       0x12 ./Drivers/STM32F1xx_HAL_Driver/Src/stm32f1xx_hal_uart.o
                0x08007812                HAL_UART_RxCpltCallback
 .text.HAL_UART_ErrorCallback
                0x08007824       0x12 ./Drivers/STM32F1xx_HAL_Driver/Src/stm32f1xx_hal_uart.o
                0x08007824                HAL_UART_ErrorCallback
 .text.HAL_UARTEx_RxEventCallback
                0x08007836       0x16 ./Drivers/STM32F1xx_HAL_Driver/Src/stm32f1xx_hal_uart.o
                0x08007836                HAL_UARTEx_RxEventCallback
 .text.UART_EndRxTransfer
                0x0800784c       0xc4 ./Drivers/STM32F1xx_HAL_Driver/Src/stm32f1xx_hal_uart.o
 .text.UART_DMAAbortOnError
                0x08007910       0x28 ./Drivers/STM32F1xx_HAL_Driver/Src/stm32f1xx_hal_uart.o
 .text.UART_Transmit_IT
                0x08007938       0x9e ./Drivers/STM32F1xx_HAL_Driver/Src/stm32f1xx_hal_uart.o
 .text.UART_EndTransmit_IT
                0x080079d6       0x30 ./Drivers/STM32F1xx_HAL_Driver/Src/stm32f1xx_hal_uart.o
 .text.UART_Receive_IT
                0x08007a06      0x17c ./Drivers/STM32F1xx_HAL_Driver/Src/stm32f1xx_hal_uart.o
 *fill*         0x08007b82        0x2 
 .text.UART_SetConfig
                0x08007b84      0x19c ./Drivers/STM32F1xx_HAL_Driver/Src/stm32f1xx_hal_uart.o
 .text.MX_ADC1_Init
                0x08007d20       0xf0 ./Src/adc.o
                0x08007d20                MX_ADC1_Init
 .text.HAL_ADC_MspInit
                0x08007e10      0x100 ./Src/adc.o
                0x08007e10                HAL_ADC_MspInit
 .text.MX_CAN_Init
                0x08007f10       0x6c ./Src/can.o
                0x08007f10                MX_CAN_Init
 .text.HAL_CAN_MspInit
                0x08007f7c       0xa8 ./Src/can.o
                0x08007f7c                HAL_CAN_MspInit
 .text.CAN_Send
                0x08008024       0x14 ./Src/can.o
                0x08008024                CAN_Send
 .text.MX_DMA_Init
                0x08008038       0x3c ./Src/dma.o
                0x08008038                MX_DMA_Init
 .text.MX_GPIO_Init
                0x08008074       0xd4 ./Src/gpio.o
                0x08008074                MX_GPIO_Init
 .text.HAL_TIM_PeriodElapsedCallback
                0x08008148       0x54 ./Src/main.o
                0x08008148                HAL_TIM_PeriodElapsedCallback
 .text.HAL_TIM_IC_CaptureCallback
                0x0800819c       0xa8 ./Src/main.o
                0x0800819c                HAL_TIM_IC_CaptureCallback
 .text.HAL_GPIO_EXTI_Callback
                0x08008244       0x6c ./Src/main.o
                0x08008244                HAL_GPIO_EXTI_Callback
 .text.SYS_MicroDelay
                0x080082b0       0x30 ./Src/main.o
                0x080082b0                SYS_MicroDelay
 .text.main     0x080082e0      0x404 ./Src/main.o
                0x080082e0                main
 .text.SystemClock_Config
                0x080086e4       0xae ./Src/main.o
                0x080086e4                SystemClock_Config
 .text.Error_Handler
                0x08008792        0xc ./Src/main.o
                0x08008792                Error_Handler
 .text.assert_failed
                0x0800879e       0x14 ./Src/main.o
                0x0800879e                assert_failed
 *fill*         0x080087b2        0x2 
 .text.HAL_MspInit
                0x080087b4       0x64 ./Src/stm32f1xx_hal_msp.o
                0x080087b4                HAL_MspInit
 .text.SVC_Handler
                0x08008818        0xc ./Src/stm32f1xx_it.o
                0x08008818                SVC_Handler
 .text.PendSV_Handler
                0x08008824        0xc ./Src/stm32f1xx_it.o
                0x08008824                PendSV_Handler
 .text.SysTick_Handler
                0x08008830       0x80 ./Src/stm32f1xx_it.o
                0x08008830                SysTick_Handler
 .text.DMA1_Channel1_IRQHandler
                0x080088b0       0x14 ./Src/stm32f1xx_it.o
                0x080088b0                DMA1_Channel1_IRQHandler
 .text.TIM2_IRQHandler
                0x080088c4       0x14 ./Src/stm32f1xx_it.o
                0x080088c4                TIM2_IRQHandler
 .text.TIM3_IRQHandler
                0x080088d8       0x14 ./Src/stm32f1xx_it.o
                0x080088d8                TIM3_IRQHandler
 .text.TIM4_IRQHandler
                0x080088ec       0x14 ./Src/stm32f1xx_it.o
                0x080088ec                TIM4_IRQHandler
 .text.USART2_IRQHandler
                0x08008900       0x14 ./Src/stm32f1xx_it.o
                0x08008900                USART2_IRQHandler
 .text.EXTI9_5_IRQHandler
                0x08008914       0x1e ./Src/stm32f1xx_it.o
                0x08008914                EXTI9_5_IRQHandler
 *fill*         0x08008932        0x2 
 .text.SystemInit
                0x08008934       0x68 ./Src/system_stm32f1xx.o
                0x08008934                SystemInit
 .text.MX_TIM1_Init
                0x0800899c      0x140 ./Src/tim.o
                0x0800899c                MX_TIM1_Init
 .text.MX_TIM2_Init
                0x08008adc       0xf8 ./Src/tim.o
                0x08008adc                MX_TIM2_Init
 .text.MX_TIM3_Init
                0x08008bd4       0x9c ./Src/tim.o
                0x08008bd4                MX_TIM3_Init
 .text.MX_TIM4_Init
                0x08008c70       0xf0 ./Src/tim.o
                0x08008c70                MX_TIM4_Init
 .text.HAL_TIM_PWM_MspInit
                0x08008d60       0x3c ./Src/tim.o
                0x08008d60                HAL_TIM_PWM_MspInit
 .text.HAL_TIM_Base_MspInit
                0x08008d9c      0x158 ./Src/tim.o
                0x08008d9c                HAL_TIM_Base_MspInit
 .text.HAL_TIM_MspPostInit
                0x08008ef4      0x104 ./Src/tim.o
                0x08008ef4                HAL_TIM_MspPostInit
 .text.MX_USART2_UART_Init
                0x08008ff8       0x54 ./Src/usart.o
                0x08008ff8                MX_USART2_UART_Init
 .text.HAL_UART_MspInit
                0x0800904c       0x8c ./Src/usart.o
                0x0800904c                HAL_UART_MspInit
 .text.Reset_Handler
                0x080090d8       0x50 ./Startup/startup_stm32f103rbtx.o
                0x080090d8                Reset_Handler
 .text.Default_Handler
                0x08009128        0x2 ./Startup/startup_stm32f103rbtx.o
                0x08009128                EXTI2_IRQHandler
                0x08009128                TIM8_TRG_COM_IRQHandler
                0x08009128                TIM8_CC_IRQHandler
                0x08009128                DebugMon_Handler
                0x08009128                TIM1_CC_IRQHandler
                0x08009128                HardFault_Handler
                0x08009128                TIM6_IRQHandler
                0x08009128                PVD_IRQHandler
                0x08009128                SDIO_IRQHandler
                0x08009128                NMI_Handler
                0x08009128                EXTI3_IRQHandler
                0x08009128                USB_HP_CAN_TX_IRQHandler
                0x08009128                EXTI0_IRQHandler
                0x08009128                I2C2_EV_IRQHandler
                0x08009128                UsageFault_Handler
                0x08009128                ADC1_2_IRQHandler
                0x08009128                SPI1_IRQHandler
                0x08009128                CAN_SCE_IRQHandler
                0x08009128                TAMPER_IRQHandler
                0x08009128                TIM8_UP_IRQHandler
                0x08009128                DMA2_Channel2_IRQHandler
                0x08009128                DMA1_Channel4_IRQHandler
                0x08009128                USART3_IRQHandler
                0x08009128                RTC_IRQHandler
                0x08009128                DMA1_Channel7_IRQHandler
                0x08009128                UART5_IRQHandler
                0x08009128                ADC3_IRQHandler
                0x08009128                CAN_RX1_IRQHandler
                0x08009128                DMA2_Channel1_IRQHandler
                0x08009128                I2C1_EV_IRQHandler
                0x08009128                DMA1_Channel6_IRQHandler
                0x08009128                UART4_IRQHandler
                0x08009128                RCC_IRQHandler
                0x08009128                TIM1_TRG_COM_IRQHandler
                0x08009128                Default_Handler
                0x08009128                EXTI15_10_IRQHandler
                0x08009128                TIM7_IRQHandler
                0x08009128                TIM5_IRQHandler
                0x08009128                SPI2_IRQHandler
                0x08009128                USB_LP_CAN_RX0_IRQHandler
                0x08009128                MemManage_Handler
                0x08009128                DMA1_Channel5_IRQHandler
                0x08009128                EXTI4_IRQHandler
                0x08009128                DMA1_Channel3_IRQHandler
                0x08009128                FSMC_IRQHandler
                0x08009128                TIM1_UP_IRQHandler
                0x08009128                WWDG_IRQHandler
                0x08009128                TIM1_BRK_IRQHandler
                0x08009128                EXTI1_IRQHandler
                0x08009128                RTCAlarm_IRQHandler
                0x08009128                DMA2_Channel4_5_IRQHandler
                0x08009128                I2C2_ER_IRQHandler
                0x08009128                DMA1_Channel2_IRQHandler
                0x08009128                TIM8_BRK_IRQHandler
                0x08009128                FLASH_IRQHandler
                0x08009128                BusFault_Handler
                0x08009128                USART1_IRQHandler
                0x08009128                SPI3_IRQHandler
                0x08009128                I2C1_ER_IRQHandler
                0x08009128                DMA2_Channel3_IRQHandler
 .text.memset   0x0800912a       0x10 /opt/st/stm32cubeide_1.16.0/plugins/com.st.stm32cube.ide.mcu.externaltools.gnu-tools-for-stm32.13.3.rel1.linux64_1.0.0.202410170706/tools/bin/../lib/gcc/arm-none-eabi/13.3.1/../../../../arm-none-eabi/lib/thumb/v7-m/nofp/libc_nano.a(libc_a-memset.o)
                0x0800912a                memset
 *fill*         0x0800913a        0x2 
 .text.__libc_init_array
                0x0800913c       0x48 /opt/st/stm32cubeide_1.16.0/plugins/com.st.stm32cube.ide.mcu.externaltools.gnu-tools-for-stm32.13.3.rel1.linux64_1.0.0.202410170706/tools/bin/../lib/gcc/arm-none-eabi/13.3.1/../../../../arm-none-eabi/lib/thumb/v7-m/nofp/libc_nano.a(libc_a-init.o)
                0x0800913c                __libc_init_array
 *(.glue_7)
 .glue_7        0x08009184        0x0 linker stubs
 *(.glue_7t)
 .glue_7t       0x08009184        0x0 linker stubs
 *(.eh_frame)
 .eh_frame      0x08009184        0x0 /opt/st/stm32cubeide_1.16.0/plugins/com.st.stm32cube.ide.mcu.externaltools.gnu-tools-for-stm32.13.3.rel1.linux64_1.0.0.202410170706/tools/bin/../lib/gcc/arm-none-eabi/13.3.1/thumb/v7-m/nofp/crtbegin.o
 *(.init)
 .init          0x08009184        0x4 /opt/st/stm32cubeide_1.16.0/plugins/com.st.stm32cube.ide.mcu.externaltools.gnu-tools-for-stm32.13.3.rel1.linux64_1.0.0.202410170706/tools/bin/../lib/gcc/arm-none-eabi/13.3.1/thumb/v7-m/nofp/crti.o
                0x08009184                _init
 .init          0x08009188        0x8 /opt/st/stm32cubeide_1.16.0/plugins/com.st.stm32cube.ide.mcu.externaltools.gnu-tools-for-stm32.13.3.rel1.linux64_1.0.0.202410170706/tools/bin/../lib/gcc/arm-none-eabi/13.3.1/thumb/v7-m/nofp/crtn.o
 *(.fini)
 .fini          0x08009190        0x4 /opt/st/stm32cubeide_1.16.0/plugins/com.st.stm32cube.ide.mcu.externaltools.gnu-tools-for-stm32.13.3.rel1.linux64_1.0.0.202410170706/tools/bin/../lib/gcc/arm-none-eabi/13.3.1/thumb/v7-m/nofp/crti.o
                0x08009190                _fini
 .fini          0x08009194        0x8 /opt/st/stm32cubeide_1.16.0/plugins/com.st.stm32cube.ide.mcu.externaltools.gnu-tools-for-stm32.13.3.rel1.linux64_1.0.0.202410170706/tools/bin/../lib/gcc/arm-none-eabi/13.3.1/thumb/v7-m/nofp/crtn.o
                0x0800919c                        . = ALIGN (0x4)
                0x0800919c                        _etext = .

.vfp11_veneer   0x0800919c        0x0
 .vfp11_veneer  0x0800919c        0x0 linker stubs

.v4_bx          0x0800919c        0x0
 .v4_bx         0x0800919c        0x0 linker stubs

.iplt           0x0800919c        0x0
 .iplt          0x0800919c        0x0 /opt/st/stm32cubeide_1.16.0/plugins/com.st.stm32cube.ide.mcu.externaltools.gnu-tools-for-stm32.13.3.rel1.linux64_1.0.0.202410170706/tools/bin/../lib/gcc/arm-none-eabi/13.3.1/thumb/v7-m/nofp/crtbegin.o

.rodata         0x0800919c      0x2ec
                0x0800919c                        . = ALIGN (0x4)
 *(.rodata)
 .rodata        0x0800919c       0x38 ./Drivers/STM32F1xx_HAL_Driver/Src/stm32f1xx_hal_adc.o
 .rodata        0x080091d4       0x38 ./Drivers/STM32F1xx_HAL_Driver/Src/stm32f1xx_hal_can.o
 .rodata        0x0800920c       0x3b ./Drivers/STM32F1xx_HAL_Driver/Src/stm32f1xx_hal_cortex.o
 *fill*         0x08009247        0x1 
 .rodata        0x08009248       0x38 ./Drivers/STM32F1xx_HAL_Driver/Src/stm32f1xx_hal_dma.o
 .rodata        0x08009280       0x3a ./Drivers/STM32F1xx_HAL_Driver/Src/stm32f1xx_hal_flash.o
 *fill*         0x080092ba        0x2 
 .rodata        0x080092bc       0x3d ./Drivers/STM32F1xx_HAL_Driver/Src/stm32f1xx_hal_flash_ex.o
 *fill*         0x080092f9        0x3 
 .rodata        0x080092fc       0x39 ./Drivers/STM32F1xx_HAL_Driver/Src/stm32f1xx_hal_gpio.o
 *fill*         0x08009335        0x3 
 .rodata        0x08009338       0x38 ./Drivers/STM32F1xx_HAL_Driver/Src/stm32f1xx_hal_rcc.o
 .rodata        0x08009370       0x3b ./Drivers/STM32F1xx_HAL_Driver/Src/stm32f1xx_hal_rcc_ex.o
 *fill*         0x080093ab        0x1 
 .rodata        0x080093ac       0x38 ./Drivers/STM32F1xx_HAL_Driver/Src/stm32f1xx_hal_tim.o
 .rodata        0x080093e4       0x3b ./Drivers/STM32F1xx_HAL_Driver/Src/stm32f1xx_hal_tim_ex.o
 *fill*         0x0800941f        0x1 
 .rodata        0x08009420       0x39 ./Drivers/STM32F1xx_HAL_Driver/Src/stm32f1xx_hal_uart.o
 *(.rodata*)
 *fill*         0x08009459        0x3 
 .rodata.aPLLMULFactorTable.1
                0x0800945c       0x10 ./Drivers/STM32F1xx_HAL_Driver/Src/stm32f1xx_hal_rcc.o
 .rodata.aPredivFactorTable.0
                0x0800946c        0x2 ./Drivers/STM32F1xx_HAL_Driver/Src/stm32f1xx_hal_rcc.o
 *fill*         0x0800946e        0x2 
 .rodata.AHBPrescTable
                0x08009470       0x10 ./Src/system_stm32f1xx.o
                0x08009470                AHBPrescTable
 .rodata.APBPrescTable
                0x08009480        0x8 ./Src/system_stm32f1xx.o
                0x08009480                APBPrescTable
                0x08009488                        . = ALIGN (0x4)

.ARM.extab      0x08009488        0x0
                0x08009488                        . = ALIGN (0x4)
 *(.ARM.extab* .gnu.linkonce.armextab.*)
                0x08009488                        . = ALIGN (0x4)

.ARM            0x08009488        0x8
                0x08009488                        . = ALIGN (0x4)
                0x08009488                        __exidx_start = .
 *(.ARM.exidx*)
 .ARM.exidx     0x08009488        0x8 /opt/st/stm32cubeide_1.16.0/plugins/com.st.stm32cube.ide.mcu.externaltools.gnu-tools-for-stm32.13.3.rel1.linux64_1.0.0.202410170706/tools/bin/../lib/gcc/arm-none-eabi/13.3.1/thumb/v7-m/nofp/libgcc.a(_udivmoddi4.o)
                0x08009490                        __exidx_end = .
                0x08009490                        . = ALIGN (0x4)

.rel.dyn        0x08009490        0x0
 .rel.iplt      0x08009490        0x0 /opt/st/stm32cubeide_1.16.0/plugins/com.st.stm32cube.ide.mcu.externaltools.gnu-tools-for-stm32.13.3.rel1.linux64_1.0.0.202410170706/tools/bin/../lib/gcc/arm-none-eabi/13.3.1/thumb/v7-m/nofp/crtbegin.o

.preinit_array  0x08009490        0x0
                0x08009490                        . = ALIGN (0x4)
                0x08009490                        PROVIDE (__preinit_array_start = .)
 *(.preinit_array*)
                0x08009490                        PROVIDE (__preinit_array_end = .)
                0x08009490                        . = ALIGN (0x4)

.init_array     0x08009490        0x4
                0x08009490                        . = ALIGN (0x4)
                0x08009490                        PROVIDE (__init_array_start = .)
 *(SORT_BY_NAME(.init_array.*))
 *(.init_array*)
 .init_array    0x08009490        0x4 /opt/st/stm32cubeide_1.16.0/plugins/com.st.stm32cube.ide.mcu.externaltools.gnu-tools-for-stm32.13.3.rel1.linux64_1.0.0.202410170706/tools/bin/../lib/gcc/arm-none-eabi/13.3.1/thumb/v7-m/nofp/crtbegin.o
                0x08009494                        PROVIDE (__init_array_end = .)
                0x08009494                        . = ALIGN (0x4)

.fini_array     0x08009494        0x4
                0x08009494                        . = ALIGN (0x4)
                [!provide]                        PROVIDE (__fini_array_start = .)
 *(SORT_BY_NAME(.fini_array.*))
 *(.fini_array*)
 .fini_array    0x08009494        0x4 /opt/st/stm32cubeide_1.16.0/plugins/com.st.stm32cube.ide.mcu.externaltools.gnu-tools-for-stm32.13.3.rel1.linux64_1.0.0.202410170706/tools/bin/../lib/gcc/arm-none-eabi/13.3.1/thumb/v7-m/nofp/crtbegin.o
                [!provide]                        PROVIDE (__fini_array_end = .)
                0x08009498                        . = ALIGN (0x4)
                0x08009498                        _sidata = LOADADDR (.data)

.data           0x20000000       0x48 load address 0x08009498
                0x20000000                        . = ALIGN (0x4)
                0x20000000                        _sdata = .
 *(.data)
 *(.data*)
 .data.need_read_calibration
                0x20000000        0x4 ./Application/steering.o
                0x20000000                need_read_calibration
 .data.uwTickPrio
                0x20000004        0x4 ./Drivers/STM32F1xx_HAL_Driver/Src/stm32f1xx_hal.o
                0x20000004                uwTickPrio
 .data.uwTickFreq
                0x20000008        0x1 ./Drivers/STM32F1xx_HAL_Driver/Src/stm32f1xx_hal.o
                0x20000008                uwTickFreq
 *fill*         0x20000009        0x3 
 .data.mode     0x2000000c        0x4 ./Src/main.o
                0x2000000c                mode
 .data.UPDATE_CMD_FLAG
                0x20000010        0x4 ./Src/main.o
                0x20000010                UPDATE_CMD_FLAG
 .data.US_FLAG  0x20000014        0x4 ./Src/main.o
                0x20000014                US_FLAG
 .data.CAN_SEND_MOTORS
                0x20000018        0x4 ./Src/main.o
                0x20000018                CAN_SEND_MOTORS
 .data.CAN_SEND_BATT
                0x2000001c        0x4 ./Src/main.o
                0x2000001c                CAN_SEND_BATT
 .data.usEchoStart
                0x20000020        0x4 ./Src/main.o
                0x20000020                usEchoStart
 .data.usTriggerPin
                0x20000024        0xc ./Src/main.o
                0x20000024                usTriggerPin
 .data.data     0x20000030        0x8 ./Src/main.o
                0x20000030                data
 .data.leftRearSpeed
                0x20000038        0x4 ./Src/main.o
                0x20000038                leftRearSpeed
 .data.rightRearSpeed
                0x2000003c        0x4 ./Src/main.o
                0x2000003c                rightRearSpeed
 .data.steeringSpeed
                0x20000040        0x4 ./Src/main.o
                0x20000040                steeringSpeed
 .data.SystemCoreClock
                0x20000044        0x4 ./Src/system_stm32f1xx.o
                0x20000044                SystemCoreClock
 *(.RamFunc)
 *(.RamFunc*)
                0x20000048                        . = ALIGN (0x4)
                0x20000048                        _edata = .

.igot.plt       0x20000048        0x0 load address 0x080094e0
 .igot.plt      0x20000048        0x0 /opt/st/stm32cubeide_1.16.0/plugins/com.st.stm32cube.ide.mcu.externaltools.gnu-tools-for-stm32.13.3.rel1.linux64_1.0.0.202410170706/tools/bin/../lib/gcc/arm-none-eabi/13.3.1/thumb/v7-m/nofp/crtbegin.o
                0x20000048                        . = ALIGN (0x4)

.bss            0x20000048      0x2e0 load address 0x080094e0
                0x20000048                        _sbss = .
                0x20000048                        __bss_start__ = _sbss
 *(.bss)
 .bss           0x20000048       0x1c /opt/st/stm32cubeide_1.16.0/plugins/com.st.stm32cube.ide.mcu.externaltools.gnu-tools-for-stm32.13.3.rel1.linux64_1.0.0.202410170706/tools/bin/../lib/gcc/arm-none-eabi/13.3.1/thumb/v7-m/nofp/crtbegin.o
 *(.bss*)
 .bss.bytes_temp
                0x20000064        0x4 ./Application/FLASH_PAGE_F1.o
                0x20000064                bytes_temp
 .bss.EraseInitStruct.0
                0x20000068       0x10 ./Application/FLASH_PAGE_F1.o
 .bss.steering_sensor_coef_a
                0x20000078        0x4 ./Application/steering.o
                0x20000078                steering_sensor_coef_a
 .bss.steering_sensor_coef_b
                0x2000007c        0x4 ./Application/steering.o
                0x2000007c                steering_sensor_coef_b
 .bss.previous_value_right.1
                0x20000080        0x4 ./Application/steering.o
 .bss.previous_value_left.0
                0x20000084        0x4 ./Application/steering.o
 .bss.timerOverflow
                0x20000088        0x8 ./Application/timer.o
                0x20000088                timerOverflow
 .bss.microSecondTime
                0x20000090        0x8 ./Application/timer.o
                0x20000090                microSecondTime
 .bss.uwTick    0x20000098        0x4 ./Drivers/STM32F1xx_HAL_Driver/Src/stm32f1xx_hal.o
                0x20000098                uwTick
 *fill*         0x2000009c        0x4 
 .bss.pFlash    0x200000a0       0x20 ./Drivers/STM32F1xx_HAL_Driver/Src/stm32f1xx_hal_flash.o
                0x200000a0                pFlash
 .bss.hadc1     0x200000c0       0x30 ./Src/adc.o
                0x200000c0                hadc1
 .bss.hdma_adc1
                0x200000f0       0x44 ./Src/adc.o
                0x200000f0                hdma_adc1
 .bss.hcan      0x20000134       0x28 ./Src/can.o
                0x20000134                hcan
 .bss.CAN_SEND_US
                0x2000015c        0x4 ./Src/main.o
                0x2000015c                CAN_SEND_US
 .bss.ADCBUF    0x20000160       0x14 ./Src/main.o
                0x20000160                ADCBUF
 .bss.VMG_mes   0x20000174        0x4 ./Src/main.o
                0x20000174                VMG_mes
 .bss.VMD_mes   0x20000178        0x4 ./Src/main.o
                0x20000178                VMD_mes
 .bss.per_vitesseG
                0x2000017c        0x4 ./Src/main.o
                0x2000017c                per_vitesseG
 .bss.per_vitesseD
                0x20000180        0x4 ./Src/main.o
                0x20000180                per_vitesseD
 .bss.nbImpulsionG
                0x20000184        0x4 ./Src/main.o
                0x20000184                nbImpulsionG
 .bss.nbImpulsionD
                0x20000188        0x4 ./Src/main.o
                0x20000188                nbImpulsionD
 .bss.usEchoReceived
                0x2000018c        0x4 ./Src/main.o
                0x2000018c                usEchoReceived
 .bss.usEchoRisingTime
                0x20000190        0x8 ./Src/main.o
                0x20000190                usEchoRisingTime
 .bss.usEchoDuration
                0x20000198        0x8 ./Src/main.o
                0x20000198                usEchoDuration
 .bss.currentUs
                0x200001a0        0x4 ./Src/main.o
                0x200001a0                currentUs
 .bss.usDistance
                0x200001a4        0xc ./Src/main.o
                0x200001a4                usDistance
 .bss.commCheckingRequest
                0x200001b0        0x4 ./Src/main.o
                0x200001b0                commCheckingRequest
 .bss.cmpt_can_motors.2
                0x200001b4        0x4 ./Src/stm32f1xx_it.o
 .bss.cmpt_us.1
                0x200001b8        0x4 ./Src/stm32f1xx_it.o
 .bss.cmpt_batt.0
                0x200001bc        0x4 ./Src/stm32f1xx_it.o
 .bss.htim1     0x200001c0       0x48 ./Src/tim.o
                0x200001c0                htim1
 .bss.htim2     0x20000208       0x48 ./Src/tim.o
                0x20000208                htim2
 .bss.htim3     0x20000250       0x48 ./Src/tim.o
                0x20000250                htim3
 .bss.htim4     0x20000298       0x48 ./Src/tim.o
                0x20000298                htim4
 .bss.huart2    0x200002e0       0x48 ./Src/usart.o
                0x200002e0                huart2
 *(COMMON)
                0x20000328                        . = ALIGN (0x4)
                0x20000328                        _ebss = .
                0x20000328                        __bss_end__ = _ebss

._user_heap_stack
                0x20000328      0x600 load address 0x080094e0
                0x20000328                        . = ALIGN (0x8)
                [!provide]                        PROVIDE (end = .)
                0x20000328                        PROVIDE (_end = .)
                0x20000528                        . = (. + _Min_Heap_Size)
 *fill*         0x20000328      0x200 
                0x20000928                        . = (. + _Min_Stack_Size)
 *fill*         0x20000528      0x400 
                0x20000928                        . = ALIGN (0x8)

/DISCARD/
 libc.a(*)
 libm.a(*)
 libgcc.a(*)

.ARM.attributes
                0x00000000       0x29
 *(.ARM.attributes)
 .ARM.attributes
                0x00000000       0x1d /opt/st/stm32cubeide_1.16.0/plugins/com.st.stm32cube.ide.mcu.externaltools.gnu-tools-for-stm32.13.3.rel1.linux64_1.0.0.202410170706/tools/bin/../lib/gcc/arm-none-eabi/13.3.1/thumb/v7-m/nofp/crti.o
 .ARM.attributes
                0x0000001d       0x2d /opt/st/stm32cubeide_1.16.0/plugins/com.st.stm32cube.ide.mcu.externaltools.gnu-tools-for-stm32.13.3.rel1.linux64_1.0.0.202410170706/tools/bin/../lib/gcc/arm-none-eabi/13.3.1/thumb/v7-m/nofp/crtbegin.o
 .ARM.attributes
                0x0000004a       0x2d ./Application/FLASH_PAGE_F1.o
 .ARM.attributes
                0x00000077       0x2d ./Application/calibrate.o
 .ARM.attributes
                0x000000a4       0x2d ./Application/control.o
 .ARM.attributes
                0x000000d1       0x2d ./Application/steering.o
 .ARM.attributes
                0x000000fe       0x2d ./Application/timer.o
 .ARM.attributes
                0x0000012b       0x2d ./Application/wheels.o
 .ARM.attributes
                0x00000158       0x2d ./Drivers/STM32F1xx_HAL_Driver/Src/stm32f1xx_hal.o
 .ARM.attributes
                0x00000185       0x2d ./Drivers/STM32F1xx_HAL_Driver/Src/stm32f1xx_hal_adc.o
 .ARM.attributes
                0x000001b2       0x2d ./Drivers/STM32F1xx_HAL_Driver/Src/stm32f1xx_hal_can.o
 .ARM.attributes
                0x000001df       0x2d ./Drivers/STM32F1xx_HAL_Driver/Src/stm32f1xx_hal_cortex.o
 .ARM.attributes
                0x0000020c       0x2d ./Drivers/STM32F1xx_HAL_Driver/Src/stm32f1xx_hal_dma.o
 .ARM.attributes
                0x00000239       0x2d ./Drivers/STM32F1xx_HAL_Driver/Src/stm32f1xx_hal_flash.o
 .ARM.attributes
                0x00000266       0x2d ./Drivers/STM32F1xx_HAL_Driver/Src/stm32f1xx_hal_flash_ex.o
 .ARM.attributes
                0x00000293       0x2d ./Drivers/STM32F1xx_HAL_Driver/Src/stm32f1xx_hal_gpio.o
 .ARM.attributes
                0x000002c0       0x2d ./Drivers/STM32F1xx_HAL_Driver/Src/stm32f1xx_hal_rcc.o
 .ARM.attributes
                0x000002ed       0x2d ./Drivers/STM32F1xx_HAL_Driver/Src/stm32f1xx_hal_rcc_ex.o
 .ARM.attributes
                0x0000031a       0x2d ./Drivers/STM32F1xx_HAL_Driver/Src/stm32f1xx_hal_tim.o
 .ARM.attributes
                0x00000347       0x2d ./Drivers/STM32F1xx_HAL_Driver/Src/stm32f1xx_hal_tim_ex.o
 .ARM.attributes
                0x00000374       0x2d ./Drivers/STM32F1xx_HAL_Driver/Src/stm32f1xx_hal_uart.o
 .ARM.attributes
                0x000003a1       0x2d ./Src/adc.o
 .ARM.attributes
                0x000003ce       0x2d ./Src/can.o
 .ARM.attributes
                0x000003fb       0x2d ./Src/dma.o
 .ARM.attributes
                0x00000428       0x2d ./Src/gpio.o
 .ARM.attributes
                0x00000455       0x2d ./Src/main.o
 .ARM.attributes
                0x00000482       0x2d ./Src/stm32f1xx_hal_msp.o
 .ARM.attributes
                0x000004af       0x2d ./Src/stm32f1xx_it.o
 .ARM.attributes
                0x000004dc       0x2d ./Src/system_stm32f1xx.o
 .ARM.attributes
                0x00000509       0x2d ./Src/tim.o
 .ARM.attributes
                0x00000536       0x2d ./Src/usart.o
 .ARM.attributes
                0x00000563       0x21 ./Startup/startup_stm32f103rbtx.o
 .ARM.attributes
                0x00000584       0x2d /opt/st/stm32cubeide_1.16.0/plugins/com.st.stm32cube.ide.mcu.externaltools.gnu-tools-for-stm32.13.3.rel1.linux64_1.0.0.202410170706/tools/bin/../lib/gcc/arm-none-eabi/13.3.1/../../../../arm-none-eabi/lib/thumb/v7-m/nofp/libc_nano.a(libc_a-memset.o)
 .ARM.attributes
                0x000005b1       0x2d /opt/st/stm32cubeide_1.16.0/plugins/com.st.stm32cube.ide.mcu.externaltools.gnu-tools-for-stm32.13.3.rel1.linux64_1.0.0.202410170706/tools/bin/../lib/gcc/arm-none-eabi/13.3.1/../../../../arm-none-eabi/lib/thumb/v7-m/nofp/libc_nano.a(libc_a-init.o)
 .ARM.attributes
                0x000005de       0x1d /opt/st/stm32cubeide_1.16.0/plugins/com.st.stm32cube.ide.mcu.externaltools.gnu-tools-for-stm32.13.3.rel1.linux64_1.0.0.202410170706/tools/bin/../lib/gcc/arm-none-eabi/13.3.1/thumb/v7-m/nofp/libgcc.a(_arm_addsubdf3.o)
 .ARM.attributes
                0x000005fb       0x1d /opt/st/stm32cubeide_1.16.0/plugins/com.st.stm32cube.ide.mcu.externaltools.gnu-tools-for-stm32.13.3.rel1.linux64_1.0.0.202410170706/tools/bin/../lib/gcc/arm-none-eabi/13.3.1/thumb/v7-m/nofp/libgcc.a(_arm_muldivdf3.o)
 .ARM.attributes
                0x00000618       0x1d /opt/st/stm32cubeide_1.16.0/plugins/com.st.stm32cube.ide.mcu.externaltools.gnu-tools-for-stm32.13.3.rel1.linux64_1.0.0.202410170706/tools/bin/../lib/gcc/arm-none-eabi/13.3.1/thumb/v7-m/nofp/libgcc.a(_arm_fixdfsi.o)
 .ARM.attributes
                0x00000635       0x1d /opt/st/stm32cubeide_1.16.0/plugins/com.st.stm32cube.ide.mcu.externaltools.gnu-tools-for-stm32.13.3.rel1.linux64_1.0.0.202410170706/tools/bin/../lib/gcc/arm-none-eabi/13.3.1/thumb/v7-m/nofp/libgcc.a(_arm_addsubsf3.o)
 .ARM.attributes
                0x00000652       0x1d /opt/st/stm32cubeide_1.16.0/plugins/com.st.stm32cube.ide.mcu.externaltools.gnu-tools-for-stm32.13.3.rel1.linux64_1.0.0.202410170706/tools/bin/../lib/gcc/arm-none-eabi/13.3.1/thumb/v7-m/nofp/libgcc.a(_arm_muldivsf3.o)
 .ARM.attributes
                0x0000066f       0x1d /opt/st/stm32cubeide_1.16.0/plugins/com.st.stm32cube.ide.mcu.externaltools.gnu-tools-for-stm32.13.3.rel1.linux64_1.0.0.202410170706/tools/bin/../lib/gcc/arm-none-eabi/13.3.1/thumb/v7-m/nofp/libgcc.a(_arm_cmpsf2.o)
 .ARM.attributes
                0x0000068c       0x1d /opt/st/stm32cubeide_1.16.0/plugins/com.st.stm32cube.ide.mcu.externaltools.gnu-tools-for-stm32.13.3.rel1.linux64_1.0.0.202410170706/tools/bin/../lib/gcc/arm-none-eabi/13.3.1/thumb/v7-m/nofp/libgcc.a(_arm_fixsfsi.o)
 .ARM.attributes
                0x000006a9       0x1d /opt/st/stm32cubeide_1.16.0/plugins/com.st.stm32cube.ide.mcu.externaltools.gnu-tools-for-stm32.13.3.rel1.linux64_1.0.0.202410170706/tools/bin/../lib/gcc/arm-none-eabi/13.3.1/thumb/v7-m/nofp/libgcc.a(_aeabi_uldivmod.o)
 .ARM.attributes
                0x000006c6       0x2d /opt/st/stm32cubeide_1.16.0/plugins/com.st.stm32cube.ide.mcu.externaltools.gnu-tools-for-stm32.13.3.rel1.linux64_1.0.0.202410170706/tools/bin/../lib/gcc/arm-none-eabi/13.3.1/thumb/v7-m/nofp/libgcc.a(_udivmoddi4.o)
 .ARM.attributes
                0x000006f3       0x1d /opt/st/stm32cubeide_1.16.0/plugins/com.st.stm32cube.ide.mcu.externaltools.gnu-tools-for-stm32.13.3.rel1.linux64_1.0.0.202410170706/tools/bin/../lib/gcc/arm-none-eabi/13.3.1/thumb/v7-m/nofp/libgcc.a(_dvmd_tls.o)
 .ARM.attributes
                0x00000710       0x1d /opt/st/stm32cubeide_1.16.0/plugins/com.st.stm32cube.ide.mcu.externaltools.gnu-tools-for-stm32.13.3.rel1.linux64_1.0.0.202410170706/tools/bin/../lib/gcc/arm-none-eabi/13.3.1/thumb/v7-m/nofp/crtn.o
OUTPUT(F103.elf elf32-littlearm)
LOAD linker stubs
LOAD /opt/st/stm32cubeide_1.16.0/plugins/com.st.stm32cube.ide.mcu.externaltools.gnu-tools-for-stm32.13.3.rel1.linux64_1.0.0.202410170706/tools/bin/../lib/gcc/arm-none-eabi/13.3.1/../../../../arm-none-eabi/lib/thumb/v7-m/nofp/libc.a
LOAD /opt/st/stm32cubeide_1.16.0/plugins/com.st.stm32cube.ide.mcu.externaltools.gnu-tools-for-stm32.13.3.rel1.linux64_1.0.0.202410170706/tools/bin/../lib/gcc/arm-none-eabi/13.3.1/../../../../arm-none-eabi/lib/thumb/v7-m/nofp/libm.a
LOAD /opt/st/stm32cubeide_1.16.0/plugins/com.st.stm32cube.ide.mcu.externaltools.gnu-tools-for-stm32.13.3.rel1.linux64_1.0.0.202410170706/tools/bin/../lib/gcc/arm-none-eabi/13.3.1/thumb/v7-m/nofp/libgcc.a

.debug_info     0x00000000    0x12624
 .debug_info    0x00000000      0x4e1 ./Application/FLASH_PAGE_F1.o
 .debug_info    0x000004e1      0x323 ./Application/calibrate.o
 .debug_info    0x00000804      0x124 ./Application/control.o
 .debug_info    0x00000928      0x3e4 ./Application/steering.o
 .debug_info    0x00000d0c      0x22a ./Application/timer.o
 .debug_info    0x00000f36      0x2b5 ./Application/wheels.o
 .debug_info    0x000011eb      0x73b ./Drivers/STM32F1xx_HAL_Driver/Src/stm32f1xx_hal.o
 .debug_info    0x00001926      0xc76 ./Drivers/STM32F1xx_HAL_Driver/Src/stm32f1xx_hal_adc.o
 .debug_info    0x0000259c      0xf2f ./Drivers/STM32F1xx_HAL_Driver/Src/stm32f1xx_hal_can.o
 .debug_info    0x000034cb      0xaa1 ./Drivers/STM32F1xx_HAL_Driver/Src/stm32f1xx_hal_cortex.o
 .debug_info    0x00003f6c      0x707 ./Drivers/STM32F1xx_HAL_Driver/Src/stm32f1xx_hal_dma.o
 .debug_info    0x00004673      0x516 ./Drivers/STM32F1xx_HAL_Driver/Src/stm32f1xx_hal_flash.o
 .debug_info    0x00004b89      0x794 ./Drivers/STM32F1xx_HAL_Driver/Src/stm32f1xx_hal_flash_ex.o
 .debug_info    0x0000531d      0x5dc ./Drivers/STM32F1xx_HAL_Driver/Src/stm32f1xx_hal_gpio.o
 .debug_info    0x000058f9      0x7f0 ./Drivers/STM32F1xx_HAL_Driver/Src/stm32f1xx_hal_rcc.o
 .debug_info    0x000060e9      0x3dc ./Drivers/STM32F1xx_HAL_Driver/Src/stm32f1xx_hal_rcc_ex.o
 .debug_info    0x000064c5     0x29c3 ./Drivers/STM32F1xx_HAL_Driver/Src/stm32f1xx_hal_tim.o
 .debug_info    0x00008e88     0x14ef ./Drivers/STM32F1xx_HAL_Driver/Src/stm32f1xx_hal_tim_ex.o
 .debug_info    0x0000a377     0x2f02 ./Drivers/STM32F1xx_HAL_Driver/Src/stm32f1xx_hal_uart.o
 .debug_info    0x0000d279      0x818 ./Src/adc.o
 .debug_info    0x0000da91      0x993 ./Src/can.o
 .debug_info    0x0000e424      0x2cf ./Src/dma.o
 .debug_info    0x0000e6f3      0x2b7 ./Src/gpio.o
 .debug_info    0x0000e9aa      0xfef ./Src/main.o
 .debug_info    0x0000f999      0x1f1 ./Src/stm32f1xx_hal_msp.o
 .debug_info    0x0000fb8a      0xd9a ./Src/stm32f1xx_it.o
 .debug_info    0x00010924      0x3ed ./Src/system_stm32f1xx.o
 .debug_info    0x00010d11      0xfb9 ./Src/tim.o
 .debug_info    0x00011cca      0x92a ./Src/usart.o
 .debug_info    0x000125f4       0x30 ./Startup/startup_stm32f103rbtx.o

.debug_abbrev   0x00000000     0x396a
 .debug_abbrev  0x00000000      0x20d ./Application/FLASH_PAGE_F1.o
 .debug_abbrev  0x0000020d      0x190 ./Application/calibrate.o
 .debug_abbrev  0x0000039d       0xa0 ./Application/control.o
 .debug_abbrev  0x0000043d      0x1c2 ./Application/steering.o
 .debug_abbrev  0x000005ff       0xcd ./Application/timer.o
 .debug_abbrev  0x000006cc       0xf6 ./Application/wheels.o
 .debug_abbrev  0x000007c2      0x209 ./Drivers/STM32F1xx_HAL_Driver/Src/stm32f1xx_hal.o
 .debug_abbrev  0x000009cb      0x225 ./Drivers/STM32F1xx_HAL_Driver/Src/stm32f1xx_hal_adc.o
 .debug_abbrev  0x00000bf0      0x237 ./Drivers/STM32F1xx_HAL_Driver/Src/stm32f1xx_hal_can.o
 .debug_abbrev  0x00000e27      0x2fa ./Drivers/STM32F1xx_HAL_Driver/Src/stm32f1xx_hal_cortex.o
 .debug_abbrev  0x00001121      0x220 ./Drivers/STM32F1xx_HAL_Driver/Src/stm32f1xx_hal_dma.o
 .debug_abbrev  0x00001341      0x26e ./Drivers/STM32F1xx_HAL_Driver/Src/stm32f1xx_hal_flash.o
 .debug_abbrev  0x000015af      0x25c ./Drivers/STM32F1xx_HAL_Driver/Src/stm32f1xx_hal_flash_ex.o
 .debug_abbrev  0x0000180b      0x1e7 ./Drivers/STM32F1xx_HAL_Driver/Src/stm32f1xx_hal_gpio.o
 .debug_abbrev  0x000019f2      0x2ad ./Drivers/STM32F1xx_HAL_Driver/Src/stm32f1xx_hal_rcc.o
 .debug_abbrev  0x00001c9f      0x1a5 ./Drivers/STM32F1xx_HAL_Driver/Src/stm32f1xx_hal_rcc_ex.o
 .debug_abbrev  0x00001e44      0x28b ./Drivers/STM32F1xx_HAL_Driver/Src/stm32f1xx_hal_tim.o
 .debug_abbrev  0x000020cf      0x280 ./Drivers/STM32F1xx_HAL_Driver/Src/stm32f1xx_hal_tim_ex.o
 .debug_abbrev  0x0000234f      0x30d ./Drivers/STM32F1xx_HAL_Driver/Src/stm32f1xx_hal_uart.o
 .debug_abbrev  0x0000265c      0x1f2 ./Src/adc.o
 .debug_abbrev  0x0000284e      0x267 ./Src/can.o
 .debug_abbrev  0x00002ab5       0xfc ./Src/dma.o
 .debug_abbrev  0x00002bb1      0x13f ./Src/gpio.o
 .debug_abbrev  0x00002cf0      0x345 ./Src/main.o
 .debug_abbrev  0x00003035       0xdb ./Src/stm32f1xx_hal_msp.o
 .debug_abbrev  0x00003110      0x235 ./Src/stm32f1xx_it.o
 .debug_abbrev  0x00003345      0x13f ./Src/system_stm32f1xx.o
 .debug_abbrev  0x00003484      0x2bd ./Src/tim.o
 .debug_abbrev  0x00003741      0x205 ./Src/usart.o
 .debug_abbrev  0x00003946       0x24 ./Startup/startup_stm32f103rbtx.o

.debug_aranges  0x00000000     0x11a0
 .debug_aranges
                0x00000000       0x58 ./Application/FLASH_PAGE_F1.o
 .debug_aranges
                0x00000058       0x28 ./Application/calibrate.o
 .debug_aranges
                0x00000080       0x20 ./Application/control.o
 .debug_aranges
                0x000000a0       0x40 ./Application/steering.o
 .debug_aranges
                0x000000e0       0x30 ./Application/timer.o
 .debug_aranges
                0x00000110       0x20 ./Application/wheels.o
 .debug_aranges
                0x00000130       0xe0 ./Drivers/STM32F1xx_HAL_Driver/Src/stm32f1xx_hal.o
 .debug_aranges
                0x00000210       0xf0 ./Drivers/STM32F1xx_HAL_Driver/Src/stm32f1xx_hal_adc.o
 .debug_aranges
                0x00000300      0x138 ./Drivers/STM32F1xx_HAL_Driver/Src/stm32f1xx_hal_can.o
 .debug_aranges
                0x00000438      0x100 ./Drivers/STM32F1xx_HAL_Driver/Src/stm32f1xx_hal_cortex.o
 .debug_aranges
                0x00000538       0x80 ./Drivers/STM32F1xx_HAL_Driver/Src/stm32f1xx_hal_dma.o
 .debug_aranges
                0x000005b8       0x88 ./Drivers/STM32F1xx_HAL_Driver/Src/stm32f1xx_hal_flash.o
 .debug_aranges
                0x00000640       0x98 ./Drivers/STM32F1xx_HAL_Driver/Src/stm32f1xx_hal_flash_ex.o
 .debug_aranges
                0x000006d8       0x58 ./Drivers/STM32F1xx_HAL_Driver/Src/stm32f1xx_hal_gpio.o
 .debug_aranges
                0x00000730       0x90 ./Drivers/STM32F1xx_HAL_Driver/Src/stm32f1xx_hal_rcc.o
 .debug_aranges
                0x000007c0       0x30 ./Drivers/STM32F1xx_HAL_Driver/Src/stm32f1xx_hal_rcc_ex.o
 .debug_aranges
                0x000007f0      0x3d0 ./Drivers/STM32F1xx_HAL_Driver/Src/stm32f1xx_hal_tim.o
 .debug_aranges
                0x00000bc0      0x168 ./Drivers/STM32F1xx_HAL_Driver/Src/stm32f1xx_hal_tim_ex.o
 .debug_aranges
                0x00000d28      0x208 ./Drivers/STM32F1xx_HAL_Driver/Src/stm32f1xx_hal_uart.o
 .debug_aranges
                0x00000f30       0x30 ./Src/adc.o
 .debug_aranges
                0x00000f60       0x40 ./Src/can.o
 .debug_aranges
                0x00000fa0       0x20 ./Src/dma.o
 .debug_aranges
                0x00000fc0       0x20 ./Src/gpio.o
 .debug_aranges
                0x00000fe0       0x58 ./Src/main.o
 .debug_aranges
                0x00001038       0x20 ./Src/stm32f1xx_hal_msp.o
 .debug_aranges
                0x00001058       0x68 ./Src/stm32f1xx_it.o
 .debug_aranges
                0x000010c0       0x28 ./Src/system_stm32f1xx.o
 .debug_aranges
                0x000010e8       0x60 ./Src/tim.o
 .debug_aranges
                0x00001148       0x30 ./Src/usart.o
 .debug_aranges
                0x00001178       0x28 ./Startup/startup_stm32f103rbtx.o

.debug_rnglists
                0x00000000      0xd9b
 .debug_rnglists
                0x00000000       0x3f ./Application/FLASH_PAGE_F1.o
 .debug_rnglists
                0x0000003f       0x1a ./Application/calibrate.o
 .debug_rnglists
                0x00000059       0x13 ./Application/control.o
 .debug_rnglists
                0x0000006c       0x2e ./Application/steering.o
 .debug_rnglists
                0x0000009a       0x1f ./Application/timer.o
 .debug_rnglists
                0x000000b9       0x14 ./Application/wheels.o
 .debug_rnglists
                0x000000cd       0xa3 ./Drivers/STM32F1xx_HAL_Driver/Src/stm32f1xx_hal.o
 .debug_rnglists
                0x00000170       0xbe ./Drivers/STM32F1xx_HAL_Driver/Src/stm32f1xx_hal_adc.o
 .debug_rnglists
                0x0000022e       0xed ./Drivers/STM32F1xx_HAL_Driver/Src/stm32f1xx_hal_can.o
 .debug_rnglists
                0x0000031b       0xbb ./Drivers/STM32F1xx_HAL_Driver/Src/stm32f1xx_hal_cortex.o
 .debug_rnglists
                0x000003d6       0x64 ./Drivers/STM32F1xx_HAL_Driver/Src/stm32f1xx_hal_dma.o
 .debug_rnglists
                0x0000043a       0x66 ./Drivers/STM32F1xx_HAL_Driver/Src/stm32f1xx_hal_flash.o
 .debug_rnglists
                0x000004a0       0x76 ./Drivers/STM32F1xx_HAL_Driver/Src/stm32f1xx_hal_flash_ex.o
 .debug_rnglists
                0x00000516       0x40 ./Drivers/STM32F1xx_HAL_Driver/Src/stm32f1xx_hal_gpio.o
 .debug_rnglists
                0x00000556       0x6e ./Drivers/STM32F1xx_HAL_Driver/Src/stm32f1xx_hal_rcc.o
 .debug_rnglists
                0x000005c4       0x21 ./Drivers/STM32F1xx_HAL_Driver/Src/stm32f1xx_hal_rcc_ex.o
 .debug_rnglists
                0x000005e5      0x321 ./Drivers/STM32F1xx_HAL_Driver/Src/stm32f1xx_hal_tim.o
 .debug_rnglists
                0x00000906      0x127 ./Drivers/STM32F1xx_HAL_Driver/Src/stm32f1xx_hal_tim_ex.o
 .debug_rnglists
                0x00000a2d      0x1c0 ./Drivers/STM32F1xx_HAL_Driver/Src/stm32f1xx_hal_uart.o
 .debug_rnglists
                0x00000bed       0x21 ./Src/adc.o
 .debug_rnglists
                0x00000c0e       0x2c ./Src/can.o
 .debug_rnglists
                0x00000c3a       0x13 ./Src/dma.o
 .debug_rnglists
                0x00000c4d       0x14 ./Src/gpio.o
 .debug_rnglists
                0x00000c61       0x40 ./Src/main.o
 .debug_rnglists
                0x00000ca1       0x13 ./Src/stm32f1xx_hal_msp.o
 .debug_rnglists
                0x00000cb4       0x4a ./Src/stm32f1xx_it.o
 .debug_rnglists
                0x00000cfe       0x1a ./Src/system_stm32f1xx.o
 .debug_rnglists
                0x00000d18       0x4a ./Src/tim.o
 .debug_rnglists
                0x00000d62       0x20 ./Src/usart.o
 .debug_rnglists
                0x00000d82       0x19 ./Startup/startup_stm32f103rbtx.o

.debug_macro    0x00000000    0x1ae7f
 .debug_macro   0x00000000      0x2cd ./Application/FLASH_PAGE_F1.o
 .debug_macro   0x000002cd      0xae4 ./Application/FLASH_PAGE_F1.o
 .debug_macro   0x00000db1      0x234 ./Application/FLASH_PAGE_F1.o
 .debug_macro   0x00000fe5       0x28 ./Application/FLASH_PAGE_F1.o
 .debug_macro   0x0000100d       0x22 ./Application/FLASH_PAGE_F1.o
 .debug_macro   0x0000102f       0x22 ./Application/FLASH_PAGE_F1.o
 .debug_macro   0x00001051       0x8e ./Application/FLASH_PAGE_F1.o
 .debug_macro   0x000010df       0x51 ./Application/FLASH_PAGE_F1.o
 .debug_macro   0x00001130      0x103 ./Application/FLASH_PAGE_F1.o
 .debug_macro   0x00001233       0x6a ./Application/FLASH_PAGE_F1.o
 .debug_macro   0x0000129d      0x1df ./Application/FLASH_PAGE_F1.o
 .debug_macro   0x0000147c       0x1c ./Application/FLASH_PAGE_F1.o
 .debug_macro   0x00001498       0x22 ./Application/FLASH_PAGE_F1.o
 .debug_macro   0x000014ba       0xbd ./Application/FLASH_PAGE_F1.o
 .debug_macro   0x00001577      0xd23 ./Application/FLASH_PAGE_F1.o
 .debug_macro   0x0000229a     0xe09e ./Application/FLASH_PAGE_F1.o
 .debug_macro   0x00010338       0x6d ./Application/FLASH_PAGE_F1.o
 .debug_macro   0x000103a5     0x34a2 ./Application/FLASH_PAGE_F1.o
 .debug_macro   0x00013847      0x190 ./Application/FLASH_PAGE_F1.o
 .debug_macro   0x000139d7       0x5c ./Application/FLASH_PAGE_F1.o
 .debug_macro   0x00013a33      0x5bc ./Application/FLASH_PAGE_F1.o
 .debug_macro   0x00013fef      0x289 ./Application/FLASH_PAGE_F1.o
 .debug_macro   0x00014278      0x1cb ./Application/FLASH_PAGE_F1.o
 .debug_macro   0x00014443      0x114 ./Application/FLASH_PAGE_F1.o
 .debug_macro   0x00014557      0x1b2 ./Application/FLASH_PAGE_F1.o
 .debug_macro   0x00014709       0x27 ./Application/FLASH_PAGE_F1.o
 .debug_macro   0x00014730      0x136 ./Application/FLASH_PAGE_F1.o
 .debug_macro   0x00014866      0x1bc ./Application/FLASH_PAGE_F1.o
 .debug_macro   0x00014a22       0x34 ./Application/FLASH_PAGE_F1.o
 .debug_macro   0x00014a56       0x3c ./Application/FLASH_PAGE_F1.o
 .debug_macro   0x00014a92      0x408 ./Application/FLASH_PAGE_F1.o
 .debug_macro   0x00014e9a       0x57 ./Application/FLASH_PAGE_F1.o
 .debug_macro   0x00014ef1      0x46a ./Application/FLASH_PAGE_F1.o
 .debug_macro   0x0001535b      0x1b5 ./Application/FLASH_PAGE_F1.o
 .debug_macro   0x00015510       0x87 ./Application/FLASH_PAGE_F1.o
 .debug_macro   0x00015597      0x240 ./Application/FLASH_PAGE_F1.o
 .debug_macro   0x000157d7      0x140 ./Application/FLASH_PAGE_F1.o
 .debug_macro   0x00015917      0x8ed ./Application/FLASH_PAGE_F1.o
 .debug_macro   0x00016204      0x28e ./Application/FLASH_PAGE_F1.o
 .debug_macro   0x00016492       0x83 ./Application/FLASH_PAGE_F1.o
 .debug_macro   0x00016515       0x61 ./Application/FLASH_PAGE_F1.o
 .debug_macro   0x00016576       0x24 ./Application/FLASH_PAGE_F1.o
 .debug_macro   0x0001659a       0x43 ./Application/FLASH_PAGE_F1.o
 .debug_macro   0x000165dd       0x34 ./Application/FLASH_PAGE_F1.o
 .debug_macro   0x00016611      0x370 ./Application/FLASH_PAGE_F1.o
 .debug_macro   0x00016981       0x16 ./Application/FLASH_PAGE_F1.o
 .debug_macro   0x00016997       0x4a ./Application/FLASH_PAGE_F1.o
 .debug_macro   0x000169e1       0x34 ./Application/FLASH_PAGE_F1.o
 .debug_macro   0x00016a15       0x10 ./Application/FLASH_PAGE_F1.o
 .debug_macro   0x00016a25       0x58 ./Application/FLASH_PAGE_F1.o
 .debug_macro   0x00016a7d       0x8e ./Application/FLASH_PAGE_F1.o
 .debug_macro   0x00016b0b       0x1c ./Application/FLASH_PAGE_F1.o
 .debug_macro   0x00016b27      0x185 ./Application/FLASH_PAGE_F1.o
 .debug_macro   0x00016cac       0x10 ./Application/FLASH_PAGE_F1.o
 .debug_macro   0x00016cbc       0x3c ./Application/FLASH_PAGE_F1.o
 .debug_macro   0x00016cf8       0x20 ./Application/FLASH_PAGE_F1.o
 .debug_macro   0x00016d18       0x1c ./Application/FLASH_PAGE_F1.o
 .debug_macro   0x00016d34       0x10 ./Application/FLASH_PAGE_F1.o
 .debug_macro   0x00016d44       0x1c ./Application/FLASH_PAGE_F1.o
 .debug_macro   0x00016d60       0x16 ./Application/FLASH_PAGE_F1.o
 .debug_macro   0x00016d76      0x146 ./Application/FLASH_PAGE_F1.o
 .debug_macro   0x00016ebc      0x302 ./Application/calibrate.o
 .debug_macro   0x000171be       0x16 ./Application/calibrate.o
 .debug_macro   0x000171d4       0x16 ./Application/calibrate.o
 .debug_macro   0x000171ea       0x29 ./Application/calibrate.o
 .debug_macro   0x00017213      0x19b ./Application/calibrate.o
 .debug_macro   0x000173ae       0x58 ./Application/calibrate.o
 .debug_macro   0x00017406      0x20d ./Application/calibrate.o
 .debug_macro   0x00017613       0x58 ./Application/calibrate.o
 .debug_macro   0x0001766b       0x16 ./Application/calibrate.o
 .debug_macro   0x00017681       0x10 ./Application/calibrate.o
 .debug_macro   0x00017691       0x10 ./Application/calibrate.o
 .debug_macro   0x000176a1      0x2e4 ./Application/control.o
 .debug_macro   0x00017985      0x2b9 ./Application/steering.o
 .debug_macro   0x00017c3e      0x276 ./Application/timer.o
 .debug_macro   0x00017eb4      0x1d0 ./Application/wheels.o
 .debug_macro   0x00018084       0x10 ./Application/wheels.o
 .debug_macro   0x00018094      0x1e5 ./Drivers/STM32F1xx_HAL_Driver/Src/stm32f1xx_hal.o
 .debug_macro   0x00018279      0x1de ./Drivers/STM32F1xx_HAL_Driver/Src/stm32f1xx_hal_adc.o
 .debug_macro   0x00018457      0x1d0 ./Drivers/STM32F1xx_HAL_Driver/Src/stm32f1xx_hal_can.o
 .debug_macro   0x00018627      0x1c1 ./Drivers/STM32F1xx_HAL_Driver/Src/stm32f1xx_hal_cortex.o
 .debug_macro   0x000187e8      0x1c1 ./Drivers/STM32F1xx_HAL_Driver/Src/stm32f1xx_hal_dma.o
 .debug_macro   0x000189a9      0x1c1 ./Drivers/STM32F1xx_HAL_Driver/Src/stm32f1xx_hal_flash.o
 .debug_macro   0x00018b6a      0x1d3 ./Drivers/STM32F1xx_HAL_Driver/Src/stm32f1xx_hal_flash_ex.o
 .debug_macro   0x00018d3d      0x22c ./Drivers/STM32F1xx_HAL_Driver/Src/stm32f1xx_hal_gpio.o
 .debug_macro   0x00018f69      0x1d3 ./Drivers/STM32F1xx_HAL_Driver/Src/stm32f1xx_hal_rcc.o
 .debug_macro   0x0001913c      0x1c1 ./Drivers/STM32F1xx_HAL_Driver/Src/stm32f1xx_hal_rcc_ex.o
 .debug_macro   0x000192fd      0x1c2 ./Drivers/STM32F1xx_HAL_Driver/Src/stm32f1xx_hal_tim.o
 .debug_macro   0x000194bf      0x1c1 ./Drivers/STM32F1xx_HAL_Driver/Src/stm32f1xx_hal_tim_ex.o
 .debug_macro   0x00019680      0x1c2 ./Drivers/STM32F1xx_HAL_Driver/Src/stm32f1xx_hal_uart.o
 .debug_macro   0x00019842      0x1da ./Src/adc.o
 .debug_macro   0x00019a1c      0x207 ./Src/adc.o
 .debug_macro   0x00019c23      0x1df ./Src/can.o
 .debug_macro   0x00019e02      0x1da ./Src/dma.o
 .debug_macro   0x00019fdc      0x1da ./Src/gpio.o
 .debug_macro   0x0001a1b6      0x346 ./Src/main.o
 .debug_macro   0x0001a4fc       0x5e ./Src/main.o
 .debug_macro   0x0001a55a      0x1d0 ./Src/stm32f1xx_hal_msp.o
 .debug_macro   0x0001a72a      0x1da ./Src/stm32f1xx_it.o
 .debug_macro   0x0001a904      0x1c7 ./Src/system_stm32f1xx.o
 .debug_macro   0x0001aacb      0x1da ./Src/tim.o
 .debug_macro   0x0001aca5      0x1da ./Src/usart.o

.debug_line     0x00000000    0x18e58
 .debug_line    0x00000000      0x9da ./Application/FLASH_PAGE_F1.o
 .debug_line    0x000009da      0x8e0 ./Application/calibrate.o
 .debug_line    0x000012ba      0x821 ./Application/control.o
 .debug_line    0x00001adb      0x936 ./Application/steering.o
 .debug_line    0x00002411      0x7e4 ./Application/timer.o
 .debug_line    0x00002bf5      0x6c3 ./Application/wheels.o
 .debug_line    0x000032b8      0x948 ./Drivers/STM32F1xx_HAL_Driver/Src/stm32f1xx_hal.o
 .debug_line    0x00003c00     0x122d ./Drivers/STM32F1xx_HAL_Driver/Src/stm32f1xx_hal_adc.o
 .debug_line    0x00004e2d     0x1347 ./Drivers/STM32F1xx_HAL_Driver/Src/stm32f1xx_hal_can.o
 .debug_line    0x00006174      0xb8b ./Drivers/STM32F1xx_HAL_Driver/Src/stm32f1xx_hal_cortex.o
 .debug_line    0x00006cff      0xe1a ./Drivers/STM32F1xx_HAL_Driver/Src/stm32f1xx_hal_dma.o
 .debug_line    0x00007b19      0xa60 ./Drivers/STM32F1xx_HAL_Driver/Src/stm32f1xx_hal_flash.o
 .debug_line    0x00008579      0xc3b ./Drivers/STM32F1xx_HAL_Driver/Src/stm32f1xx_hal_flash_ex.o
 .debug_line    0x000091b4      0xae7 ./Drivers/STM32F1xx_HAL_Driver/Src/stm32f1xx_hal_gpio.o
 .debug_line    0x00009c9b      0xfc2 ./Drivers/STM32F1xx_HAL_Driver/Src/stm32f1xx_hal_rcc.o
 .debug_line    0x0000ac5d      0x900 ./Drivers/STM32F1xx_HAL_Driver/Src/stm32f1xx_hal_rcc_ex.o
 .debug_line    0x0000b55d     0x4a0a ./Drivers/STM32F1xx_HAL_Driver/Src/stm32f1xx_hal_tim.o
 .debug_line    0x0000ff67     0x1beb ./Drivers/STM32F1xx_HAL_Driver/Src/stm32f1xx_hal_tim_ex.o
 .debug_line    0x00011b52     0x259e ./Drivers/STM32F1xx_HAL_Driver/Src/stm32f1xx_hal_uart.o
 .debug_line    0x000140f0      0x777 ./Src/adc.o
 .debug_line    0x00014867      0x747 ./Src/can.o
 .debug_line    0x00014fae      0x67b ./Src/dma.o
 .debug_line    0x00015629      0x6a2 ./Src/gpio.o
 .debug_line    0x00015ccb      0xb3f ./Src/main.o
 .debug_line    0x0001680a      0x680 ./Src/stm32f1xx_hal_msp.o
 .debug_line    0x00016e8a      0x785 ./Src/stm32f1xx_it.o
 .debug_line    0x0001760f      0x72c ./Src/system_stm32f1xx.o
 .debug_line    0x00017d3b      0x9b6 ./Src/tim.o
 .debug_line    0x000186f1      0x6ec ./Src/usart.o
 .debug_line    0x00018ddd       0x7b ./Startup/startup_stm32f103rbtx.o

.debug_str      0x00000000    0x93e79
 .debug_str     0x00000000    0x93e79 ./Application/FLASH_PAGE_F1.o
                              0x8dd79 (size before relaxing)
 .debug_str     0x00093e79    0x8ed53 ./Application/calibrate.o
 .debug_str     0x00093e79    0x8eab0 ./Application/control.o
 .debug_str     0x00093e79    0x8e14e ./Application/steering.o
 .debug_str     0x00093e79    0x8dd21 ./Application/timer.o
 .debug_str     0x00093e79    0x8a413 ./Application/wheels.o
 .debug_str     0x00093e79    0x8ab07 ./Drivers/STM32F1xx_HAL_Driver/Src/stm32f1xx_hal.o
 .debug_str     0x00093e79    0x8aaa6 ./Drivers/STM32F1xx_HAL_Driver/Src/stm32f1xx_hal_adc.o
 .debug_str     0x00093e79    0x8abca ./Drivers/STM32F1xx_HAL_Driver/Src/stm32f1xx_hal_can.o
 .debug_str     0x00093e79    0x8aa41 ./Drivers/STM32F1xx_HAL_Driver/Src/stm32f1xx_hal_cortex.o
 .debug_str     0x00093e79    0x8a77d ./Drivers/STM32F1xx_HAL_Driver/Src/stm32f1xx_hal_dma.o
 .debug_str     0x00093e79    0x8a69d ./Drivers/STM32F1xx_HAL_Driver/Src/stm32f1xx_hal_flash.o
 .debug_str     0x00093e79    0x8a84b ./Drivers/STM32F1xx_HAL_Driver/Src/stm32f1xx_hal_flash_ex.o
 .debug_str     0x00093e79    0x8a75a ./Drivers/STM32F1xx_HAL_Driver/Src/stm32f1xx_hal_gpio.o
 .debug_str     0x00093e79    0x8a7f1 ./Drivers/STM32F1xx_HAL_Driver/Src/stm32f1xx_hal_rcc.o
 .debug_str     0x00093e79    0x8a541 ./Drivers/STM32F1xx_HAL_Driver/Src/stm32f1xx_hal_rcc_ex.o
 .debug_str     0x00093e79    0x8b805 ./Drivers/STM32F1xx_HAL_Driver/Src/stm32f1xx_hal_tim.o
 .debug_str     0x00093e79    0x8b011 ./Drivers/STM32F1xx_HAL_Driver/Src/stm32f1xx_hal_tim_ex.o
 .debug_str     0x00093e79    0x8ae62 ./Drivers/STM32F1xx_HAL_Driver/Src/stm32f1xx_hal_uart.o
 .debug_str     0x00093e79    0x8b24d ./Src/adc.o
 .debug_str     0x00093e79    0x8b6c1 ./Src/can.o
 .debug_str     0x00093e79    0x8b0e0 ./Src/dma.o
 .debug_str     0x00093e79    0x8ae82 ./Src/gpio.o
 .debug_str     0x00093e79    0x8f811 ./Src/main.o
 .debug_str     0x00093e79    0x8ae0a ./Src/stm32f1xx_hal_msp.o
 .debug_str     0x00093e79    0x8b85d ./Src/stm32f1xx_it.o
 .debug_str     0x00093e79    0x8a421 ./Src/system_stm32f1xx.o
 .debug_str     0x00093e79    0x8ba1a ./Src/tim.o
 .debug_str     0x00093e79    0x8b5e5 ./Src/usart.o
 .debug_str     0x00093e79       0x92 ./Startup/startup_stm32f103rbtx.o

.comment        0x00000000       0x43
 .comment       0x00000000       0x43 ./Application/FLASH_PAGE_F1.o
                                 0x44 (size before relaxing)
 .comment       0x00000043       0x44 ./Application/calibrate.o
 .comment       0x00000043       0x44 ./Application/control.o
 .comment       0x00000043       0x44 ./Application/steering.o
 .comment       0x00000043       0x44 ./Application/timer.o
 .comment       0x00000043       0x44 ./Application/wheels.o
 .comment       0x00000043       0x44 ./Drivers/STM32F1xx_HAL_Driver/Src/stm32f1xx_hal.o
 .comment       0x00000043       0x44 ./Drivers/STM32F1xx_HAL_Driver/Src/stm32f1xx_hal_adc.o
 .comment       0x00000043       0x44 ./Drivers/STM32F1xx_HAL_Driver/Src/stm32f1xx_hal_can.o
 .comment       0x00000043       0x44 ./Drivers/STM32F1xx_HAL_Driver/Src/stm32f1xx_hal_cortex.o
 .comment       0x00000043       0x44 ./Drivers/STM32F1xx_HAL_Driver/Src/stm32f1xx_hal_dma.o
 .comment       0x00000043       0x44 ./Drivers/STM32F1xx_HAL_Driver/Src/stm32f1xx_hal_flash.o
 .comment       0x00000043       0x44 ./Drivers/STM32F1xx_HAL_Driver/Src/stm32f1xx_hal_flash_ex.o
 .comment       0x00000043       0x44 ./Drivers/STM32F1xx_HAL_Driver/Src/stm32f1xx_hal_gpio.o
 .comment       0x00000043       0x44 ./Drivers/STM32F1xx_HAL_Driver/Src/stm32f1xx_hal_rcc.o
 .comment       0x00000043       0x44 ./Drivers/STM32F1xx_HAL_Driver/Src/stm32f1xx_hal_rcc_ex.o
 .comment       0x00000043       0x44 ./Drivers/STM32F1xx_HAL_Driver/Src/stm32f1xx_hal_tim.o
 .comment       0x00000043       0x44 ./Drivers/STM32F1xx_HAL_Driver/Src/stm32f1xx_hal_tim_ex.o
 .comment       0x00000043       0x44 ./Drivers/STM32F1xx_HAL_Driver/Src/stm32f1xx_hal_uart.o
 .comment       0x00000043       0x44 ./Src/adc.o
 .comment       0x00000043       0x44 ./Src/can.o
 .comment       0x00000043       0x44 ./Src/dma.o
 .comment       0x00000043       0x44 ./Src/gpio.o
 .comment       0x00000043       0x44 ./Src/main.o
 .comment       0x00000043       0x44 ./Src/stm32f1xx_hal_msp.o
 .comment       0x00000043       0x44 ./Src/stm32f1xx_it.o
 .comment       0x00000043       0x44 ./Src/system_stm32f1xx.o
 .comment       0x00000043       0x44 ./Src/tim.o
 .comment       0x00000043       0x44 ./Src/usart.o

.debug_frame    0x00000000     0x48fc
 .debug_frame   0x00000000      0x148 ./Application/FLASH_PAGE_F1.o
 .debug_frame   0x00000148       0x50 ./Application/calibrate.o
 .debug_frame   0x00000198       0x34 ./Application/control.o
 .debug_frame   0x000001cc       0xb4 ./Application/steering.o
 .debug_frame   0x00000280       0x84 ./Application/timer.o
 .debug_frame   0x00000304       0x34 ./Application/wheels.o
 .debug_frame   0x00000338      0x334 ./Drivers/STM32F1xx_HAL_Driver/Src/stm32f1xx_hal.o
 .debug_frame   0x0000066c      0x408 ./Drivers/STM32F1xx_HAL_Driver/Src/stm32f1xx_hal_adc.o
 .debug_frame   0x00000a74      0x58c ./Drivers/STM32F1xx_HAL_Driver/Src/stm32f1xx_hal_can.o
 .debug_frame   0x00001000      0x424 ./Drivers/STM32F1xx_HAL_Driver/Src/stm32f1xx_hal_cortex.o
 .debug_frame   0x00001424      0x200 ./Drivers/STM32F1xx_HAL_Driver/Src/stm32f1xx_hal_dma.o
 .debug_frame   0x00001624      0x20c ./Drivers/STM32F1xx_HAL_Driver/Src/stm32f1xx_hal_flash.o
 .debug_frame   0x00001830      0x254 ./Drivers/STM32F1xx_HAL_Driver/Src/stm32f1xx_hal_flash_ex.o
 .debug_frame   0x00001a84      0x138 ./Drivers/STM32F1xx_HAL_Driver/Src/stm32f1xx_hal_gpio.o
 .debug_frame   0x00001bbc      0x214 ./Drivers/STM32F1xx_HAL_Driver/Src/stm32f1xx_hal_rcc.o
 .debug_frame   0x00001dd0       0x80 ./Drivers/STM32F1xx_HAL_Driver/Src/stm32f1xx_hal_rcc_ex.o
 .debug_frame   0x00001e50     0x11b0 ./Drivers/STM32F1xx_HAL_Driver/Src/stm32f1xx_hal_tim.o
 .debug_frame   0x00003000      0x624 ./Drivers/STM32F1xx_HAL_Driver/Src/stm32f1xx_hal_tim_ex.o
 .debug_frame   0x00003624      0x938 ./Drivers/STM32F1xx_HAL_Driver/Src/stm32f1xx_hal_uart.o
 .debug_frame   0x00003f5c       0x7c ./Src/adc.o
 .debug_frame   0x00003fd8       0xc0 ./Src/can.o
 .debug_frame   0x00004098       0x34 ./Src/dma.o
 .debug_frame   0x000040cc       0x34 ./Src/gpio.o
 .debug_frame   0x00004100      0x130 ./Src/main.o
 .debug_frame   0x00004230       0x38 ./Src/stm32f1xx_hal_msp.o
 .debug_frame   0x00004268      0x130 ./Src/stm32f1xx_it.o
 .debug_frame   0x00004398       0x58 ./Src/system_stm32f1xx.o
 .debug_frame   0x000043f0      0x15c ./Src/tim.o
 .debug_frame   0x0000454c       0x74 ./Src/usart.o
 .debug_frame   0x000045c0       0x20 /opt/st/stm32cubeide_1.16.0/plugins/com.st.stm32cube.ide.mcu.externaltools.gnu-tools-for-stm32.13.3.rel1.linux64_1.0.0.202410170706/tools/bin/../lib/gcc/arm-none-eabi/13.3.1/../../../../arm-none-eabi/lib/thumb/v7-m/nofp/libc_nano.a(libc_a-memset.o)
 .debug_frame   0x000045e0       0x2c /opt/st/stm32cubeide_1.16.0/plugins/com.st.stm32cube.ide.mcu.externaltools.gnu-tools-for-stm32.13.3.rel1.linux64_1.0.0.202410170706/tools/bin/../lib/gcc/arm-none-eabi/13.3.1/../../../../arm-none-eabi/lib/thumb/v7-m/nofp/libc_nano.a(libc_a-init.o)
 .debug_frame   0x0000460c       0xac /opt/st/stm32cubeide_1.16.0/plugins/com.st.stm32cube.ide.mcu.externaltools.gnu-tools-for-stm32.13.3.rel1.linux64_1.0.0.202410170706/tools/bin/../lib/gcc/arm-none-eabi/13.3.1/thumb/v7-m/nofp/libgcc.a(_arm_addsubdf3.o)
 .debug_frame   0x000046b8       0x50 /opt/st/stm32cubeide_1.16.0/plugins/com.st.stm32cube.ide.mcu.externaltools.gnu-tools-for-stm32.13.3.rel1.linux64_1.0.0.202410170706/tools/bin/../lib/gcc/arm-none-eabi/13.3.1/thumb/v7-m/nofp/libgcc.a(_arm_muldivdf3.o)
 .debug_frame   0x00004708       0x24 /opt/st/stm32cubeide_1.16.0/plugins/com.st.stm32cube.ide.mcu.externaltools.gnu-tools-for-stm32.13.3.rel1.linux64_1.0.0.202410170706/tools/bin/../lib/gcc/arm-none-eabi/13.3.1/thumb/v7-m/nofp/libgcc.a(_arm_fixdfsi.o)
 .debug_frame   0x0000472c       0x4c /opt/st/stm32cubeide_1.16.0/plugins/com.st.stm32cube.ide.mcu.externaltools.gnu-tools-for-stm32.13.3.rel1.linux64_1.0.0.202410170706/tools/bin/../lib/gcc/arm-none-eabi/13.3.1/thumb/v7-m/nofp/libgcc.a(_arm_addsubsf3.o)
 .debug_frame   0x00004778       0x38 /opt/st/stm32cubeide_1.16.0/plugins/com.st.stm32cube.ide.mcu.externaltools.gnu-tools-for-stm32.13.3.rel1.linux64_1.0.0.202410170706/tools/bin/../lib/gcc/arm-none-eabi/13.3.1/thumb/v7-m/nofp/libgcc.a(_arm_muldivsf3.o)
 .debug_frame   0x000047b0       0xc8 /opt/st/stm32cubeide_1.16.0/plugins/com.st.stm32cube.ide.mcu.externaltools.gnu-tools-for-stm32.13.3.rel1.linux64_1.0.0.202410170706/tools/bin/../lib/gcc/arm-none-eabi/13.3.1/thumb/v7-m/nofp/libgcc.a(_arm_cmpsf2.o)
 .debug_frame   0x00004878       0x24 /opt/st/stm32cubeide_1.16.0/plugins/com.st.stm32cube.ide.mcu.externaltools.gnu-tools-for-stm32.13.3.rel1.linux64_1.0.0.202410170706/tools/bin/../lib/gcc/arm-none-eabi/13.3.1/thumb/v7-m/nofp/libgcc.a(_arm_fixsfsi.o)
 .debug_frame   0x0000489c       0x2c /opt/st/stm32cubeide_1.16.0/plugins/com.st.stm32cube.ide.mcu.externaltools.gnu-tools-for-stm32.13.3.rel1.linux64_1.0.0.202410170706/tools/bin/../lib/gcc/arm-none-eabi/13.3.1/thumb/v7-m/nofp/libgcc.a(_aeabi_uldivmod.o)
 .debug_frame   0x000048c8       0x34 /opt/st/stm32cubeide_1.16.0/plugins/com.st.stm32cube.ide.mcu.externaltools.gnu-tools-for-stm32.13.3.rel1.linux64_1.0.0.202410170706/tools/bin/../lib/gcc/arm-none-eabi/13.3.1/thumb/v7-m/nofp/libgcc.a(_udivmoddi4.o)

.debug_line_str
                0x00000000       0x76
 .debug_line_str
                0x00000000       0x76 ./Startup/startup_stm32f103rbtx.o
