../Core/Src/main.c:121:5:main	48	static
../Core/Src/main.c:232:6:SystemClock_Config	96	static
../Core/Src/main.c:282:13:MX_ADC3_Init	32	static
../Core/Src/main.c:340:13:MX_CAN1_Init	8	static
../Core/Src/main.c:377:13:MX_COMP2_Init	8	static
../Core/Src/main.c:411:13:MX_I2C2_Init	8	static
../Core/Src/main.c:459:13:MX_SPI2_Init	8	static
../Core/Src/main.c:499:13:MX_SPI3_Init	8	static
../Core/Src/main.c:538:13:MX_SWPMI1_Init	8	static
../Core/Src/main.c:568:13:MX_TIM1_Init	56	static
../Core/Src/main.c:619:13:MX_TIM3_Init	64	static
../Core/Src/main.c:690:13:MX_TIM6_Init	24	static
../Core/Src/main.c:728:13:MX_TIM7_Init	24	static
../Core/Src/main.c:766:13:MX_TIM8_Init	112	static
../Core/Src/main.c:858:13:MX_UART4_Init	8	static
../Core/Src/main.c:893:13:MX_UART5_Init	8	static
../Core/Src/main.c:928:13:MX_USART1_UART_Init	8	static
../Core/Src/main.c:963:13:MX_USART2_UART_Init	8	static
../Core/Src/main.c:998:13:MX_USART3_UART_Init	8	static
../Core/Src/main.c:1033:13:MX_GPIO_Init	48	static
../Core/Src/main.c:1078:6:StartDefaultTask	16	static
../Core/Src/main.c:1095:6:Error_Handler	4	static,ignoring_inline_asm
