../Core/Src/main.c:135:5:main	128	static
../Core/Src/main.c:251:6:SystemClock_Config	96	static
../Core/Src/main.c:301:13:MX_ADC3_Init	32	static
../Core/Src/main.c:359:13:MX_CAN1_Init	8	static
../Core/Src/main.c:396:13:MX_COMP2_Init	8	static
../Core/Src/main.c:430:13:MX_I2C2_Init	8	static
../Core/Src/main.c:478:13:MX_SPI2_Init	8	static
../Core/Src/main.c:518:13:MX_SPI3_Init	8	static
../Core/Src/main.c:557:13:MX_SWPMI1_Init	8	static
../Core/Src/main.c:587:13:MX_TIM1_Init	56	static
../Core/Src/main.c:638:13:MX_TIM3_Init	64	static
../Core/Src/main.c:709:13:MX_TIM6_Init	24	static
../Core/Src/main.c:747:13:MX_TIM7_Init	24	static
../Core/Src/main.c:785:13:MX_TIM8_Init	112	static
../Core/Src/main.c:877:13:MX_UART4_Init	8	static
../Core/Src/main.c:912:13:MX_UART5_Init	8	static
../Core/Src/main.c:947:13:MX_USART1_UART_Init	8	static
../Core/Src/main.c:982:13:MX_USART2_UART_Init	8	static
../Core/Src/main.c:1017:13:MX_USART3_UART_Init	8	static
../Core/Src/main.c:1052:13:MX_GPIO_Init	48	static
../Core/Src/main.c:1087:6:IMU_Receive_Transmit_Data	8	static
../Core/Src/main.c:1092:6:GetData_GPS	8	static
../Core/Src/main.c:1098:6:HAL_UART_TxCpltCallback	16	static
../Core/Src/main.c:1135:6:HAL_UART_RxCpltCallback	16	static
../Core/Src/main.c:1169:6:Transmit_data_to_usb	32	static
../Core/Src/main.c:1204:6:StartUart	16	static
../Core/Src/main.c:1221:6:StartSPI	16	static
../Core/Src/main.c:1232:6:StartBatterie	16	static
../Core/Src/main.c:1243:6:StartCAN	16	static
../Core/Src/main.c:1254:6:StartLidar	16	static
../Core/Src/main.c:1265:6:StartGPS	16	static
../Core/Src/main.c:1277:6:StartIMU	16	static
../Core/Src/main.c:1290:6:StartI2C	16	static
../Core/Src/main.c:1311:6:StartDefaultTask	16	static
../Core/Src/main.c:1328:6:Error_Handler	4	static,ignoring_inline_asm
