../Core/Src/stm32l4xx_hal_msp.c:65:6:HAL_MspInit	16	static
../Core/Src/stm32l4xx_hal_msp.c:89:6:HAL_ADC_MspInit	184	static
../Core/Src/stm32l4xx_hal_msp.c:142:6:HAL_ADC_MspDeInit	16	static
../Core/Src/stm32l4xx_hal_msp.c:172:6:HAL_CAN_MspInit	48	static
../Core/Src/stm32l4xx_hal_msp.c:208:6:HAL_CAN_MspDeInit	16	static
../Core/Src/stm32l4xx_hal_msp.c:237:6:HAL_COMP_MspInit	40	static
../Core/Src/stm32l4xx_hal_msp.c:269:6:HAL_COMP_MspDeInit	16	static
../Core/Src/stm32l4xx_hal_msp.c:296:6:HAL_I2C_MspInit	184	static
../Core/Src/stm32l4xx_hal_msp.c:342:6:HAL_I2C_MspDeInit	16	static
../Core/Src/stm32l4xx_hal_msp.c:373:6:HAL_SPI_MspInit	64	static
../Core/Src/stm32l4xx_hal_msp.c:451:6:HAL_SPI_MspDeInit	16	static
../Core/Src/stm32l4xx_hal_msp.c:504:6:HAL_SWPMI_MspInit	184	static
../Core/Src/stm32l4xx_hal_msp.c:550:6:HAL_SWPMI_MspDeInit	16	static
../Core/Src/stm32l4xx_hal_msp.c:578:6:HAL_TIM_Encoder_MspInit	48	static
../Core/Src/stm32l4xx_hal_msp.c:614:6:HAL_TIM_Base_MspInit	32	static
../Core/Src/stm32l4xx_hal_msp.c:663:6:HAL_TIM_MspPostInit	48	static
../Core/Src/stm32l4xx_hal_msp.c:729:6:HAL_TIM_Encoder_MspDeInit	16	static
../Core/Src/stm32l4xx_hal_msp.c:758:6:HAL_TIM_Base_MspDeInit	16	static
../Core/Src/stm32l4xx_hal_msp.c:813:6:HAL_UART_MspInit	224	static
../Core/Src/stm32l4xx_hal_msp.c:1021:6:HAL_UART_MspDeInit	16	static
