../Src/stm32f1xx_it.c:76:6:SVC_Handler	4	static
../Src/stm32f1xx_it.c:89:6:PendSV_Handler	4	static
../Src/stm32f1xx_it.c:102:6:SysTick_Handler	8	static
../Src/stm32f1xx_it.c:123:6:DMA1_Channel1_IRQHandler	8	static
../Src/stm32f1xx_it.c:137:6:USB_LP_CAN1_RX0_IRQHandler	8	static
../Src/stm32f1xx_it.c:151:6:TIM2_IRQHandler	8	static
../Src/stm32f1xx_it.c:165:6:TIM3_IRQHandler	8	static
../Src/stm32f1xx_it.c:179:6:TIM4_IRQHandler	8	static
../Src/stm32f1xx_it.c:193:6:USART2_IRQHandler	8	static
../Src/stm32f1xx_it.c:206:6:EXTI9_5_IRQHandler	8	static
