../Src/stm32f1xx_it.c:77:6:SVC_Handler	4	static
../Src/stm32f1xx_it.c:90:6:PendSV_Handler	4	static
../Src/stm32f1xx_it.c:103:6:SysTick_Handler	8	static
../Src/stm32f1xx_it.c:141:6:DMA1_Channel1_IRQHandler	8	static
../Src/stm32f1xx_it.c:155:6:USB_LP_CAN1_RX0_IRQHandler	8	static
../Src/stm32f1xx_it.c:169:6:TIM2_IRQHandler	8	static
../Src/stm32f1xx_it.c:183:6:TIM3_IRQHandler	8	static
../Src/stm32f1xx_it.c:197:6:TIM4_IRQHandler	8	static
../Src/stm32f1xx_it.c:211:6:USART2_IRQHandler	8	static
../Src/stm32f1xx_it.c:224:6:EXTI9_5_IRQHandler	8	static
