../Application/application.c:26:6:Tasks_Init	104	static
../Application/application.c:54:6:IMU_Receive_Transmit_Data	8	static
../Application/application.c:59:6:GetData_GPS	8	static
../Application/application.c:65:6:LIDAR_Receive_Transmit_Data	128	static
../Application/application.c:81:6:HAL_UART_TxCpltCallback	16	static
../Application/application.c:87:6:HAL_UART_RxCpltCallback	16	static
../Application/application.c:126:6:Transmit_data_to_usb	24	static
../Application/application.c:166:6:StartUart	24	static
../Application/application.c:187:6:StartIMU	24	static
../Application/application.c:207:6:StartGPS	24	static
../Application/application.c:228:6:StartSPI	16	static
../Application/application.c:239:6:StartBatterie	16	static
../Application/application.c:250:6:StartCAN	16	static
../Application/application.c:261:6:StartLidar	24	static
