../Application/application.c:31:6:Tasks_Init	104	static
../Application/application.c:59:6:IMU_Receive_Transmit_Data	8	static
../Application/application.c:64:6:GetData_GPS	8	static
../Application/application.c:70:6:LIDAR_Receive_Transmit_Data	128	static
../Application/application.c:86:6:HAL_UART_TxCpltCallback	24	static
../Application/application.c:105:6:HAL_UART_RxCpltCallback	16	static
../Application/application.c:146:6:Transmit_data_to_usb	24	static
../Application/application.c:165:6:StartUart	32	static
../Application/application.c:189:6:StartIMU	24	static
../Application/application.c:209:6:StartGPS	24	static
../Application/application.c:230:6:StartSPI	16	static
../Application/application.c:241:6:StartBatterie	16	static
../Application/application.c:252:6:StartCAN	16	static
../Application/application.c:263:6:StartLidar	24	static
